Component: ARM Compiler 5.06 update 5 (build 528) Tool: armlink [4d35e2]

==============================================================================

Section Cross References

    startup_stm32f103xe.o(RESET) refers to startup_stm32f103xe.o(STACK) for __initial_sp
    startup_stm32f103xe.o(RESET) refers to startup_stm32f103xe.o(.text) for Reset_Handler
    startup_stm32f103xe.o(RESET) refers to stm32f1xx_it.o(i.NMI_Handler) for NMI_Handler
    startup_stm32f103xe.o(RESET) refers to stm32f1xx_it.o(i.HardFault_Handler) for HardFault_Handler
    startup_stm32f103xe.o(RESET) refers to stm32f1xx_it.o(i.MemManage_Handler) for MemManage_Handler
    startup_stm32f103xe.o(RESET) refers to stm32f1xx_it.o(i.BusFault_Handler) for BusFault_Handler
    startup_stm32f103xe.o(RESET) refers to stm32f1xx_it.o(i.UsageFault_Handler) for UsageFault_Handler
    startup_stm32f103xe.o(RESET) refers to port_1.o(.emb_text) for SVC_Handler
    startup_stm32f103xe.o(RESET) refers to stm32f1xx_it.o(i.DebugMon_Handler) for DebugMon_Handler
    startup_stm32f103xe.o(RESET) refers to port_1.o(i.SysTick_Handler) for SysTick_Handler
    startup_stm32f103xe.o(RESET) refers to stm32f1xx_it.o(i.EXTI3_IRQHandler) for EXTI3_IRQHandler
    startup_stm32f103xe.o(RESET) refers to stm32f1xx_it.o(i.TIM2_IRQHandler) for TIM2_IRQHandler
    startup_stm32f103xe.o(RESET) refers to stm32f1xx_it.o(i.TIM3_IRQHandler) for TIM3_IRQHandler
    startup_stm32f103xe.o(RESET) refers to stm32f1xx_it.o(i.USART2_IRQHandler) for USART2_IRQHandler
    startup_stm32f103xe.o(RESET) refers to stm32f1xx_it.o(i.TIM7_IRQHandler) for TIM7_IRQHandler
    startup_stm32f103xe.o(.text) refers to system_stm32f1xx.o(i.SystemInit) for SystemInit
    startup_stm32f103xe.o(.text) refers to entry.o(.ARM.Collect$$$$00000000) for __main
    mbfunccoils.o(i.eMBFuncReadCoils) refers to freertos.o(i.eMBRegCoilsCB) for eMBRegCoilsCB
    mbfunccoils.o(i.eMBFuncReadCoils) refers to mbutils.o(i.prveMBError2Exception) for prveMBError2Exception
    mbfunccoils.o(i.eMBFuncWriteCoil) refers to freertos.o(i.eMBRegCoilsCB) for eMBRegCoilsCB
    mbfunccoils.o(i.eMBFuncWriteCoil) refers to mbutils.o(i.prveMBError2Exception) for prveMBError2Exception
    mbfunccoils.o(i.eMBFuncWriteMultipleCoils) refers to freertos.o(i.eMBRegCoilsCB) for eMBRegCoilsCB
    mbfunccoils.o(i.eMBFuncWriteMultipleCoils) refers to mbutils.o(i.prveMBError2Exception) for prveMBError2Exception
    mbfuncdisc.o(i.eMBFuncReadDiscreteInputs) refers to freertos.o(i.eMBRegDiscreteCB) for eMBRegDiscreteCB
    mbfuncdisc.o(i.eMBFuncReadDiscreteInputs) refers to mbutils.o(i.prveMBError2Exception) for prveMBError2Exception
    mbfuncholding.o(i.eMBFuncReadHoldingRegister) refers to freertos.o(i.eMBRegHoldingCB) for eMBRegHoldingCB
    mbfuncholding.o(i.eMBFuncReadHoldingRegister) refers to mbutils.o(i.prveMBError2Exception) for prveMBError2Exception
    mbfuncholding.o(i.eMBFuncReadWriteMultipleHoldingRegister) refers to freertos.o(i.eMBRegHoldingCB) for eMBRegHoldingCB
    mbfuncholding.o(i.eMBFuncReadWriteMultipleHoldingRegister) refers to mbutils.o(i.prveMBError2Exception) for prveMBError2Exception
    mbfuncholding.o(i.eMBFuncWriteHoldingRegister) refers to freertos.o(i.eMBRegHoldingCB) for eMBRegHoldingCB
    mbfuncholding.o(i.eMBFuncWriteHoldingRegister) refers to mbutils.o(i.prveMBError2Exception) for prveMBError2Exception
    mbfuncholding.o(i.eMBFuncWriteMultipleHoldingRegister) refers to freertos.o(i.eMBRegHoldingCB) for eMBRegHoldingCB
    mbfuncholding.o(i.eMBFuncWriteMultipleHoldingRegister) refers to mbutils.o(i.prveMBError2Exception) for prveMBError2Exception
    mbfuncinput.o(i.eMBFuncReadInputRegister) refers to freertos.o(i.eMBRegInputCB) for eMBRegInputCB
    mbfuncinput.o(i.eMBFuncReadInputRegister) refers to mbutils.o(i.prveMBError2Exception) for prveMBError2Exception
    mbfuncother.o(i.eMBFuncReportSlaveID) refers to memcpya.o(.text) for __aeabi_memcpy
    mbfuncother.o(i.eMBFuncReportSlaveID) refers to mbfuncother.o(.data) for usMBSlaveIDLen
    mbfuncother.o(i.eMBFuncReportSlaveID) refers to mbfuncother.o(.bss) for ucMBSlaveID
    mbfuncother.o(i.eMBSetSlaveID) refers to memcpya.o(.text) for __aeabi_memcpy
    mbfuncother.o(i.eMBSetSlaveID) refers to mbfuncother.o(.data) for usMBSlaveIDLen
    mbfuncother.o(i.eMBSetSlaveID) refers to mbfuncother.o(.bss) for ucMBSlaveID
    mbcrc.o(i.usMBCRC16) refers to mbcrc.o(.constdata) for aucCRCHi
    mbrtu.o(i.eMBRTUInit) refers to portserial.o(i.xMBPortSerialInit) for xMBPortSerialInit
    mbrtu.o(i.eMBRTUInit) refers to porttimer.o(i.xMBPortTimersInit) for xMBPortTimersInit
    mbrtu.o(i.eMBRTUReceive) refers to mbcrc.o(i.usMBCRC16) for usMBCRC16
    mbrtu.o(i.eMBRTUReceive) refers to mbrtu.o(.data) for usRcvBufferPos
    mbrtu.o(i.eMBRTUReceive) refers to mbrtu.o(.bss) for ucRTUBuf
    mbrtu.o(i.eMBRTUSend) refers to mbcrc.o(i.usMBCRC16) for usMBCRC16
    mbrtu.o(i.eMBRTUSend) refers to portserial.o(i.vMBPortSerialEnable) for vMBPortSerialEnable
[...]
    .text                                    0x08000244   Section        0  memseta.o(.text)
    .text                                    0x08000268   Section        0  dadd.o(.text)
    .text                                    0x080003b6   Section        0  dmul.o(.text)
    .text                                    0x0800049a   Section        0  ddiv.o(.text)
    .text                                    0x08000578   Section        0  dfltui.o(.text)
    .text                                    0x08000592   Section        0  dfixui.o(.text)
    .text                                    0x080005c4   Section        0  llshl.o(.text)
    .text                                    0x080005e2   Section        0  llsshr.o(.text)
    .text                                    0x08000606   Section        0  iusefp.o(.text)
    .text                                    0x08000606   Section        0  depilogue.o(.text)
    .text                                    0x080006c0   Section       36  init.o(.text)
    .text                                    0x080006e4   Section        0  __dczerorl2.o(.text)
    i.BusFault_Handler                       0x0800073a   Section        0  stm32f1xx_it.o(i.BusFault_Handler)
    i.DebugMon_Handler                       0x0800073e   Section        0  stm32f1xx_it.o(i.DebugMon_Handler)
    i.EXTI3_IRQHandler                       0x08000740   Section        0  stm32f1xx_it.o(i.EXTI3_IRQHandler)
    i.Error_Handler                          0x0800074a   Section        0  main.o(i.Error_Handler)
    i.FLASH_WriteSettings                    0x0800074c   Section        0  main.o(i.FLASH_WriteSettings)
    i.Flash_ReadParams                       0x08000782   Section        0  main.o(i.Flash_ReadParams)
    i.HAL_CAN_Init                           0x080007a2   Section        0  stm32f1xx_hal_can.o(i.HAL_CAN_Init)
    i.HAL_CAN_MspInit                        0x08000918   Section        0  can.o(i.HAL_CAN_MspInit)
    i.HAL_DMA_Abort_IT                       0x080009b8   Section        0  stm32f1xx_hal_dma.o(i.HAL_DMA_Abort_IT)
    i.HAL_GPIO_EXTI_Callback                 0x08000b60   Section        0  freertos.o(i.HAL_GPIO_EXTI_Callback)
    i.HAL_GPIO_EXTI_IRQHandler               0x08000b90   Section        0  stm32f1xx_hal_gpio.o(i.HAL_GPIO_EXTI_IRQHandler)
    i.HAL_GPIO_Init                          0x08000bac   Section        0  stm32f1xx_hal_gpio.o(i.HAL_GPIO_Init)
    i.HAL_GPIO_WritePin                      0x08000eec   Section        0  stm32f1xx_hal_gpio.o(i.HAL_GPIO_WritePin)
    i.HAL_GetTick                            0x08000ef8   Section        0  stm32f1xx_hal.o(i.HAL_GetTick)
    i.HAL_IncTick                            0x08000f04   Section        0  stm32f1xx_hal.o(i.HAL_IncTick)
    i.HAL_Init                               0x08000f1c   Section        0  stm32f1xx_hal.o(i.HAL_Init)
    i.HAL_InitTick                           0x08000f44   Section        0  stm32f1xx_hal_timebase_tim.o(i.HAL_InitTick)
    i.HAL_MspInit                            0x08000fcc   Section        0  stm32f1xx_hal_msp.o(i.HAL_MspInit)
    i.HAL_NVIC_EnableIRQ                     0x0800102c   Section        0  stm32f1xx_hal_cortex.o(i.HAL_NVIC_EnableIRQ)
    i.HAL_NVIC_SetPriority                   0x0800104c   Section        0  stm32f1xx_hal_cortex.o(i.HAL_NVIC_SetPriority)
    i.HAL_NVIC_SetPriorityGrouping           0x080010c8   Section        0  stm32f1xx_hal_cortex.o(i.HAL_NVIC_SetPriorityGrouping)
    i.HAL_RCC_ClockConfig                    0x080010f0   Section        0  stm32f1xx_hal_rcc.o(i.HAL_RCC_ClockConfig)
    i.HAL_RCC_GetClockConfig                 0x0800127c   Section        0  stm32f1xx_hal_rcc.o(i.HAL_RCC_GetClockConfig)
    i.HAL_RCC_GetHCLKFreq                    0x080012c0   Section        0  stm32f1xx_hal_rcc.o(i.HAL_RCC_GetHCLKFreq)
    i.HAL_RCC_GetPCLK1Freq                   0x080012cc   Section        0  stm32f1xx_hal_rcc.o(i.HAL_RCC_GetPCLK1Freq)
    i.HAL_RCC_GetPCLK2Freq                   0x080012ec   Section        0  stm32f1xx_hal_rcc.o(i.HAL_RCC_GetPCLK2Freq)
    i.HAL_RCC_GetSysClockFreq                0x0800130c   Section        0  stm32f1xx_hal_rcc.o(i.HAL_RCC_GetSysClockFreq)
    i.HAL_RCC_OscConfig                      0x080013a4   Section        0  stm32f1xx_hal_rcc.o(i.HAL_RCC_OscConfig)
    i.HAL_TIMEx_BreakCallback                0x08001808   Section        0  stm32f1xx_hal_tim_ex.o(i.HAL_TIMEx_BreakCallback)
    i.HAL_TIMEx_CommutCallback               0x0800180a   Section        0  stm32f1xx_hal_tim_ex.o(i.HAL_TIMEx_CommutCallback)
    i.HAL_TIMEx_MasterConfigSynchronization  0x0800180c   Section        0  stm32f1xx_hal_tim_ex.o(i.HAL_TIMEx_MasterConfigSynchronization)
    i.HAL_TIM_Base_Init                      0x08001860   Section        0  stm32f1xx_hal_tim.o(i.HAL_TIM_Base_Init)
    i.HAL_TIM_Base_MspInit                   0x08001894   Section        0  tim.o(i.HAL_TIM_Base_MspInit)
    i.HAL_TIM_Base_Start_IT                  0x0800190c   Section        0  stm32f1xx_hal_tim.o(i.HAL_TIM_Base_Start_IT)
    i.HAL_TIM_Base_Stop_IT                   0x08001936   Section        0  stm32f1xx_hal_tim.o(i.HAL_TIM_Base_Stop_IT)
    i.HAL_TIM_ConfigClockSource              0x0800196e   Section        0  stm32f1xx_hal_tim.o(i.HAL_TIM_ConfigClockSource)
    i.HAL_TIM_IC_CaptureCallback             0x08001a76   Section        0  stm32f1xx_hal_tim.o(i.HAL_TIM_IC_CaptureCallback)
    i.HAL_TIM_IRQHandler                     0x08001a78   Section        0  stm32f1xx_hal_tim.o(i.HAL_TIM_IRQHandler)
    i.HAL_TIM_MspPostInit                    0x08001c10   Section        0  tim.o(i.HAL_TIM_MspPostInit)
    i.HAL_TIM_OC_DelayElapsedCallback        0x08001c80   Section        0  stm32f1xx_hal_tim.o(i.HAL_TIM_OC_DelayElapsedCallback)
    i.HAL_TIM_OnePulse_Init                  0x08001c82   Section        0  stm32f1xx_hal_tim.o(i.HAL_TIM_OnePulse_Init)
    i.HAL_TIM_OnePulse_MspInit               0x08001cce   Section        0  stm32f1xx_hal_tim.o(i.HAL_TIM_OnePulse_MspInit)
    i.HAL_TIM_PWM_ConfigChannel              0x08001cd0   Section        0  stm32f1xx_hal_tim.o(i.HAL_TIM_PWM_ConfigChannel)
    i.HAL_TIM_PWM_Init                       0x08001dd8   Section        0  stm32f1xx_hal_tim.o(i.HAL_TIM_PWM_Init)
    i.HAL_TIM_PWM_MspInit                    0x08001e0c   Section        0  stm32f1xx_hal_tim.o(i.HAL_TIM_PWM_MspInit)
    i.HAL_TIM_PWM_PulseFinishedCallback      0x08001e0e   Section        0  stm32f1xx_hal_tim.o(i.HAL_TIM_PWM_PulseFinishedCallback)
    i.HAL_TIM_PWM_Start                      0x08001e10   Section        0  stm32f1xx_hal_tim.o(i.HAL_TIM_PWM_Start)
    i.HAL_TIM_PeriodElapsedCallback          0x08001e68   Section        0  main.o(i.HAL_TIM_PeriodElapsedCallback)
    i.HAL_TIM_TriggerCallback                0x08001e80   Section        0  stm32f1xx_hal_tim.o(i.HAL_TIM_TriggerCallback)
    i.HAL_UART_ErrorCallback                 0x08001e82   Section        0  stm32f1xx_hal_uart.o(i.HAL_UART_ErrorCallback)
    i.HAL_UART_IRQHandler                    0x08001e84   Section        0  stm32f1xx_hal_uart.o(i.HAL_UART_IRQHandler)
    i.HAL_UART_Init                          0x08001fd0   Section        0  stm32f1xx_hal_uart.o(i.HAL_UART_Init)
    i.HAL_UART_MspInit                       0x08002044   Section        0  usart.o(i.HAL_UART_MspInit)
    i.HAL_UART_RxCpltCallback                0x080020d8   Section        0  stm32f1xx_hal_uart.o(i.HAL_UART_RxCpltCallback)
    i.HAL_UART_Transmit                      0x080020da   Section        0  stm32f1xx_hal_uart.o(i.HAL_UART_Transmit)
    i.HAL_UART_TxCpltCallback                0x080021b0   Section        0  stm32f1xx_hal_uart.o(i.HAL_UART_TxCpltCallback)
    i.HardFault_Handler                      0x080021b2   Section        0  stm32f1xx_it.o(i.HardFault_Handler)
    i.MX_CAN_Init                            0x080021b8   Section        0  can.o(i.MX_CAN_Init)
    i.MX_FREERTOS_Init                       0x080021f0   Section        0  freertos.o(i.MX_FREERTOS_Init)
    i.MX_GPIO_Init                           0x08002218   Section        0  gpio.o(i.MX_GPIO_Init)
    i.MX_TIM2_Init                           0x08002328   Section        0  tim.o(i.MX_TIM2_Init)
    i.MX_TIM3_Init                           0x0800238c   Section        0  tim.o(i.MX_TIM3_Init)
    i.MX_USART2_UART_Init                    0x0800246c   Section        0  usart.o(i.MX_USART2_UART_Init)
    i.MemManage_Handler                      0x080024a4   Section        0  stm32f1xx_it.o(i.MemManage_Handler)
    i.NMI_Handler                            0x080024a8   Section        0  stm32f1xx_it.o(i.NMI_Handler)
    i.RCC_Delay                              0x080024ac   Section        0  stm32f1xx_hal_rcc.o(i.RCC_Delay)
    RCC_Delay                                0x080024ad   Thumb Code    36  stm32f1xx_hal_rcc.o(i.RCC_Delay)
    i.StartDefaultTask                       0x080024d4   Section        0  freertos.o(i.StartDefaultTask)
    i.SysTick_Handler                        0x0800250c   Section        0  port_1.o(i.SysTick_Handler)
    i.SystemClock_Config                     0x08002540   Section        0  main.o(i.SystemClock_Config)
    i.SystemInit                             0x080025a8   Section        0  system_stm32f1xx.o(i.SystemInit)
    i.TIM2_IRQHandler                        0x08002600   Section        0  stm32f1xx_it.o(i.TIM2_IRQHandler)
    i.TIM3_IRQHandler                        0x0800264c   Section        0  stm32f1xx_it.o(i.TIM3_IRQHandler)
    i.TIM7_IRQHandler                        0x0800265c   Section        0  stm32f1xx_it.o(i.TIM7_IRQHandler)
    i.TIM_Base_SetConfig                     0x0800266c   Section        0  stm32f1xx_hal_tim.o(i.TIM_Base_SetConfig)
    i.TIM_CCxChannelCmd                      0x08002708   Section        0  stm32f1xx_hal_tim.o(i.TIM_CCxChannelCmd)
    i.TIM_ETR_SetConfig                      0x0800272a   Section        0  stm32f1xx_hal_tim.o(i.TIM_ETR_SetConfig)
    i.TIM_ITRx_SetConfig                     0x08002740   Section        0  stm32f1xx_hal_tim.o(i.TIM_ITRx_SetConfig)
    TIM_ITRx_SetConfig                       0x08002741   Thumb Code    18  stm32f1xx_hal_tim.o(i.TIM_ITRx_SetConfig)
    i.TIM_OC1_SetConfig                      0x08002754   Section        0  stm32f1xx_hal_tim.o(i.TIM_OC1_SetConfig)
    TIM_OC1_SetConfig                        0x08002755   Thumb Code   104  stm32f1xx_hal_tim.o(i.TIM_OC1_SetConfig)
    i.TIM_OC2_SetConfig                      0x080027c4   Section        0  stm32f1xx_hal_tim.o(i.TIM_OC2_SetConfig)
    i.TIM_OC3_SetConfig                      0x08002840   Section        0  stm32f1xx_hal_tim.o(i.TIM_OC3_SetConfig)
    TIM_OC3_SetConfig                        0x08002841   Thumb Code   112  stm32f1xx_hal_tim.o(i.TIM_OC3_SetConfig)
    i.TIM_OC4_SetConfig                      0x080028b8   Section        0  stm32f1xx_hal_tim.o(i.TIM_OC4_SetConfig)
    TIM_OC4_SetConfig                        0x080028b9   Thumb Code    74  stm32f1xx_hal_tim.o(i.TIM_OC4_SetConfig)
    i.TIM_TI1_ConfigInputStage               0x0800290c   Section        0  stm32f1xx_hal_tim.o(i.TIM_TI1_ConfigInputStage)
    TIM_TI1_ConfigInputStage                 0x0800290d   Thumb Code    38  stm32f1xx_hal_tim.o(i.TIM_TI1_ConfigInputStage)
    i.TIM_TI2_ConfigInputStage               0x08002932   Section        0  stm32f1xx_hal_tim.o(i.TIM_TI2_ConfigInputStage)
    TIM_TI2_ConfigInputStage                 0x08002933   Thumb Code    40  stm32f1xx_hal_tim.o(i.TIM_TI2_ConfigInputStage)
    i.UART_DMAAbortOnError                   0x0800295a   Section        0  stm32f1xx_hal_uart.o(i.UART_DMAAbortOnError)
    UART_DMAAbortOnError                     0x0800295b   Thumb Code    20  stm32f1xx_hal_uart.o(i.UART_DMAAbortOnError)
    i.UART_EndRxTransfer                     0x0800296e   Section        0  stm32f1xx_hal_uart.o(i.UART_EndRxTransfer)
    UART_EndRxTransfer                       0x0800296f   Thumb Code    32  stm32f1xx_hal_uart.o(i.UART_EndRxTransfer)
    i.UART_EndTransmit_IT                    0x0800298e   Section        0  stm32f1xx_hal_uart.o(i.UART_EndTransmit_IT)
    UART_EndTransmit_IT                      0x0800298f   Thumb Code    32  stm32f1xx_hal_uart.o(i.UART_EndTransmit_IT)
    i.UART_Receive_IT                        0x080029ae   Section        0  stm32f1xx_hal_uart.o(i.UART_Receive_IT)
    UART_Receive_IT                          0x080029af   Thumb Code   166  stm32f1xx_hal_uart.o(i.UART_Receive_IT)
    i.UART_SetConfig                         0x08002a54   Section        0  stm32f1xx_hal_uart.o(i.UART_SetConfig)
    UART_SetConfig                           0x08002a55   Thumb Code   412  stm32f1xx_hal_uart.o(i.UART_SetConfig)
    i.UART_Transmit_IT                       0x08002bf4   Section        0  stm32f1xx_hal_uart.o(i.UART_Transmit_IT)
    UART_Transmit_IT                         0x08002bf5   Thumb Code   104  stm32f1xx_hal_uart.o(i.UART_Transmit_IT)
    i.UART_WaitOnFlagUntilTimeout            0x08002c5c   Section        0  stm32f1xx_hal_uart.o(i.UART_WaitOnFlagUntilTimeout)
    UART_WaitOnFlagUntilTimeout              0x08002c5d   Thumb Code   108  stm32f1xx_hal_uart.o(i.UART_WaitOnFlagUntilTimeout)
    i.USART2_IRQHandler                      0x08002cc8   Section        0  stm32f1xx_it.o(i.USART2_IRQHandler)
    i.UsageFault_Handler                     0x08002d3c   Section        0  stm32f1xx_it.o(i.UsageFault_Handler)
    i.__NVIC_GetPriorityGrouping             0x08002d40   Section        0  stm32f1xx_hal_cortex.o(i.__NVIC_GetPriorityGrouping)
    __NVIC_GetPriorityGrouping               0x08002d41   Thumb Code    10  stm32f1xx_hal_cortex.o(i.__NVIC_GetPriorityGrouping)
    i.__NVIC_SetPriority                     0x08002d50   Section        0  stm32f1xx_hal_cortex.o(i.__NVIC_SetPriority)
    __NVIC_SetPriority                       0x08002d51   Thumb Code    32  stm32f1xx_hal_cortex.o(i.__NVIC_SetPriority)
    i.__scatterload_copy                     0x08002d78   Section       14  handlers.o(i.__scatterload_copy)
    i.__scatterload_null                     0x08002d86   Section        2  handlers.o(i.__scatterload_null)
    i.__scatterload_zeroinit                 0x08002d88   Section       14  handlers.o(i.__scatterload_zeroinit)
    i.eMBEnable                              0x08002d98   Section        0  mb.o(i.eMBEnable)
    i.eMBFuncReadCoils                       0x08002dc0   Section        0  mbfunccoils.o(i.eMBFuncReadCoils)
    i.eMBFuncReadDiscreteInputs              0x08002e6e   Section        0  mbfuncdisc.o(i.eMBFuncReadDiscreteInputs)
    i.eMBFuncReadHoldingRegister             0x08002f1a   Section        0  mbfuncholding.o(i.eMBFuncReadHoldingRegister)
    i.eMBFuncReadInputRegister               0x08002fa8   Section        0  mbfuncinput.o(i.eMBFuncReadInputRegister)
    i.eMBFuncReadWriteMultipleHoldingRegister 0x08003034   Section        0  mbfuncholding.o(i.eMBFuncReadWriteMultipleHoldingRegister)
    i.eMBFuncReportSlaveID                   0x08003108   Section        0  mbfuncother.o(i.eMBFuncReportSlaveID)
    i.eMBFuncWriteCoil                       0x08003130   Section        0  mbfunccoils.o(i.eMBFuncWriteCoil)
    i.eMBFuncWriteHoldingRegister            0x080031a0   Section        0  mbfuncholding.o(i.eMBFuncWriteHoldingRegister)
    i.eMBFuncWriteMultipleCoils              0x080031e2   Section        0  mbfunccoils.o(i.eMBFuncWriteMultipleCoils)
    i.eMBFuncWriteMultipleHoldingRegister    0x08003272   Section        0  mbfuncholding.o(i.eMBFuncWriteMultipleHoldingRegister)
    i.eMBInit                                0x080032e0   Section        0  mb.o(i.eMBInit)
    i.eMBPoll                                0x080033c0   Section        0  mb.o(i.eMBPoll)
    i.eMBRTUInit                             0x080034ec   Section        0  mbrtu.o(i.eMBRTUInit)
    i.eMBRTUReceive                          0x08003540   Section        0  mbrtu.o(i.eMBRTUReceive)
    i.eMBRTUSend                             0x0800358c   Section        0  mbrtu.o(i.eMBRTUSend)
    i.eMBRTUStart                            0x08003618   Section        0  mbrtu.o(i.eMBRTUStart)
    i.eMBRTUStop                             0x08003638   Section        0  mbrtu.o(i.eMBRTUStop)
    i.eMBRegCoilsCB                          0x0800364c   Section        0  freertos.o(i.eMBRegCoilsCB)
    i.eMBRegDiscreteCB                       0x0800365a   Section        0  freertos.o(i.eMBRegDiscreteCB)
    i.eMBRegHoldingCB                        0x08003668   Section        0  freertos.o(i.eMBRegHoldingCB)
    i.eMBRegInputCB                          0x0800385c   Section        0  freertos.o(i.eMBRegInputCB)
    i.flash_erase_page                       0x0800386c   Section        0  main.o(i.flash_erase_page)
    i.flash_lock                             0x080038a4   Section        0  main.o(i.flash_lock)
    i.flash_ready                            0x080038b8   Section        0  main.o(i.flash_ready)
    i.flash_unlock                           0x080038cc   Section        0  main.o(i.flash_unlock)
    i.flash_write                            0x080038e4   Section        0  main.o(i.flash_write)
    i.main                                   0x0800392c   Section        0  main.o(i.main)
    i.makeFreeRtosPriority                   0x080039b8   Section        0  cmsis_os.o(i.makeFreeRtosPriority)
    makeFreeRtosPriority                     0x080039b9   Thumb Code    14  cmsis_os.o(i.makeFreeRtosPriority)
    i.map                                    0x080039c6   Section        0  freertos.o(i.map)
    i.osDelay                                0x08003a2e   Section        0  cmsis_os.o(i.osDelay)
    i.osKernelStart                          0x08003a46   Section        0  cmsis_os.o(i.osKernelStart)
    i.osThreadCreate                         0x08003a50   Section        0  cmsis_os.o(i.osThreadCreate)
    i.prvAddCurrentTaskToDelayedList         0x08003ab0   Section        0  tasks.o(i.prvAddCurrentTaskToDelayedList)
    prvAddCurrentTaskToDelayedList           0x08003ab1   Thumb Code   124  tasks.o(i.prvAddCurrentTaskToDelayedList)
    i.prvAddNewTaskToReadyList               0x08003b48   Section        0  tasks.o(i.prvAddNewTaskToReadyList)
    prvAddNewTaskToReadyList                 0x08003b49   Thumb Code   150  tasks.o(i.prvAddNewTaskToReadyList)
    i.prvCheckTasksWaitingTermination        0x08003bfc   Section        0  tasks.o(i.prvCheckTasksWaitingTermination)
    prvCheckTasksWaitingTermination          0x08003bfd   Thumb Code    60  tasks.o(i.prvCheckTasksWaitingTermination)
    i.prvDeleteTCB                           0x08003c44   Section        0  tasks.o(i.prvDeleteTCB)
    prvDeleteTCB                             0x08003c45   Thumb Code    80  tasks.o(i.prvDeleteTCB)
    i.prvHeapInit                            0x08003c94   Section        0  heap_4.o(i.prvHeapInit)
    prvHeapInit                              0x08003c95   Thumb Code    98  heap_4.o(i.prvHeapInit)
    i.prvIdleTask                            0x08003d10   Section        0  tasks.o(i.prvIdleTask)
    prvIdleTask                              0x08003d11   Thumb Code    32  tasks.o(i.prvIdleTask)
    i.prvInitialiseNewTask                   0x08003d38   Section        0  tasks.o(i.prvInitialiseNewTask)
    prvInitialiseNewTask                     0x08003d39   Thumb Code   170  tasks.o(i.prvInitialiseNewTask)
    i.prvInitialiseTaskLists                 0x08003de4   Section        0  tasks.o(i.prvInitialiseTaskLists)
    prvInitialiseTaskLists                   0x08003de5   Thumb Code    70  tasks.o(i.prvInitialiseTaskLists)
    i.prvInsertBlockIntoFreeList             0x08003e4c   Section        0  heap_4.o(i.prvInsertBlockIntoFreeList)
    prvInsertBlockIntoFreeList               0x08003e4d   Thumb Code    96  heap_4.o(i.prvInsertBlockIntoFreeList)
    i.prvResetNextTaskUnblockTime            0x08003eb4   Section        0  tasks.o(i.prvResetNextTaskUnblockTime)
    prvResetNextTaskUnblockTime              0x08003eb5   Thumb Code    42  tasks.o(i.prvResetNextTaskUnblockTime)
    i.prvTaskExitError                       0x08003ee8   Section        0  port_1.o(i.prvTaskExitError)
    prvTaskExitError                         0x08003ee9   Thumb Code    60  port_1.o(i.prvTaskExitError)
    i.prveMBError2Exception                  0x08003f28   Section        0  mbutils.o(i.prveMBError2Exception)
    i.pvPortMalloc                           0x08003f4c   Section        0  heap_4.o(i.pvPortMalloc)
    i.pxPortInitialiseStack                  0x08004088   Section        0  port_1.o(i.pxPortInitialiseStack)
    i.usMBCRC16                              0x080040ac   Section        0  mbcrc.o(i.usMBCRC16)
    i.uxListRemove                           0x080040e4   Section        0  list.o(i.uxListRemove)
    i.vApplicationGetIdleTaskMemory          0x0800410c   Section        0  freertos.o(i.vApplicationGetIdleTaskMemory)
    i.vListInitialise                        0x08004124   Section        0  list.o(i.vListInitialise)
    i.vListInitialiseItem                    0x0800413e   Section        0  list.o(i.vListInitialiseItem)
    i.vListInsert                            0x08004144   Section        0  list.o(i.vListInsert)
    i.vListInsertEnd                         0x08004178   Section        0  list.o(i.vListInsertEnd)
    i.vMBPortSerialEnable                    0x08004190   Section        0  portserial.o(i.vMBPortSerialEnable)
    i.vMBPortTimersDisable                   0x0800420c   Section        0  porttimer.o(i.vMBPortTimersDisable)
    i.vMBPortTimersEnable                    0x0800421c   Section        0  porttimer.o(i.vMBPortTimersEnable)
    i.vPortEnterCritical                     0x0800423c   Section        0  port_1.o(i.vPortEnterCritical)
    i.vPortExitCritical                      0x08004290   Section        0  port_1.o(i.vPortExitCritical)
    i.vPortFree                              0x080042cc   Section        0  heap_4.o(i.vPortFree)
    i.vPortSetupTimerInterrupt               0x08004360   Section        0  port_1.o(i.vPortSetupTimerInterrupt)
    i.vTaskDelay                             0x08004388   Section        0  tasks.o(i.vTaskDelay)
    i.vTaskStartScheduler                    0x080043e4   Section        0  tasks.o(i.vTaskStartScheduler)
    i.vTaskSuspendAll                        0x08004494   Section        0  tasks.o(i.vTaskSuspendAll)
    i.vTaskSwitchContext                     0x080044a4   Section        0  tasks.o(i.vTaskSwitchContext)
    i.xMBPortEventGet                        0x08004530   Section        0  portevent.o(i.xMBPortEventGet)
    i.xMBPortEventInit                       0x08004554   Section        0  portevent.o(i.xMBPortEventInit)
    i.xMBPortEventPost                       0x08004564   Section        0  portevent.o(i.xMBPortEventPost)
    i.xMBPortSerialGetByte                   0x0800457c   Section        0  portserial.o(i.xMBPortSerialGetByte)
    i.xMBPortSerialInit                      0x08004590   Section        0  portserial.o(i.xMBPortSerialInit)
    i.xMBPortSerialPutByte                   0x08004618   Section        0  portserial.o(i.xMBPortSerialPutByte)
    i.xMBPortTimersInit                      0x08004634   Section        0  porttimer.o(i.xMBPortTimersInit)
    i.xMBRTUReceiveFSM                       0x08004694   Section        0  mbrtu.o(i.xMBRTUReceiveFSM)
    i.xMBRTUTimerT35Expired                  0x0800471c   Section        0  mbrtu.o(i.xMBRTUTimerT35Expired)
    i.xMBRTUTransmitFSM                      0x0800475c   Section        0  mbrtu.o(i.xMBRTUTransmitFSM)
    i.xPortStartScheduler                    0x080047c8   Section        0  port_1.o(i.xPortStartScheduler)
    i.xTaskCreate                            0x080048c0   Section        0  tasks.o(i.xTaskCreate)
    i.xTaskCreateStatic                      0x08004924   Section        0  tasks.o(i.xTaskCreateStatic)
    i.xTaskIncrementTick                     0x080049dc   Section        0  tasks.o(i.xTaskIncrementTick)
    i.xTaskResumeAll                         0x08004b24   Section        0  tasks.o(i.xTaskResumeAll)
    .constdata                               0x08004c28   Section      512  mbcrc.o(.constdata)
    aucCRCHi                                 0x08004c28   Data         256  mbcrc.o(.constdata)
    aucCRCLo                                 0x08004d28   Data         256  mbcrc.o(.constdata)
    .constdata                               0x08004e28   Section       28  freertos.o(.constdata)
    .constdata                               0x08004e44   Section       24  system_stm32f1xx.o(.constdata)
    .conststring                             0x08004e5c   Section       12  freertos.o(.conststring)
    .data                                    0x20000000   Section        2  mbfuncother.o(.data)
    usMBSlaveIDLen                           0x20000000   Data           2  mbfuncother.o(.data)
    .data                                    0x20000004   Section       12  mbrtu.o(.data)
    eSndState                                0x20000004   Data           1  mbrtu.o(.data)
    eRcvState                                0x20000005   Data           1  mbrtu.o(.data)
    pucSndBufferCur                          0x20000008   Data           4  mbrtu.o(.data)
    usSndBufferCount                         0x2000000c   Data           2  mbrtu.o(.data)
    usRcvBufferPos                           0x2000000e   Data           2  mbrtu.o(.data)
    .data                                    0x20000010   Section      181  mb.o(.data)
    ucMBAddress                              0x20000010   Data           1  mb.o(.data)
    eMBCurrentMode                           0x20000011   Data           1  mb.o(.data)
    eMBState                                 0x20000012   Data           1  mb.o(.data)
    peMBFrameSendCur                         0x20000014   Data           4  mb.o(.data)
    pvMBFrameStartCur                        0x20000018   Data           4  mb.o(.data)
    pvMBFrameStopCur                         0x2000001c   Data           4  mb.o(.data)
    peMBFrameReceiveCur                      0x20000020   Data           4  mb.o(.data)
    pvMBFrameCloseCur                        0x20000024   Data           4  mb.o(.data)
    xFuncHandlers                            0x2000003c   Data         128  mb.o(.data)
    ucMBFrame                                0x200000bc   Data           4  mb.o(.data)
    ucRcvAddress                             0x200000c0   Data           1  mb.o(.data)
    ucFunctionCode                           0x200000c1   Data           1  mb.o(.data)
    usLength                                 0x200000c2   Data           2  mb.o(.data)
    eException                               0x200000c4   Data           1  mb.o(.data)
    .data                                    0x200000c5   Section        2  portevent.o(.data)
    eQueuedEvent                             0x200000c5   Data           1  portevent.o(.data)
    xEventInQueue                            0x200000c6   Data           1  portevent.o(.data)
    .data                                    0x200000c8   Section        4  portserial.o(.data)
    .data                                    0x200000cc   Section        4  porttimer.o(.data)
    .data                                    0x200000d0   Section       68  freertos.o(.data)
    .data                                    0x20000114   Section        9  stm32f1xx_hal.o(.data)
    .data                                    0x20000120   Section        4  system_stm32f1xx.o(.data)
    .data                                    0x20000124   Section       60  tasks.o(.data)
    pxDelayedTaskList                        0x20000128   Data           4  tasks.o(.data)
    pxOverflowDelayedTaskList                0x2000012c   Data           4  tasks.o(.data)
    uxDeletedTasksWaitingCleanUp             0x20000130   Data           4  tasks.o(.data)
    uxCurrentNumberOfTasks                   0x20000134   Data           4  tasks.o(.data)
    xTickCount                               0x20000138   Data           4  tasks.o(.data)
    uxTopReadyPriority                       0x2000013c   Data           4  tasks.o(.data)
    xSchedulerRunning                        0x20000140   Data           4  tasks.o(.data)
    uxPendedTicks                            0x20000144   Data           4  tasks.o(.data)
    xYieldPending                            0x20000148   Data           4  tasks.o(.data)
    xNumOfOverflows                          0x2000014c   Data           4  tasks.o(.data)
    uxTaskNumber                             0x20000150   Data           4  tasks.o(.data)
    xNextTaskUnblockTime                     0x20000154   Data           4  tasks.o(.data)
    xIdleTaskHandle                          0x20000158   Data           4  tasks.o(.data)
    uxSchedulerSuspended                     0x2000015c   Data           4  tasks.o(.data)
    .data                                    0x20000160   Section       24  heap_4.o(.data)
    xStart                                   0x20000160   Data           8  heap_4.o(.data)
    pxEnd                                    0x20000168   Data           4  heap_4.o(.data)
    xFreeBytesRemaining                      0x2000016c   Data           4  heap_4.o(.data)
    xMinimumEverFreeBytesRemaining           0x20000170   Data           4  heap_4.o(.data)
    xBlockAllocatedBit                       0x20000174   Data           4  heap_4.o(.data)
    .data                                    0x20000178   Section       12  port_1.o(.data)
    uxCriticalNesting                        0x20000178   Data           4  port_1.o(.data)
    ucMaxSysCallPriority                     0x2000017c   Data           1  port_1.o(.data)
    ulMaxPRIGROUPValue                       0x20000180   Data           4  port_1.o(.data)
    .bss                                     0x20000184   Section       32  mbfuncother.o(.bss)
    ucMBSlaveID                              0x20000184   Data          32  mbfuncother.o(.bss)
    .bss                                     0x200001a4   Section      256  mbrtu.o(.bss)
    .bss                                     0x200002a4   Section       40  main.o(.bss)
    .bss                                     0x200002cc   Section       40  can.o(.bss)
    .bss                                     0x200002f4   Section      596  freertos.o(.bss)
    xIdleTaskTCBBuffer                       0x200002f4   Data          84  freertos.o(.bss)
    xIdleStack                               0x20000348   Data         512  freertos.o(.bss)
    .bss                                     0x20000548   Section      128  tim.o(.bss)
    .bss                                     0x200005c8   Section       64  usart.o(.bss)
    .bss                                     0x20000608   Section       64  stm32f1xx_hal_timebase_tim.o(.bss)
    .bss                                     0x20000648   Section      240  tasks.o(.bss)
    pxReadyTasksLists                        0x20000648   Data         140  tasks.o(.bss)
    xDelayedTaskList1                        0x200006d4   Data          20  tasks.o(.bss)
    xDelayedTaskList2                        0x200006e8   Data          20  tasks.o(.bss)
    xPendingReadyList                        0x200006fc   Data          20  tasks.o(.bss)
    xTasksWaitingTermination                 0x20000710   Data          20  tasks.o(.bss)
    xSuspendedTaskList                       0x20000724   Data          20  tasks.o(.bss)
    .bss                                     0x20000738   Section     3072  heap_4.o(.bss)
    ucHeap                                   0x20000738   Data        3072  heap_4.o(.bss)
    STACK                                    0x20001338   Section     1024  startup_stm32f103xe.o(STACK)

    Global Symbols

    Symbol Name                              Value     Ov Type        Size  Object(Section)

    BuildAttributes$$THM_ISAv4$P$D$K$B$S$PE$A:L22UL41UL21$X:L11$S22US41US21$IEEE1$IW$USESV6$~STKCKD$USESV7$~SHL$OSPACE$ROPI$EBA8$MICROLIB$REQ8$PRES8$EABIv2 0x00000000   Number         0  anon$$obj.o ABSOLUTE
    __ARM_use_no_argv                        0x00000000   Number         0  main.o ABSOLUTE
    __cpp_initialize__aeabi_                  - Undefined Weak Reference
    __cxa_finalize                            - Undefined Weak Reference
    _clock_init                               - Undefined Weak Reference
    _microlib_exit                            - Undefined Weak Reference
    __Vectors_Size                           0x00000130   Number         0  startup_stm32f103xe.o ABSOLUTE
    __Vectors                                0x08000000   Data           4  startup_stm32f103xe.o(RESET)
    __Vectors_End                            0x08000130   Data           0  startup_stm32f103xe.o(RESET)
    __main                                   0x08000131   Thumb Code     0  entry.o(.ARM.Collect$$$$00000000)
    _main_stk                                0x08000131   Thumb Code     0  entry2.o(.ARM.Collect$$$$00000001)
    _main_scatterload                        0x08000135   Thumb Code     0  entry5.o(.ARM.Collect$$$$00000004)
    __main_after_scatterload                 0x08000139   Thumb Code     0  entry5.o(.ARM.Collect$$$$00000004)
    _main_clock                              0x08000139   Thumb Code     0  entry7b.o(.ARM.Collect$$$$00000008)
    _main_cpp_init                           0x08000139   Thumb Code     0  entry8b.o(.ARM.Collect$$$$0000000A)
    _main_init                               0x08000139   Thumb Code     0  entry9a.o(.ARM.Collect$$$$0000000B)
    __rt_final_cpp                           0x08000141   Thumb Code     0  entry10a.o(.ARM.Collect$$$$0000000D)
    __rt_final_exit                          0x08000141   Thumb Code     0  entry11a.o(.ARM.Collect$$$$0000000F)
    SVC_Handler                              0x08000145   Thumb Code    32  port_1.o(.emb_text)
    __asm___6_port_c_39a90d8d__prvStartFirstTask 0x08000169   Thumb Code    28  port_1.o(.emb_text)
    PendSV_Handler                           0x08000189   Thumb Code    72  port_1.o(.emb_text)
    vPortGetIPSR                             0x080001d5   Thumb Code     6  port_1.o(.emb_text)
    Reset_Handler                            0x080001dd   Thumb Code     8  startup_stm32f103xe.o(.text)
    ADC1_2_IRQHandler                        0x080001f7   Thumb Code     0  startup_stm32f103xe.o(.text)
    ADC3_IRQHandler                          0x080001f7   Thumb Code     0  startup_stm32f103xe.o(.text)
    CAN1_RX1_IRQHandler                      0x080001f7   Thumb Code     0  startup_stm32f103xe.o(.text)
    CAN1_SCE_IRQHandler                      0x080001f7   Thumb Code     0  startup_stm32f103xe.o(.text)
    DMA1_Channel1_IRQHandler                 0x080001f7   Thumb Code     0  startup_stm32f103xe.o(.text)
    DMA1_Channel2_IRQHandler                 0x080001f7   Thumb Code     0  startup_stm32f103xe.o(.text)
    DMA1_Channel3_IRQHandler                 0x080001f7   Thumb Code     0  startup_stm32f103xe.o(.text)
    DMA1_Channel4_IRQHandler                 0x080001f7   Thumb Code     0  startup_stm32f103xe.o(.text)
    DMA1_Channel5_IRQHandler                 0x080001f7   Thumb Code     0  startup_stm32f103xe.o(.text)
    DMA1_Channel6_IRQHandler                 0x080001f7   Thumb Code     0  startup_stm32f103xe.o(.text)
    DMA1_Channel7_IRQHandler                 0x080001f7   Thumb Code     0  startup_stm32f103xe.o(.text)
    DMA2_Channel1_IRQHandler                 0x080001f7   Thumb Code     0  startup_stm32f103xe.o(.text)
    DMA2_Channel2_IRQHandler                 0x080001f7   Thumb Code     0  startup_stm32f103xe.o(.text)
    DMA2_Channel3_IRQHandler                 0x080001f7   Thumb Code     0  startup_stm32f103xe.o(.text)
    DMA2_Channel4_5_IRQHandler               0x080001f7   Thumb Code     0  startup_stm32f103xe.o(.text)
    EXTI0_IRQHandler                         0x080001f7   Thumb Code     0  startup_stm32f103xe.o(.text)
    EXTI15_10_IRQHandler                     0x080001f7   Thumb Code     0  startup_stm32f103xe.o(.text)
    EXTI1_IRQHandler                         0x080001f7   Thumb Code     0  startup_stm32f103xe.o(.text)
    EXTI2_IRQHandler                         0x080001f7   Thumb Code     0  startup_stm32f103xe.o(.text)
    EXTI4_IRQHandler                         0x080001f7   Thumb Code     0  startup_stm32f103xe.o(.text)
    EXTI9_5_IRQHandler                       0x080001f7   Thumb Code     0  startup_stm32f103xe.o(.text)
    FLASH_IRQHandler                         0x080001f7   Thumb Code     0  startup_stm32f103xe.o(.text)
    FSMC_IRQHandler                          0x080001f7   Thumb Code     0  startup_stm32f103xe.o(.text)
    I2C1_ER_IRQHandler                       0x080001f7   Thumb Code     0  startup_stm32f103xe.o(.text)
    I2C1_EV_IRQHandler                       0x080001f7   Thumb Code     0  startup_stm32f103xe.o(.text)
    I2C2_ER_IRQHandler                       0x080001f7   Thumb Code     0  startup_stm32f103xe.o(.text)
    I2C2_EV_IRQHandler                       0x080001f7   Thumb Code     0  startup_stm32f103xe.o(.text)
    PVD_IRQHandler                           0x080001f7   Thumb Code     0  startup_stm32f103xe.o(.text)
    RCC_IRQHandler                           0x080001f7   Thumb Code     0  startup_stm32f103xe.o(.text)
    RTC_Alarm_IRQHandler                     0x080001f7   Thumb Code     0  startup_stm32f103xe.o(.text)
    RTC_IRQHandler                           0x080001f7   Thumb Code     0  startup_stm32f103xe.o(.text)
    SDIO_IRQHandler                          0x080001f7   Thumb Code     0  startup_stm32f103xe.o(.text)
    SPI1_IRQHandler                          0x080001f7   Thumb Code     0  startup_stm32f103xe.o(.text)
    SPI2_IRQHandler                          0x080001f7   Thumb Code     0  startup_stm32f103xe.o(.text)
    SPI3_IRQHandler                          0x080001f7   Thumb Code     0  startup_stm32f103xe.o(.text)
    TAMPER_IRQHandler                        0x080001f7   Thumb Code     0  startup_stm32f103xe.o(.text)
    TIM1_BRK_IRQHandler                      0x080001f7   Thumb Code     0  startup_stm32f103xe.o(.text)
    TIM1_CC_IRQHandler                       0x080001f7   Thumb Code     0  startup_stm32f103xe.o(.text)
    TIM1_TRG_COM_IRQHandler                  0x080001f7   Thumb Code     0  startup_stm32f103xe.o(.text)
    TIM1_UP_IRQHandler                       0x080001f7   Thumb Code     0  startup_stm32f103xe.o(.text)
    TIM4_IRQHandler                          0x080001f7   Thumb Code     0  startup_stm32f103xe.o(.text)
    TIM5_IRQHandler                          0x080001f7   Thumb Code     0  startup_stm32f103xe.o(.text)
    TIM6_IRQHandler                          0x080001f7   Thumb Code     0  startup_stm32f103xe.o(.text)
    TIM8_BRK_IRQHandler                      0x080001f7   Thumb Code     0  startup_stm32f103xe.o(.text)
    TIM8_CC_IRQHandler                       0x080001f7   Thumb Code     0  startup_stm32f103xe.o(.text)
    TIM8_TRG_COM_IRQHandler                  0x080001f7   Thumb Code     0  startup_stm32f103xe.o(.text)
    TIM8_UP_IRQHandler                       0x080001f7   Thumb Code     0  startup_stm32f103xe.o(.text)
    UART4_IRQHandler                         0x080001f7   Thumb Code     0  startup_stm32f103xe.o(.text)
    UART5_IRQHandler                         0x080001f7   Thumb Code     0  startup_stm32f103xe.o(.text)
    USART1_IRQHandler                        0x080001f7   Thumb Code     0  startup_stm32f103xe.o(.text)
    USART3_IRQHandler                        0x080001f7   Thumb Code     0  startup_stm32f103xe.o(.text)
    USBWakeUp_IRQHandler                     0x080001f7   Thumb Code     0  startup_stm32f103xe.o(.text)
    USB_HP_CAN1_TX_IRQHandler                0x080001f7   Thumb Code     0  startup_stm32f103xe.o(.text)
    USB_LP_CAN1_RX0_IRQHandler               0x080001f7   Thumb Code     0  startup_stm32f103xe.o(.text)
    WWDG_IRQHandler                          0x080001f7   Thumb Code     0  startup_stm32f103xe.o(.text)
    __aeabi_llsr                             0x08000201   Thumb Code    32  llushr.o(.text)
    _ll_ushift_r                             0x08000201   Thumb Code     0  llushr.o(.text)
    __aeabi_memcpy                           0x08000221   Thumb Code    36  memcpya.o(.text)
    __aeabi_memcpy4                          0x08000221   Thumb Code     0  memcpya.o(.text)
    __aeabi_memcpy8                          0x08000221   Thumb Code     0  memcpya.o(.text)
    __aeabi_memset                           0x08000245   Thumb Code    14  memseta.o(.text)
    __aeabi_memset4                          0x08000245   Thumb Code     0  memseta.o(.text)
    __aeabi_memset8                          0x08000245   Thumb Code     0  memseta.o(.text)
    __aeabi_memclr                           0x08000253   Thumb Code     4  memseta.o(.text)
    __aeabi_memclr4                          0x08000253   Thumb Code     0  memseta.o(.text)
    __aeabi_memclr8                          0x08000253   Thumb Code     0  memseta.o(.text)
    memset                                   0x08000257   Thumb Code    18  memseta.o(.text)
    __aeabi_dadd                             0x08000269   Thumb Code   322  dadd.o(.text)
    __aeabi_dsub                             0x080003ab   Thumb Code     6  dadd.o(.text)
    __aeabi_drsub                            0x080003b1   Thumb Code     6  dadd.o(.text)
    __aeabi_dmul                             0x080003b7   Thumb Code   228  dmul.o(.text)
    __aeabi_ddiv                             0x0800049b   Thumb Code   222  ddiv.o(.text)
    __aeabi_ui2d                             0x08000579   Thumb Code    26  dfltui.o(.text)
    __aeabi_d2uiz                            0x08000593   Thumb Code    50  dfixui.o(.text)
    __aeabi_llsl                             0x080005c5   Thumb Code    30  llshl.o(.text)
    _ll_shift_l                              0x080005c5   Thumb Code     0  llshl.o(.text)
    __aeabi_lasr                             0x080005e3   Thumb Code    36  llsshr.o(.text)
    _ll_sshift_r                             0x080005e3   Thumb Code     0  llsshr.o(.text)
    __I$use$fp                               0x08000607   Thumb Code     0  iusefp.o(.text)
    _double_round                            0x08000607   Thumb Code    30  depilogue.o(.text)
    _double_epilogue                         0x08000625   Thumb Code   156  depilogue.o(.text)
    __scatterload                            0x080006c1   Thumb Code    28  init.o(.text)
    __scatterload_rt2                        0x080006c1   Thumb Code     0  init.o(.text)
    __decompress                             0x080006e5   Thumb Code     0  __dczerorl2.o(.text)
    __decompress1                            0x080006e5   Thumb Code    86  __dczerorl2.o(.text)
    BusFault_Handler                         0x0800073b   Thumb Code     4  stm32f1xx_it.o(i.BusFault_Handler)
    DebugMon_Handler                         0x0800073f   Thumb Code     2  stm32f1xx_it.o(i.DebugMon_Handler)
    EXTI3_IRQHandler                         0x08000741   Thumb Code    10  stm32f1xx_it.o(i.EXTI3_IRQHandler)
    Error_Handler                            0x0800074b   Thumb Code     2  main.o(i.Error_Handler)
    FLASH_WriteSettings                      0x0800074d   Thumb Code    54  main.o(i.FLASH_WriteSettings)
    Flash_ReadParams                         0x08000783   Thumb Code    32  main.o(i.Flash_ReadParams)
    HAL_CAN_Init                             0x080007a3   Thumb Code   372  stm32f1xx_hal_can.o(i.HAL_CAN_Init)
    HAL_CAN_MspInit                          0x08000919   Thumb Code   144  can.o(i.HAL_CAN_MspInit)
    HAL_DMA_Abort_IT                         0x080009b9   Thumb Code   414  stm32f1xx_hal_dma.o(i.HAL_DMA_Abort_IT)
    HAL_GPIO_EXTI_Callback                   0x08000b61   Thumb Code    42  freertos.o(i.HAL_GPIO_EXTI_Callback)
    HAL_GPIO_EXTI_IRQHandler                 0x08000b91   Thumb Code    24  stm32f1xx_hal_gpio.o(i.HAL_GPIO_EXTI_IRQHandler)
    HAL_GPIO_Init                            0x08000bad   Thumb Code   792  stm32f1xx_hal_gpio.o(i.HAL_GPIO_Init)
    HAL_GPIO_WritePin                        0x08000eed   Thumb Code    12  stm32f1xx_hal_gpio.o(i.HAL_GPIO_WritePin)
    HAL_GetTick                              0x08000ef9   Thumb Code     6  stm32f1xx_hal.o(i.HAL_GetTick)
    HAL_IncTick                              0x08000f05   Thumb Code    16  stm32f1xx_hal.o(i.HAL_IncTick)
    HAL_Init                                 0x08000f1d   Thumb Code    34  stm32f1xx_hal.o(i.HAL_Init)
    HAL_InitTick                             0x08000f45   Thumb Code   118  stm32f1xx_hal_timebase_tim.o(i.HAL_InitTick)
    HAL_MspInit                              0x08000fcd   Thumb Code    86  stm32f1xx_hal_msp.o(i.HAL_MspInit)
    HAL_NVIC_EnableIRQ                       0x0800102d   Thumb Code    32  stm32f1xx_hal_cortex.o(i.HAL_NVIC_EnableIRQ)
    HAL_NVIC_SetPriority                     0x0800104d   Thumb Code   124  stm32f1xx_hal_cortex.o(i.HAL_NVIC_SetPriority)
    HAL_NVIC_SetPriorityGrouping             0x080010c9   Thumb Code    32  stm32f1xx_hal_cortex.o(i.HAL_NVIC_SetPriorityGrouping)
    HAL_RCC_ClockConfig                      0x080010f1   Thumb Code   376  stm32f1xx_hal_rcc.o(i.HAL_RCC_ClockConfig)
    HAL_RCC_GetClockConfig                   0x0800127d   Thumb Code    58  stm32f1xx_hal_rcc.o(i.HAL_RCC_GetClockConfig)
    HAL_RCC_GetHCLKFreq                      0x080012c1   Thumb Code     6  stm32f1xx_hal_rcc.o(i.HAL_RCC_GetHCLKFreq)
    HAL_RCC_GetPCLK1Freq                     0x080012cd   Thumb Code    22  stm32f1xx_hal_rcc.o(i.HAL_RCC_GetPCLK1Freq)
    HAL_RCC_GetPCLK2Freq                     0x080012ed   Thumb Code    22  stm32f1xx_hal_rcc.o(i.HAL_RCC_GetPCLK2Freq)
    HAL_RCC_GetSysClockFreq                  0x0800130d   Thumb Code   116  stm32f1xx_hal_rcc.o(i.HAL_RCC_GetSysClockFreq)
    HAL_RCC_OscConfig                        0x080013a5   Thumb Code  1114  stm32f1xx_hal_rcc.o(i.HAL_RCC_OscConfig)
    HAL_TIMEx_BreakCallback                  0x08001809   Thumb Code     2  stm32f1xx_hal_tim_ex.o(i.HAL_TIMEx_BreakCallback)
    HAL_TIMEx_CommutCallback                 0x0800180b   Thumb Code     2  stm32f1xx_hal_tim_ex.o(i.HAL_TIMEx_CommutCallback)
    HAL_TIMEx_MasterConfigSynchronization    0x0800180d   Thumb Code    84  stm32f1xx_hal_tim_ex.o(i.HAL_TIMEx_MasterConfigSynchronization)
    HAL_TIM_Base_Init                        0x08001861   Thumb Code    52  stm32f1xx_hal_tim.o(i.HAL_TIM_Base_Init)
    HAL_TIM_Base_MspInit                     0x08001895   Thumb Code   112  tim.o(i.HAL_TIM_Base_MspInit)
    HAL_TIM_Base_Start_IT                    0x0800190d   Thumb Code    42  stm32f1xx_hal_tim.o(i.HAL_TIM_Base_Start_IT)
    HAL_TIM_Base_Stop_IT                     0x08001937   Thumb Code    56  stm32f1xx_hal_tim.o(i.HAL_TIM_Base_Stop_IT)
    HAL_TIM_ConfigClockSource                0x0800196f   Thumb Code   264  stm32f1xx_hal_tim.o(i.HAL_TIM_ConfigClockSource)
    HAL_TIM_IC_CaptureCallback               0x08001a77   Thumb Code     2  stm32f1xx_hal_tim.o(i.HAL_TIM_IC_CaptureCallback)
    HAL_TIM_IRQHandler                       0x08001a79   Thumb Code   406  stm32f1xx_hal_tim.o(i.HAL_TIM_IRQHandler)
    HAL_TIM_MspPostInit                      0x08001c11   Thumb Code    96  tim.o(i.HAL_TIM_MspPostInit)
    HAL_TIM_OC_DelayElapsedCallback          0x08001c81   Thumb Code     2  stm32f1xx_hal_tim.o(i.HAL_TIM_OC_DelayElapsedCallback)
    HAL_TIM_OnePulse_Init                    0x08001c83   Thumb Code    76  stm32f1xx_hal_tim.o(i.HAL_TIM_OnePulse_Init)
    HAL_TIM_OnePulse_MspInit                 0x08001ccf   Thumb Code     2  stm32f1xx_hal_tim.o(i.HAL_TIM_OnePulse_MspInit)
    HAL_TIM_PWM_ConfigChannel                0x08001cd1   Thumb Code   264  stm32f1xx_hal_tim.o(i.HAL_TIM_PWM_ConfigChannel)
    HAL_TIM_PWM_Init                         0x08001dd9   Thumb Code    52  stm32f1xx_hal_tim.o(i.HAL_TIM_PWM_Init)
    HAL_TIM_PWM_MspInit                      0x08001e0d   Thumb Code     2  stm32f1xx_hal_tim.o(i.HAL_TIM_PWM_MspInit)
    HAL_TIM_PWM_PulseFinishedCallback        0x08001e0f   Thumb Code     2  stm32f1xx_hal_tim.o(i.HAL_TIM_PWM_PulseFinishedCallback)
    HAL_TIM_PWM_Start                        0x08001e11   Thumb Code    80  stm32f1xx_hal_tim.o(i.HAL_TIM_PWM_Start)
    HAL_TIM_PeriodElapsedCallback            0x08001e69   Thumb Code    18  main.o(i.HAL_TIM_PeriodElapsedCallback)
    HAL_TIM_TriggerCallback                  0x08001e81   Thumb Code     2  stm32f1xx_hal_tim.o(i.HAL_TIM_TriggerCallback)
    HAL_UART_ErrorCallback                   0x08001e83   Thumb Code     2  stm32f1xx_hal_uart.o(i.HAL_UART_ErrorCallback)
    HAL_UART_IRQHandler                      0x08001e85   Thumb Code   326  stm32f1xx_hal_uart.o(i.HAL_UART_IRQHandler)
    HAL_UART_Init                            0x08001fd1   Thumb Code   114  stm32f1xx_hal_uart.o(i.HAL_UART_Init)
    HAL_UART_MspInit                         0x08002045   Thumb Code   136  usart.o(i.HAL_UART_MspInit)
    HAL_UART_RxCpltCallback                  0x080020d9   Thumb Code     2  stm32f1xx_hal_uart.o(i.HAL_UART_RxCpltCallback)
    HAL_UART_Transmit                        0x080020db   Thumb Code   214  stm32f1xx_hal_uart.o(i.HAL_UART_Transmit)
    HAL_UART_TxCpltCallback                  0x080021b1   Thumb Code     2  stm32f1xx_hal_uart.o(i.HAL_UART_TxCpltCallback)
    HardFault_Handler                        0x080021b3   Thumb Code     4  stm32f1xx_it.o(i.HardFault_Handler)
    MX_CAN_Init                              0x080021b9   Thumb Code    48  can.o(i.MX_CAN_Init)
    MX_FREERTOS_Init                         0x080021f1   Thumb Code    30  freertos.o(i.MX_FREERTOS_Init)
    MX_GPIO_Init                             0x08002219   Thumb Code   250  gpio.o(i.MX_GPIO_Init)
    MX_TIM2_Init                             0x08002329   Thumb Code    96  tim.o(i.MX_TIM2_Init)
    MX_TIM3_Init                             0x0800238d   Thumb Code   216  tim.o(i.MX_TIM3_Init)
    MX_USART2_UART_Init                      0x0800246d   Thumb Code    46  usart.o(i.MX_USART2_UART_Init)
    MemManage_Handler                        0x080024a5   Thumb Code     4  stm32f1xx_it.o(i.MemManage_Handler)
    NMI_Handler                              0x080024a9   Thumb Code     2  stm32f1xx_it.o(i.NMI_Handler)
    StartDefaultTask                         0x080024d5   Thumb Code    46  freertos.o(i.StartDefaultTask)
    SysTick_Handler                          0x0800250d   Thumb Code    46  port_1.o(i.SysTick_Handler)
    SystemClock_Config                       0x08002541   Thumb Code   102  main.o(i.SystemClock_Config)
    SystemInit                               0x080025a9   Thumb Code    70  system_stm32f1xx.o(i.SystemInit)
    TIM2_IRQHandler                          0x08002601   Thumb Code    64  stm32f1xx_it.o(i.TIM2_IRQHandler)
    TIM3_IRQHandler                          0x0800264d   Thumb Code    10  stm32f1xx_it.o(i.TIM3_IRQHandler)
    TIM7_IRQHandler                          0x0800265d   Thumb Code    10  stm32f1xx_it.o(i.TIM7_IRQHandler)
    TIM_Base_SetConfig                       0x0800266d   Thumb Code   134  stm32f1xx_hal_tim.o(i.TIM_Base_SetConfig)
    TIM_CCxChannelCmd                        0x08002709   Thumb Code    34  stm32f1xx_hal_tim.o(i.TIM_CCxChannelCmd)
    TIM_ETR_SetConfig                        0x0800272b   Thumb Code    22  stm32f1xx_hal_tim.o(i.TIM_ETR_SetConfig)
    TIM_OC2_SetConfig                        0x080027c5   Thumb Code   114  stm32f1xx_hal_tim.o(i.TIM_OC2_SetConfig)
    USART2_IRQHandler                        0x08002cc9   Thumb Code   102  stm32f1xx_it.o(i.USART2_IRQHandler)
    UsageFault_Handler                       0x08002d3d   Thumb Code     4  stm32f1xx_it.o(i.UsageFault_Handler)
    __scatterload_copy                       0x08002d79   Thumb Code    14  handlers.o(i.__scatterload_copy)
    __scatterload_null                       0x08002d87   Thumb Code     2  handlers.o(i.__scatterload_null)
    __scatterload_zeroinit                   0x08002d89   Thumb Code    14  handlers.o(i.__scatterload_zeroinit)
    eMBEnable                                0x08002d99   Thumb Code    32  mb.o(i.eMBEnable)
    eMBFuncReadCoils                         0x08002dc1   Thumb Code   174  mbfunccoils.o(i.eMBFuncReadCoils)
    eMBFuncReadDiscreteInputs                0x08002e6f   Thumb Code   172  mbfuncdisc.o(i.eMBFuncReadDiscreteInputs)
    eMBFuncReadHoldingRegister               0x08002f1b   Thumb Code   142  mbfuncholding.o(i.eMBFuncReadHoldingRegister)
    eMBFuncReadInputRegister                 0x08002fa9   Thumb Code   140  mbfuncinput.o(i.eMBFuncReadInputRegister)
    eMBFuncReadWriteMultipleHoldingRegister  0x08003035   Thumb Code   212  mbfuncholding.o(i.eMBFuncReadWriteMultipleHoldingRegister)
    eMBFuncReportSlaveID                     0x08003109   Thumb Code    30  mbfuncother.o(i.eMBFuncReportSlaveID)
    eMBFuncWriteCoil                         0x08003131   Thumb Code   112  mbfunccoils.o(i.eMBFuncWriteCoil)
    eMBFuncWriteHoldingRegister              0x080031a1   Thumb Code    66  mbfuncholding.o(i.eMBFuncWriteHoldingRegister)
    eMBFuncWriteMultipleCoils                0x080031e3   Thumb Code   144  mbfunccoils.o(i.eMBFuncWriteMultipleCoils)
    eMBFuncWriteMultipleHoldingRegister      0x08003273   Thumb Code   110  mbfuncholding.o(i.eMBFuncWriteMultipleHoldingRegister)
    eMBInit                                  0x080032e1   Thumb Code   150  mb.o(i.eMBInit)
    eMBPoll                                  0x080033c1   Thumb Code   260  mb.o(i.eMBPoll)
    eMBRTUInit                               0x080034ed   Thumb Code    80  mbrtu.o(i.eMBRTUInit)
    eMBRTUReceive                            0x08003541   Thumb Code    66  mbrtu.o(i.eMBRTUReceive)
    eMBRTUSend                               0x0800358d   Thumb Code   120  mbrtu.o(i.eMBRTUSend)
    eMBRTUStart                              0x08003619   Thumb Code    26  mbrtu.o(i.eMBRTUStart)
    eMBRTUStop                               0x08003639   Thumb Code    20  mbrtu.o(i.eMBRTUStop)
    eMBRegCoilsCB                            0x0800364d   Thumb Code    14  freertos.o(i.eMBRegCoilsCB)
    eMBRegDiscreteCB                         0x0800365b   Thumb Code    12  freertos.o(i.eMBRegDiscreteCB)
    eMBRegHoldingCB                          0x08003669   Thumb Code   482  freertos.o(i.eMBRegHoldingCB)
    eMBRegInputCB                            0x0800385d   Thumb Code    16  freertos.o(i.eMBRegInputCB)
    flash_erase_page                         0x0800386d   Thumb Code    52  main.o(i.flash_erase_page)
    flash_lock                               0x080038a5   Thumb Code    14  main.o(i.flash_lock)
    flash_ready                              0x080038b9   Thumb Code    14  main.o(i.flash_ready)
    flash_unlock                             0x080038cd   Thumb Code    12  main.o(i.flash_unlock)
    flash_write                              0x080038e5   Thumb Code    68  main.o(i.flash_write)
    main                                     0x0800392d   Thumb Code   132  main.o(i.main)
    map                                      0x080039c7   Thumb Code   104  freertos.o(i.map)
    osDelay                                  0x08003a2f   Thumb Code    24  cmsis_os.o(i.osDelay)
    osKernelStart                            0x08003a47   Thumb Code    10  cmsis_os.o(i.osKernelStart)
    osThreadCreate                           0x08003a51   Thumb Code    94  cmsis_os.o(i.osThreadCreate)
    prveMBError2Exception                    0x08003f29   Thumb Code    34  mbutils.o(i.prveMBError2Exception)
    pvPortMalloc                             0x08003f4d   Thumb Code   296  heap_4.o(i.pvPortMalloc)
    pxPortInitialiseStack                    0x08004089   Thumb Code    30  port_1.o(i.pxPortInitialiseStack)
    usMBCRC16                                0x080040ad   Thumb Code    48  mbcrc.o(i.usMBCRC16)
    uxListRemove                             0x080040e5   Thumb Code    40  list.o(i.uxListRemove)
    vApplicationGetIdleTaskMemory            0x0800410d   Thumb Code    14  freertos.o(i.vApplicationGetIdleTaskMemory)
    vListInitialise                          0x08004125   Thumb Code    26  list.o(i.vListInitialise)
    vListInitialiseItem                      0x0800413f   Thumb Code     6  list.o(i.vListInitialiseItem)
    vListInsert                              0x08004145   Thumb Code    52  list.o(i.vListInsert)
    vListInsertEnd                           0x08004179   Thumb Code    24  list.o(i.vListInsertEnd)
    vMBPortSerialEnable                      0x08004191   Thumb Code   116  portserial.o(i.vMBPortSerialEnable)
    vMBPortTimersDisable                     0x0800420d   Thumb Code    10  porttimer.o(i.vMBPortTimersDisable)
    vMBPortTimersEnable                      0x0800421d   Thumb Code    18  porttimer.o(i.vMBPortTimersEnable)
    vPortEnterCritical                       0x0800423d   Thumb Code    76  port_1.o(i.vPortEnterCritical)
    vPortExitCritical                        0x08004291   Thumb Code    56  port_1.o(i.vPortExitCritical)
    vPortFree                                0x080042cd   Thumb Code   140  heap_4.o(i.vPortFree)
    vPortSetupTimerInterrupt                 0x08004361   Thumb Code    36  port_1.o(i.vPortSetupTimerInterrupt)
    vTaskDelay                               0x08004389   Thumb Code    82  tasks.o(i.vTaskDelay)
    vTaskStartScheduler                      0x080043e5   Thumb Code   146  tasks.o(i.vTaskStartScheduler)
    vTaskSuspendAll                          0x08004495   Thumb Code    12  tasks.o(i.vTaskSuspendAll)
    vTaskSwitchContext                       0x080044a5   Thumb Code   118  tasks.o(i.vTaskSwitchContext)
    xMBPortEventGet                          0x08004531   Thumb Code    26  portevent.o(i.xMBPortEventGet)
    xMBPortEventInit                         0x08004555   Thumb Code    10  portevent.o(i.xMBPortEventInit)
    xMBPortEventPost                         0x08004565   Thumb Code    16  portevent.o(i.xMBPortEventPost)
    xMBPortSerialGetByte                     0x0800457d   Thumb Code    16  portserial.o(i.xMBPortSerialGetByte)
    xMBPortSerialInit                        0x08004591   Thumb Code   126  portserial.o(i.xMBPortSerialInit)
    xMBPortSerialPutByte                     0x08004619   Thumb Code    22  portserial.o(i.xMBPortSerialPutByte)
    xMBPortTimersInit                        0x08004635   Thumb Code    82  porttimer.o(i.xMBPortTimersInit)
    xMBRTUReceiveFSM                         0x08004695   Thumb Code   122  mbrtu.o(i.xMBRTUReceiveFSM)
    xMBRTUTimerT35Expired                    0x0800471d   Thumb Code    60  mbrtu.o(i.xMBRTUTimerT35Expired)
    xMBRTUTransmitFSM                        0x0800475d   Thumb Code    94  mbrtu.o(i.xMBRTUTransmitFSM)
    xPortStartScheduler                      0x080047c9   Thumb Code   228  port_1.o(i.xPortStartScheduler)
    xTaskCreate                              0x080048c1   Thumb Code   100  tasks.o(i.xTaskCreate)
    xTaskCreateStatic                        0x08004925   Thumb Code   184  tasks.o(i.xTaskCreateStatic)
    xTaskIncrementTick                       0x080049dd   Thumb Code   282  tasks.o(i.xTaskIncrementTick)
    xTaskResumeAll                           0x08004b25   Thumb Code   224  tasks.o(i.xTaskResumeAll)
    AHBPrescTable                            0x08004e44   Data          16  system_stm32f1xx.o(.constdata)
    APBPrescTable                            0x08004e54   Data           8  system_stm32f1xx.o(.constdata)
    Region$$Table$$Base                      0x08004e68   Number         0  anon$$obj.o(Region$$Table)
    Region$$Table$$Limit                     0x08004e88   Number         0  anon$$obj.o(Region$$Table)
    pxMBFrameCBByteReceived                  0x20000028   Data           4  mb.o(.data)
    pxMBFrameCBTransmitterEmpty              0x2000002c   Data           4  mb.o(.data)
    pxMBPortCBTimerExpired                   0x20000030   Data           4  mb.o(.data)
    pxMBFrameCBReceiveFSMCur                 0x20000034   Data           4  mb.o(.data)
    pxMBFrameCBTransmitFSMCur                0x20000038   Data           4  mb.o(.data)
    serial                                   0x200000c8   Data           4  portserial.o(.data)
    timeout                                  0x200000cc   Data           2  porttimer.o(.data)
    downcounter                              0x200000ce   Data           2  porttimer.o(.data)
    Out                                      0x200000d0   Data          64  freertos.o(.data)
    defaultTaskHandle                        0x20000110   Data           4  freertos.o(.data)
    uwTick                                   0x20000114   Data           4  stm32f1xx_hal.o(.data)
    uwTickPrio                               0x20000118   Data           4  stm32f1xx_hal.o(.data)
    uwTickFreq                               0x2000011c   Data           1  stm32f1xx_hal.o(.data)
    SystemCoreClock                          0x20000120   Data           4  system_stm32f1xx.o(.data)
    pxCurrentTCB                             0x20000124   Data           4  tasks.o(.data)
    ucRTUBuf                                 0x200001a4   Data         256  mbrtu.o(.bss)
    Settings                                 0x200002a4   Data          40  main.o(.bss)
    hcan                                     0x200002cc   Data          40  can.o(.bss)
    htim2                                    0x20000548   Data          64  tim.o(.bss)
    htim3                                    0x20000588   Data          64  tim.o(.bss)
    huart2                                   0x200005c8   Data          64  usart.o(.bss)
    htim7                                    0x20000608   Data          64  stm32f1xx_hal_timebase_tim.o(.bss)
    __initial_sp                             0x20001738   Data           0  startup_stm32f103xe.o(STACK)



==============================================================================

Memory Map of the image

  Image Entry point : 0x08000131

  Load Region LR_IROM1 (Base: 0x08000000, Size: 0x0000500c, Max: 0x00040000, ABSOLUTE, COMPRESSED[0x00004ee4])

    Execution Region ER_IROM1 (Exec base: 0x08000000, Load base: 0x08000000, Size: 0x00004e88, Max: 0x00040000, ABSOLUTE)

    Exec Addr    Load Addr    Size         Type   Attr      Idx    E Section Name        Object

    0x08000000   0x08000000   0x00000130   Data   RO            3    RESET               startup_stm32f103xe.o
    0x08000130   0x08000130   0x00000000   Code   RO         5068  * .ARM.Collect$$$$00000000  mc_w.l(entry.o)
    0x08000130   0x08000130   0x00000004   Code   RO         5091    .ARM.Collect$$$$00000001  mc_w.l(entry2.o)
    0x08000134   0x08000134   0x00000004   Code   RO         5094    .ARM.Collect$$$$00000004  mc_w.l(entry5.o)
    0x08000138   0x08000138   0x00000000   Code   RO         5096    .ARM.Collect$$$$00000008  mc_w.l(entry7b.o)
    0x08000138   0x08000138   0x00000000   Code   RO         5098    .ARM.Collect$$$$0000000A  mc_w.l(entry8b.o)
    0x08000138   0x08000138   0x00000008   Code   RO         5099    .ARM.Collect$$$$0000000B  mc_w.l(entry9a.o)
    0x08000140   0x08000140   0x00000000   Code   RO         5101    .ARM.Collect$$$$0000000D  mc_w.l(entry10a.o)
    0x08000140   0x08000140   0x00000000   Code   RO         5103    .ARM.Collect$$$$0000000F  mc_w.l(entry11a.o)
    0x08000140   0x08000140   0x00000004   Code   RO         5092    .ARM.Collect$$$$00002712  mc_w.l(entry2.o)
    0x08000144   0x08000144   0x00000096   Code   RO         4991    .emb_text           port_1.o
    0x080001da   0x080001da   0x00000002   PAD
    0x080001dc   0x080001dc   0x00000024   Code   RO            4    .text               startup_stm32f103xe.o
    0x08000200   0x08000200   0x00000020   Code   RO         5071    .text               mc_w.l(llushr.o)
    0x08000220   0x08000220   0x00000024   Code   RO         5073    .text               mc_w.l(memcpya.o)
    0x08000244   0x08000244   0x00000024   Code   RO         5077    .text               mc_w.l(memseta.o)
    0x08000268   0x08000268   0x0000014e   Code   RO         5081    .text               mf_w.l(dadd.o)
    0x080003b6   0x080003b6   0x000000e4   Code   RO         5083    .text               mf_w.l(dmul.o)
    0x0800049a   0x0800049a   0x000000de   Code   RO         5085    .text               mf_w.l(ddiv.o)
    0x08000578   0x08000578   0x0000001a   Code   RO         5087    .text               mf_w.l(dfltui.o)
    0x08000592   0x08000592   0x00000032   Code   RO         5089    .text               mf_w.l(dfixui.o)
    0x080005c4   0x080005c4   0x0000001e   Code   RO         5105    .text               mc_w.l(llshl.o)
    0x080005e2   0x080005e2   0x00000024   Code   RO         5107    .text               mc_w.l(llsshr.o)
    0x08000606   0x08000606   0x00000000   Code   RO         5109    .text               mc_w.l(iusefp.o)
    0x08000606   0x08000606   0x000000ba   Code   RO         5110    .text               mf_w.l(depilogue.o)
    0x080006c0   0x080006c0   0x00000024   Code   RO         5112    .text               mc_w.l(init.o)
    0x080006e4   0x080006e4   0x00000056   Code   RO         5122    .text               mc_w.l(__dczerorl2.o)
    0x0800073a   0x0800073a   0x00000004   Code   RO         1058    i.BusFault_Handler  stm32f1xx_it.o
    0x0800073e   0x0800073e   0x00000002   Code   RO         1059    i.DebugMon_Handler  stm32f1xx_it.o
    0x08000740   0x08000740   0x0000000a   Code   RO         1060    i.EXTI3_IRQHandler  stm32f1xx_it.o
    0x0800074a   0x0800074a   0x00000002   Code   RO          665    i.Error_Handler     main.o
    0x0800074c   0x0800074c   0x00000036   Code   RO          666    i.FLASH_WriteSettings  main.o
    0x08000782   0x08000782   0x00000020   Code   RO          667    i.Flash_ReadParams  main.o
    0x080007a2   0x080007a2   0x00000174   Code   RO         1259    i.HAL_CAN_Init      stm32f1xx_hal_can.o
    0x08000916   0x08000916   0x00000002   PAD
    0x08000918   0x08000918   0x000000a0   Code   RO          834    i.HAL_CAN_MspInit   can.o
    0x080009b8   0x080009b8   0x000001a8   Code   RO         1864    i.HAL_DMA_Abort_IT  stm32f1xx_hal_dma.o
    0x08000b60   0x08000b60   0x00000030   Code   RO          875    i.HAL_GPIO_EXTI_Callback  freertos.o
    0x08000b90   0x08000b90   0x0000001c   Code   RO         1798    i.HAL_GPIO_EXTI_IRQHandler  stm32f1xx_hal_gpio.o
    0x08000bac   0x08000bac   0x00000340   Code   RO         1799    i.HAL_GPIO_Init     stm32f1xx_hal_gpio.o
    0x08000eec   0x08000eec   0x0000000c   Code   RO         1803    i.HAL_GPIO_WritePin  stm32f1xx_hal_gpio.o
    0x08000ef8   0x08000ef8   0x0000000c   Code   RO         1490    i.HAL_GetTick       stm32f1xx_hal.o
    0x08000f04   0x08000f04   0x00000018   Code   RO         1496    i.HAL_IncTick       stm32f1xx_hal.o
    0x08000f1c   0x08000f1c   0x00000028   Code   RO         1497    i.HAL_Init          stm32f1xx_hal.o
    0x08000f44   0x08000f44   0x00000088   Code   RO         1170    i.HAL_InitTick      stm32f1xx_hal_timebase_tim.o
    0x08000fcc   0x08000fcc   0x00000060   Code   RO         1146    i.HAL_MspInit       stm32f1xx_hal_msp.o
    0x0800102c   0x0800102c   0x00000020   Code   RO         1959    i.HAL_NVIC_EnableIRQ  stm32f1xx_hal_cortex.o
    0x0800104c   0x0800104c   0x0000007c   Code   RO         1965    i.HAL_NVIC_SetPriority  stm32f1xx_hal_cortex.o
    0x080010c8   0x080010c8   0x00000028   Code   RO         1966    i.HAL_NVIC_SetPriorityGrouping  stm32f1xx_hal_cortex.o
    0x080010f0   0x080010f0   0x0000018c   Code   RO         1654    i.HAL_RCC_ClockConfig  stm32f1xx_hal_rcc.o
    0x0800127c   0x0800127c   0x00000044   Code   RO         1658    i.HAL_RCC_GetClockConfig  stm32f1xx_hal_rcc.o
    0x080012c0   0x080012c0   0x0000000c   Code   RO         1659    i.HAL_RCC_GetHCLKFreq  stm32f1xx_hal_rcc.o
    0x080012cc   0x080012cc   0x00000020   Code   RO         1661    i.HAL_RCC_GetPCLK1Freq  stm32f1xx_hal_rcc.o
    0x080012ec   0x080012ec   0x00000020   Code   RO         1662    i.HAL_RCC_GetPCLK2Freq  stm32f1xx_hal_rcc.o
    0x0800130c   0x0800130c   0x00000098   Code   RO         1663    i.HAL_RCC_GetSysClockFreq  stm32f1xx_hal_rcc.o
    0x080013a4   0x080013a4   0x00000464   Code   RO         1666    i.HAL_RCC_OscConfig  stm32f1xx_hal_rcc.o
    0x08001808   0x08001808   0x00000002   Code   RO         3173    i.HAL_TIMEx_BreakCallback  stm32f1xx_hal_tim_ex.o
    0x0800180a   0x0800180a   0x00000002   Code   RO         3174    i.HAL_TIMEx_CommutCallback  stm32f1xx_hal_tim_ex.o
    0x0800180c   0x0800180c   0x00000054   Code   RO         3191    i.HAL_TIMEx_MasterConfigSynchronization  stm32f1xx_hal_tim_ex.o
    0x08001860   0x08001860   0x00000034   Code   RO         2487    i.HAL_TIM_Base_Init  stm32f1xx_hal_tim.o
    0x08001894   0x08001894   0x00000078   Code   RO          963    i.HAL_TIM_Base_MspInit  tim.o
    0x0800190c   0x0800190c   0x0000002a   Code   RO         2492    i.HAL_TIM_Base_Start_IT  stm32f1xx_hal_tim.o
    0x08001936   0x08001936   0x00000038   Code   RO         2495    i.HAL_TIM_Base_Stop_IT  stm32f1xx_hal_tim.o
    0x0800196e   0x0800196e   0x00000108   Code   RO         2496    i.HAL_TIM_ConfigClockSource  stm32f1xx_hal_tim.o
    0x08001a76   0x08001a76   0x00000002   Code   RO         2516    i.HAL_TIM_IC_CaptureCallback  stm32f1xx_hal_tim.o
    0x08001a78   0x08001a78   0x00000196   Code   RO         2530    i.HAL_TIM_IRQHandler  stm32f1xx_hal_tim.o
    0x08001c0e   0x08001c0e   0x00000002   PAD
    0x08001c10   0x08001c10   0x00000070   Code   RO          964    i.HAL_TIM_MspPostInit  tim.o
    0x08001c80   0x08001c80   0x00000002   Code   RO         2533    i.HAL_TIM_OC_DelayElapsedCallback  stm32f1xx_hal_tim.o
    0x08001c82   0x08001c82   0x0000004c   Code   RO         2547    i.HAL_TIM_OnePulse_Init  stm32f1xx_hal_tim.o
    0x08001cce   0x08001cce   0x00000002   Code   RO         2549    i.HAL_TIM_OnePulse_MspInit  stm32f1xx_hal_tim.o
    0x08001cd0   0x08001cd0   0x00000108   Code   RO         2554    i.HAL_TIM_PWM_ConfigChannel  stm32f1xx_hal_tim.o
    0x08001dd8   0x08001dd8   0x00000034   Code   RO         2557    i.HAL_TIM_PWM_Init  stm32f1xx_hal_tim.o
    0x08001e0c   0x08001e0c   0x00000002   Code   RO         2559    i.HAL_TIM_PWM_MspInit  stm32f1xx_hal_tim.o
    0x08001e0e   0x08001e0e   0x00000002   Code   RO         2560    i.HAL_TIM_PWM_PulseFinishedCallback  stm32f1xx_hal_tim.o
    0x08001e10   0x08001e10   0x00000058   Code   RO         2562    i.HAL_TIM_PWM_Start  stm32f1xx_hal_tim.o
    0x08001e68   0x08001e68   0x00000018   Code   RO          668    i.HAL_TIM_PeriodElapsedCallback  main.o
    0x08001e80   0x08001e80   0x00000002   Code   RO         2573    i.HAL_TIM_TriggerCallback  stm32f1xx_hal_tim.o
    0x08001e82   0x08001e82   0x00000002   Code   RO         3445    i.HAL_UART_ErrorCallback  stm32f1xx_hal_uart.o
    0x08001e84   0x08001e84   0x0000014c   Code   RO         3448    i.HAL_UART_IRQHandler  stm32f1xx_hal_uart.o
    0x08001fd0   0x08001fd0   0x00000072   Code   RO         3449    i.HAL_UART_Init     stm32f1xx_hal_uart.o
    0x08002042   0x08002042   0x00000002   PAD
    0x08002044   0x08002044   0x00000094   Code   RO         1017    i.HAL_UART_MspInit  usart.o
    0x080020d8   0x080020d8   0x00000002   Code   RO         3455    i.HAL_UART_RxCpltCallback  stm32f1xx_hal_uart.o
    0x080020da   0x080020da   0x000000d6   Code   RO         3457    i.HAL_UART_Transmit  stm32f1xx_hal_uart.o
    0x080021b0   0x080021b0   0x00000002   Code   RO         3460    i.HAL_UART_TxCpltCallback  stm32f1xx_hal_uart.o
    0x080021b2   0x080021b2   0x00000004   Code   RO         1061    i.HardFault_Handler  stm32f1xx_it.o
    0x080021b6   0x080021b6   0x00000002   PAD
    0x080021b8   0x080021b8   0x00000038   Code   RO          835    i.MX_CAN_Init       can.o
    0x080021f0   0x080021f0   0x00000028   Code   RO          876    i.MX_FREERTOS_Init  freertos.o
    0x08002218   0x08002218   0x00000110   Code   RO          809    i.MX_GPIO_Init      gpio.o
    0x08002328   0x08002328   0x00000064   Code   RO          965    i.MX_TIM2_Init      tim.o
    0x0800238c   0x0800238c   0x000000e0   Code   RO          966    i.MX_TIM3_Init      tim.o
    0x0800246c   0x0800246c   0x00000038   Code   RO         1018    i.MX_USART2_UART_Init  usart.o
    0x080024a4   0x080024a4   0x00000004   Code   RO         1062    i.MemManage_Handler  stm32f1xx_it.o
    0x080024a8   0x080024a8   0x00000002   Code   RO         1063    i.NMI_Handler       stm32f1xx_it.o
    0x080024aa   0x080024aa   0x00000002   PAD
    0x080024ac   0x080024ac   0x00000028   Code   RO         1667    i.RCC_Delay         stm32f1xx_hal_rcc.o
    0x080024d4   0x080024d4   0x00000038   Code   RO          877    i.StartDefaultTask  freertos.o
    0x0800250c   0x0800250c   0x00000034   Code   RO         4992    i.SysTick_Handler   port_1.o
    0x08002540   0x08002540   0x00000066   Code   RO          669    i.SystemClock_Config  main.o
    0x080025a6   0x080025a6   0x00000002   PAD
    0x080025a8   0x080025a8   0x00000058   Code   RO         3756    i.SystemInit        system_stm32f1xx.o
    0x08002600   0x08002600   0x0000004c   Code   RO         1064    i.TIM2_IRQHandler   stm32f1xx_it.o
    0x0800264c   0x0800264c   0x00000010   Code   RO         1065    i.TIM3_IRQHandler   stm32f1xx_it.o
    0x0800265c   0x0800265c   0x00000010   Code   RO         1066    i.TIM7_IRQHandler   stm32f1xx_it.o
    0x0800266c   0x0800266c   0x0000009c   Code   RO         2575    i.TIM_Base_SetConfig  stm32f1xx_hal_tim.o
    0x08002708   0x08002708   0x00000022   Code   RO         2576    i.TIM_CCxChannelCmd  stm32f1xx_hal_tim.o
    0x0800272a   0x0800272a   0x00000016   Code   RO         2586    i.TIM_ETR_SetConfig  stm32f1xx_hal_tim.o
    0x08002740   0x08002740   0x00000012   Code   RO         2587    i.TIM_ITRx_SetConfig  stm32f1xx_hal_tim.o
    0x08002752   0x08002752   0x00000002   PAD
    0x08002754   0x08002754   0x00000070   Code   RO         2588    i.TIM_OC1_SetConfig  stm32f1xx_hal_tim.o
    0x080027c4   0x080027c4   0x0000007c   Code   RO         2589    i.TIM_OC2_SetConfig  stm32f1xx_hal_tim.o
    0x08002840   0x08002840   0x00000078   Code   RO         2590    i.TIM_OC3_SetConfig  stm32f1xx_hal_tim.o
    0x080028b8   0x080028b8   0x00000054   Code   RO         2591    i.TIM_OC4_SetConfig  stm32f1xx_hal_tim.o
    0x0800290c   0x0800290c   0x00000026   Code   RO         2593    i.TIM_TI1_ConfigInputStage  stm32f1xx_hal_tim.o
    0x08002932   0x08002932   0x00000028   Code   RO         2595    i.TIM_TI2_ConfigInputStage  stm32f1xx_hal_tim.o
    0x0800295a   0x0800295a   0x00000014   Code   RO         3462    i.UART_DMAAbortOnError  stm32f1xx_hal_uart.o
    0x0800296e   0x0800296e   0x00000020   Code   RO         3472    i.UART_EndRxTransfer  stm32f1xx_hal_uart.o
    0x0800298e   0x0800298e   0x00000020   Code   RO         3473    i.UART_EndTransmit_IT  stm32f1xx_hal_uart.o
    0x080029ae   0x080029ae   0x000000a6   Code   RO         3475    i.UART_Receive_IT   stm32f1xx_hal_uart.o
    0x08002a54   0x08002a54   0x000001a0   Code   RO         3476    i.UART_SetConfig    stm32f1xx_hal_uart.o
    0x08002bf4   0x08002bf4   0x00000068   Code   RO         3477    i.UART_Transmit_IT  stm32f1xx_hal_uart.o
    0x08002c5c   0x08002c5c   0x0000006c   Code   RO         3478    i.UART_WaitOnFlagUntilTimeout  stm32f1xx_hal_uart.o
    0x08002cc8   0x08002cc8   0x00000074   Code   RO         1067    i.USART2_IRQHandler  stm32f1xx_it.o
    0x08002d3c   0x08002d3c   0x00000004   Code   RO         1068    i.UsageFault_Handler  stm32f1xx_it.o
    0x08002d40   0x08002d40   0x00000010   Code   RO         1972    i.__NVIC_GetPriorityGrouping  stm32f1xx_hal_cortex.o
    0x08002d50   0x08002d50   0x00000028   Code   RO         1973    i.__NVIC_SetPriority  stm32f1xx_hal_cortex.o
    0x08002d78   0x08002d78   0x0000000e   Code   RO         5116    i.__scatterload_copy  mc_w.l(handlers.o)
    0x08002d86   0x08002d86   0x00000002   Code   RO         5117    i.__scatterload_null  mc_w.l(handlers.o)
    0x08002d88   0x08002d88   0x0000000e   Code   RO         5118    i.__scatterload_zeroinit  mc_w.l(handlers.o)
    0x08002d96   0x08002d96   0x00000002   PAD
    0x08002d98   0x08002d98   0x00000028   Code   RO          443    i.eMBEnable         mb.o
    0x08002dc0   0x08002dc0   0x000000ae   Code   RO           13    i.eMBFuncReadCoils  mbfunccoils.o
    0x08002e6e   0x08002e6e   0x000000ac   Code   RO          174    i.eMBFuncReadDiscreteInputs  mbfuncdisc.o
    0x08002f1a   0x08002f1a   0x0000008e   Code   RO          198    i.eMBFuncReadHoldingRegister  mbfuncholding.o
    0x08002fa8   0x08002fa8   0x0000008c   Code   RO          240    i.eMBFuncReadInputRegister  mbfuncinput.o
    0x08003034   0x08003034   0x000000d4   Code   RO          199    i.eMBFuncReadWriteMultipleHoldingRegister  mbfuncholding.o
    0x08003108   0x08003108   0x00000028   Code   RO          264    i.eMBFuncReportSlaveID  mbfuncother.o
    0x08003130   0x08003130   0x00000070   Code   RO           14    i.eMBFuncWriteCoil  mbfunccoils.o
    0x080031a0   0x080031a0   0x00000042   Code   RO          200    i.eMBFuncWriteHoldingRegister  mbfuncholding.o
    0x080031e2   0x080031e2   0x00000090   Code   RO           15    i.eMBFuncWriteMultipleCoils  mbfunccoils.o
    0x08003272   0x08003272   0x0000006e   Code   RO          201    i.eMBFuncWriteMultipleHoldingRegister  mbfuncholding.o
    0x080032e0   0x080032e0   0x000000e0   Code   RO          444    i.eMBInit           mb.o
    0x080033c0   0x080033c0   0x0000012c   Code   RO          445    i.eMBPoll           mb.o
    0x080034ec   0x080034ec   0x00000054   Code   RO          365    i.eMBRTUInit        mbrtu.o
    0x08003540   0x08003540   0x0000004c   Code   RO          366    i.eMBRTUReceive     mbrtu.o
    0x0800358c   0x0800358c   0x0000008c   Code   RO          367    i.eMBRTUSend        mbrtu.o
    0x08003618   0x08003618   0x00000020   Code   RO          368    i.eMBRTUStart       mbrtu.o
    0x08003638   0x08003638   0x00000014   Code   RO          369    i.eMBRTUStop        mbrtu.o
    0x0800364c   0x0800364c   0x0000000e   Code   RO          878    i.eMBRegCoilsCB     freertos.o
    0x0800365a   0x0800365a   0x0000000c   Code   RO          879    i.eMBRegDiscreteCB  freertos.o
    0x08003666   0x08003666   0x00000002   PAD
    0x08003668   0x08003668   0x000001f4   Code   RO          880    i.eMBRegHoldingCB   freertos.o
    0x0800385c   0x0800385c   0x00000010   Code   RO          881    i.eMBRegInputCB     freertos.o
    0x0800386c   0x0800386c   0x00000038   Code   RO          670    i.flash_erase_page  main.o
    0x080038a4   0x080038a4   0x00000014   Code   RO          671    i.flash_lock        main.o
    0x080038b8   0x080038b8   0x00000014   Code   RO          672    i.flash_ready       main.o
    0x080038cc   0x080038cc   0x00000018   Code   RO          673    i.flash_unlock      main.o
    0x080038e4   0x080038e4   0x00000048   Code   RO          674    i.flash_write       main.o
    0x0800392c   0x0800392c   0x0000008c   Code   RO          675    i.main              main.o
    0x080039b8   0x080039b8   0x0000000e   Code   RO         4563    i.makeFreeRtosPriority  cmsis_os.o
    0x080039c6   0x080039c6   0x00000068   Code   RO          882    i.map               freertos.o
    0x08003a2e   0x08003a2e   0x00000018   Code   RO         4565    i.osDelay           cmsis_os.o
    0x08003a46   0x08003a46   0x0000000a   Code   RO         4568    i.osKernelStart     cmsis_os.o
    0x08003a50   0x08003a50   0x0000005e   Code   RO         4602    i.osThreadCreate    cmsis_os.o
    0x08003aae   0x08003aae   0x00000002   PAD
    0x08003ab0   0x08003ab0   0x00000098   Code   RO         4249    i.prvAddCurrentTaskToDelayedList  tasks.o
    0x08003b48   0x08003b48   0x000000b4   Code   RO         4250    i.prvAddNewTaskToReadyList  tasks.o
    0x08003bfc   0x08003bfc   0x00000048   Code   RO         4251    i.prvCheckTasksWaitingTermination  tasks.o
    0x08003c44   0x08003c44   0x00000050   Code   RO         4252    i.prvDeleteTCB      tasks.o
    0x08003c94   0x08003c94   0x0000007c   Code   RO         4930    i.prvHeapInit       heap_4.o
    0x08003d10   0x08003d10   0x00000028   Code   RO         4253    i.prvIdleTask       tasks.o
    0x08003d38   0x08003d38   0x000000aa   Code   RO         4254    i.prvInitialiseNewTask  tasks.o
    0x08003de2   0x08003de2   0x00000002   PAD
    0x08003de4   0x08003de4   0x00000068   Code   RO         4255    i.prvInitialiseTaskLists  tasks.o
    0x08003e4c   0x08003e4c   0x00000068   Code   RO         4931    i.prvInsertBlockIntoFreeList  heap_4.o
    0x08003eb4   0x08003eb4   0x00000034   Code   RO         4256    i.prvResetNextTaskUnblockTime  tasks.o
    0x08003ee8   0x08003ee8   0x00000040   Code   RO         4993    i.prvTaskExitError  port_1.o
    0x08003f28   0x08003f28   0x00000022   Code   RO          297    i.prveMBError2Exception  mbutils.o
    0x08003f4a   0x08003f4a   0x00000002   PAD
    0x08003f4c   0x08003f4c   0x0000013c   Code   RO         4932    i.pvPortMalloc      heap_4.o
    0x08004088   0x08004088   0x00000024   Code   RO         4994    i.pxPortInitialiseStack  port_1.o
    0x080040ac   0x080040ac   0x00000038   Code   RO          333    i.usMBCRC16         mbcrc.o
    0x080040e4   0x080040e4   0x00000028   Code   RO         3887    i.uxListRemove      list.o
    0x0800410c   0x0800410c   0x00000018   Code   RO          883    i.vApplicationGetIdleTaskMemory  freertos.o
    0x08004124   0x08004124   0x0000001a   Code   RO         3888    i.vListInitialise   list.o
    0x0800413e   0x0800413e   0x00000006   Code   RO         3889    i.vListInitialiseItem  list.o
    0x08004144   0x08004144   0x00000034   Code   RO         3890    i.vListInsert       list.o
    0x08004178   0x08004178   0x00000018   Code   RO         3891    i.vListInsertEnd    list.o
    0x08004190   0x08004190   0x0000007c   Code   RO          574    i.vMBPortSerialEnable  portserial.o
    0x0800420c   0x0800420c   0x00000010   Code   RO          625    i.vMBPortTimersDisable  porttimer.o
    0x0800421c   0x0800421c   0x00000020   Code   RO          626    i.vMBPortTimersEnable  porttimer.o
    0x0800423c   0x0800423c   0x00000054   Code   RO         4996    i.vPortEnterCritical  port_1.o
    0x08004290   0x08004290   0x0000003c   Code   RO         4997    i.vPortExitCritical  port_1.o
    0x080042cc   0x080042cc   0x00000094   Code   RO         4933    i.vPortFree         heap_4.o
    0x08004360   0x08004360   0x00000028   Code   RO         4998    i.vPortSetupTimerInterrupt  port_1.o
    0x08004388   0x08004388   0x0000005c   Code   RO         4264    i.vTaskDelay        tasks.o
    0x080043e4   0x080043e4   0x000000b0   Code   RO         4277    i.vTaskStartScheduler  tasks.o
    0x08004494   0x08004494   0x00000010   Code   RO         4279    i.vTaskSuspendAll   tasks.o
    0x080044a4   0x080044a4   0x0000008c   Code   RO         4280    i.vTaskSwitchContext  tasks.o
    0x08004530   0x08004530   0x00000024   Code   RO          535    i.xMBPortEventGet   portevent.o
    0x08004554   0x08004554   0x00000010   Code   RO          536    i.xMBPortEventInit  portevent.o
    0x08004564   0x08004564   0x00000018   Code   RO          537    i.xMBPortEventPost  portevent.o
    0x0800457c   0x0800457c   0x00000014   Code   RO          575    i.xMBPortSerialGetByte  portserial.o
    0x08004590   0x08004590   0x00000088   Code   RO          576    i.xMBPortSerialInit  portserial.o
    0x08004618   0x08004618   0x0000001c   Code   RO          577    i.xMBPortSerialPutByte  portserial.o
    0x08004634   0x08004634   0x00000060   Code   RO          627    i.xMBPortTimersInit  porttimer.o
    0x08004694   0x08004694   0x00000088   Code   RO          370    i.xMBRTUReceiveFSM  mbrtu.o
    0x0800471c   0x0800471c   0x00000040   Code   RO          371    i.xMBRTUTimerT35Expired  mbrtu.o
    0x0800475c   0x0800475c   0x0000006c   Code   RO          372    i.xMBRTUTransmitFSM  mbrtu.o
    0x080047c8   0x080047c8   0x000000f8   Code   RO         5000    i.xPortStartScheduler  port_1.o
    0x080048c0   0x080048c0   0x00000064   Code   RO         4282    i.xTaskCreate       tasks.o
    0x08004924   0x08004924   0x000000b8   Code   RO         4283    i.xTaskCreateStatic  tasks.o
    0x080049dc   0x080049dc   0x00000148   Code   RO         4290    i.xTaskIncrementTick  tasks.o
    0x08004b24   0x08004b24   0x00000104   Code   RO         4296    i.xTaskResumeAll    tasks.o
    0x08004c28   0x08004c28   0x00000200   Data   RO          334    .constdata          mbcrc.o
    0x08004e28   0x08004e28   0x0000001c   Data   RO          885    .constdata          freertos.o
    0x08004e44   0x08004e44   0x00000018   Data   RO         3757    .constdata          system_stm32f1xx.o
    0x08004e5c   0x08004e5c   0x0000000c   Data   RO          886    .conststring        freertos.o
    0x08004e68   0x08004e68   0x00000020   Data   RO         5114    Region$$Table       anon$$obj.o


    Execution Region RW_IRAM1 (Exec base: 0x20000000, Load base: 0x08004e88, Size: 0x00001738, Max: 0x0000c000, ABSOLUTE, COMPRESSED[0x0000005c])

    Exec Addr    Load Addr    Size         Type   Attr      Idx    E Section Name        Object

    0x20000000   COMPRESSED   0x00000002   Data   RW          267    .data               mbfuncother.o
    0x20000002   COMPRESSED   0x00000002   PAD
    0x20000004   COMPRESSED   0x0000000c   Data   RW          374    .data               mbrtu.o
    0x20000010   COMPRESSED   0x000000b5   Data   RW          447    .data               mb.o
    0x200000c5   COMPRESSED   0x00000002   Data   RW          538    .data               portevent.o
    0x200000c7   COMPRESSED   0x00000001   PAD
    0x200000c8   COMPRESSED   0x00000004   Data   RW          578    .data               portserial.o
    0x200000cc   COMPRESSED   0x00000004   Data   RW          628    .data               porttimer.o
    0x200000d0   COMPRESSED   0x00000044   Data   RW          887    .data               freertos.o
    0x20000114   COMPRESSED   0x00000009   Data   RW         1504    .data               stm32f1xx_hal.o
    0x2000011d   COMPRESSED   0x00000003   PAD
    0x20000120   COMPRESSED   0x00000004   Data   RW         3758    .data               system_stm32f1xx.o
    0x20000124   COMPRESSED   0x0000003c   Data   RW         4299    .data               tasks.o
    0x20000160   COMPRESSED   0x00000018   Data   RW         4938    .data               heap_4.o
    0x20000178   COMPRESSED   0x0000000c   Data   RW         5001    .data               port_1.o
    0x20000184        -       0x00000020   Zero   RW          266    .bss                mbfuncother.o
    0x200001a4        -       0x00000100   Zero   RW          373    .bss                mbrtu.o
    0x200002a4        -       0x00000028   Zero   RW          676    .bss                main.o
    0x200002cc        -       0x00000028   Zero   RW          836    .bss                can.o
    0x200002f4        -       0x00000254   Zero   RW          884    .bss                freertos.o
    0x20000548        -       0x00000080   Zero   RW          967    .bss                tim.o
    0x200005c8        -       0x00000040   Zero   RW         1019    .bss                usart.o
    0x20000608        -       0x00000040   Zero   RW         1173    .bss                stm32f1xx_hal_timebase_tim.o
    0x20000648        -       0x000000f0   Zero   RW         4298    .bss                tasks.o
    0x20000738        -       0x00000c00   Zero   RW         4937    .bss                heap_4.o
    0x20001338        -       0x00000400   Zero   RW            1    STACK               startup_stm32f103xe.o


==============================================================================

Image component sizes


      Code (inc. data)   RO Data    RW Data    ZI Data      Debug   Object Name

       216         24          0          0         40       1531   can.o
       142          0          0          0          0      21835   cmsis_os.o
         0          0          0          0          0      16608   event_groups.o
       814         62         40         68        596       6575   freertos.o
       272         22          0          0          0        915   gpio.o
       692         62          0         24       3072       7039   heap_4.o
       148          0          0          0          0       3250   list.o
       546         46          0          0         40      36495   main.o
       564        122          0        181          0       4803   mb.o
        56          8        512          0          0       1748   mbcrc.o
       430          0          0          0          0     502300   mbfunccoils.o
       172          0          0          0          0       1636   mbfuncdisc.o
       530          0          0          0          0       5051   mbfuncholding.o
       140          0          0          0          0       1591   mbfuncinput.o
        40         10          0          2         32       1407   mbfuncother.o
       660         72          0         12        256       6163   mbrtu.o
        34          0          0          0          0        584   mbutils.o
       734         64          0         12          0      10092   port_1.o
        76         24          0          2          0       2132   portevent.o
       308         28          0          4          0       3182   portserial.o
       144         34          0          4          0       1883   porttimer.o
        36          8        304          0       1024        776   startup_stm32f103xe.o
        76         20          0          9          0       5074   stm32f1xx_hal.o
       372          0          0          0          0       1251   stm32f1xx_hal_can.o
       252         22          0          0          0      28502   stm32f1xx_hal_cortex.o
       424         10          0          0          0       1171   stm32f1xx_hal_dma.o
       872         44          0          0          0       3183   stm32f1xx_hal_gpio.o
        96         10          0          0          0        814   stm32f1xx_hal_msp.o
      1856        124          0          0          0       6381   stm32f1xx_hal_rcc.o
      2060         66          0          0          0      16434   stm32f1xx_hal_tim.o
        88          0          0          0          0       2245   stm32f1xx_hal_tim_ex.o
       136         18          0          0         64       1355   stm32f1xx_hal_timebase_tim.o
      1544         10          0          0          0       8887   stm32f1xx_hal_uart.o
       254         38          0          0          0       5261   stm32f1xx_it.o
         0          0          0          0          0        392   stream_buffer.o
        88         18         24          4          0       1079   system_stm32f1xx.o
      2146        270          0         60        240      16465   tasks.o
       556         36          0          0        128       2889   tim.o
       204         22          0          0         64       1510   usart.o

    ----------------------------------------------------------------------
     17802       1294        912        388       5556     740489   Object Totals
         0          0         32          0          0          0   (incl. Generated)
        24          0          0          6          0          0   (incl. Padding)

    ----------------------------------------------------------------------

      Code (inc. data)   RO Data    RW Data    ZI Data      Debug   Library Member Name

        86          0          0          0          0          0   __dczerorl2.o
         0          0          0          0          0          0   entry.o
         0          0          0          0          0          0   entry10a.o
         0          0          0          0          0          0   entry11a.o
         8          4          0          0          0          0   entry2.o
         4          0          0          0          0          0   entry5.o
         0          0          0          0          0          0   entry7b.o
         0          0          0          0          0          0   entry8b.o
         8          4          0          0          0          0   entry9a.o
        30          0          0          0          0          0   handlers.o
        36          8          0          0          0         68   init.o
         0          0          0          0          0          0   iusefp.o
        30          0          0          0          0         68   llshl.o
        36          0          0          0          0         68   llsshr.o
        32          0          0          0          0         68   llushr.o
        36          0          0          0          0         68   memcpya.o
        36          0          0          0          0        108   memseta.o
       334          0          0          0          0        148   dadd.o
       222          0          0          0          0        100   ddiv.o
       186          0          0          0          0        176   depilogue.o
        50          0          0          0          0         76   dfixui.o
        26          0          0          0          0         76   dfltui.o
       228          0          0          0          0         96   dmul.o

    ----------------------------------------------------------------------
      1390         16          0          0          0       1120   Library Totals
         2          0          0          0          0          0   (incl. Padding)

    ----------------------------------------------------------------------

      Code (inc. data)   RO Data    RW Data    ZI Data      Debug   Library Name

       342         16          0          0          0        448   mc_w.l
      1046          0          0          0          0        672   mf_w.l

    ----------------------------------------------------------------------
      1390         16          0          0          0       1120   Library Totals

    ----------------------------------------------------------------------

==============================================================================


      Code (inc. data)   RO Data    RW Data    ZI Data      Debug   

     19192       1310        912        388       5556     732429   Grand Totals
     19192       1310        912         92       5556     732429   ELF Image Totals (compressed)
     19192       1310        912         92          0          0   ROM Totals

==============================================================================

    Total RO  Size (Code + RO Data)                20104 (  19.63kB)
    Total RW  Size (RW Data + ZI Data)              5944 (   5.80kB)
    Total ROM Size (Code + RO Data + RW Data)      20196 (  19.72kB)

==============================================================================

