Component: ARM Compiler 5.06 update 5 (build 528) Tool: armlink [4d35e2]

==============================================================================

Section Cross References

    startup_stm32f103xe.o(RESET) refers to startup_stm32f103xe.o(STACK) for __initial_sp
    startup_stm32f103xe.o(RESET) refers to startup_stm32f103xe.o(.text) for Reset_Handler
    startup_stm32f103xe.o(RESET) refers to stm32f1xx_it.o(i.NMI_Handler) for NMI_Handler
    startup_stm32f103xe.o(RESET) refers to stm32f1xx_it.o(i.HardFault_Handler) for HardFault_Handler
    startup_stm32f103xe.o(RESET) refers to stm32f1xx_it.o(i.MemManage_Handler) for MemManage_Handler
    startup_stm32f103xe.o(RESET) refers to stm32f1xx_it.o(i.BusFault_Handler) for BusFault_Handler
    startup_stm32f103xe.o(RESET) refers to stm32f1xx_it.o(i.UsageFault_Handler) for UsageFault_Handler
    startup_stm32f103xe.o(RESET) refers to port_1.o(.emb_text) for SVC_Handler
    startup_stm32f103xe.o(RESET) refers to stm32f1xx_it.o(i.DebugMon_Handler) for DebugMon_Handler
    startup_stm32f103xe.o(RESET) refers to port_1.o(i.SysTick_Handler) for SysTick_Handler
    startup_stm32f103xe.o(RESET) refers to stm32f1xx_it.o(i.EXTI3_IRQHandler) for EXTI3_IRQHandler
    startup_stm32f103xe.o(RESET) refers to stm32f1xx_it.o(i.TIM2_IRQHandler) for TIM2_IRQHandler
    startup_stm32f103xe.o(RESET) refers to stm32f1xx_it.o(i.TIM3_IRQHandler) for TIM3_IRQHandler
    startup_stm32f103xe.o(RESET) refers to stm32f1xx_it.o(i.USART2_IRQHandler) for USART2_IRQHandler
    startup_stm32f103xe.o(RESET) refers to stm32f1xx_it.o(i.TIM7_IRQHandler) for TIM7_IRQHandler
    startup_stm32f103xe.o(.text) refers to system_stm32f1xx.o(i.SystemInit) for SystemInit
    startup_stm32f103xe.o(.text) refers to entry.o(.ARM.Collect$$$$00000000) for __main
    mbfunccoils.o(i.eMBFuncReadCoils) refers to freertos.o(i.eMBRegCoilsCB) for eMBRegCoilsCB
    mbfunccoils.o(i.eMBFuncReadCoils) refers to mbutils.o(i.prveMBError2Exception) for prveMBError2Exception
    mbfunccoils.o(i.eMBFuncWriteCoil) refers to freertos.o(i.eMBRegCoilsCB) for eMBRegCoilsCB
    mbfunccoils.o(i.eMBFuncWriteCoil) refers to mbutils.o(i.prveMBError2Exception) for prveMBError2Exception
    mbfunccoils.o(i.eMBFuncWriteMultipleCoils) refers to freertos.o(i.eMBRegCoilsCB) for eMBRegCoilsCB
    mbfunccoils.o(i.eMBFuncWriteMultipleCoils) refers to mbutils.o(i.prveMBError2Exception) for prveMBError2Exception
    mbfuncdisc.o(i.eMBFuncReadDiscreteInputs) refers to freertos.o(i.eMBRegDiscreteCB) for eMBRegDiscreteCB
    mbfuncdisc.o(i.eMBFuncReadDiscreteInputs) refers to mbutils.o(i.prveMBError2Exception) for prveMBError2Exception
    mbfuncholding.o(i.eMBFuncReadHoldingRegister) refers to freertos.o(i.eMBRegHoldingCB) for eMBRegHoldingCB
    mbfuncholding.o(i.eMBFuncReadHoldingRegister) refers to mbutils.o(i.prveMBError2Exception) for prveMBError2Exception
    mbfuncholding.o(i.eMBFuncReadWriteMultipleHoldingRegister) refers to freertos.o(i.eMBRegHoldingCB) for eMBRegHoldingCB
    mbfuncholding.o(i.eMBFuncReadWriteMultipleHoldingRegister) refers to mbutils.o(i.prveMBError2Exception) for prveMBError2Exception
    mbfuncholding.o(i.eMBFuncWriteHoldingRegister) refers to freertos.o(i.eMBRegHoldingCB) for eMBRegHoldingCB
    mbfuncholding.o(i.eMBFuncWriteHoldingRegister) refers to mbutils.o(i.prveMBError2Exception) for prveMBError2Exception
    mbfuncholding.o(i.eMBFuncWriteMultipleHoldingRegister) refers to freertos.o(i.eMBRegHoldingCB) for eMBRegHoldingCB
    mbfuncholding.o(i.eMBFuncWriteMultipleHoldingRegister) refers to mbutils.o(i.prveMBError2Exception) for prveMBError2Exception
    mbfuncinput.o(i.eMBFuncReadInputRegister) refers to freertos.o(i.eMBRegInputCB) for eMBRegInputCB
    mbfuncinput.o(i.eMBFuncReadInputRegister) refers to mbutils.o(i.prveMBError2Exception) for prveMBError2Exception
    mbfuncother.o(i.eMBFuncReportSlaveID) refers to memcpya.o(.text) for __aeabi_memcpy
    mbfuncother.o(i.eMBFuncReportSlaveID) refers to mbfuncother.o(.data) for usMBSlaveIDLen
    mbfuncother.o(i.eMBFuncReportSlaveID) refers to mbfuncother.o(.bss) for ucMBSlaveID
    mbfuncother.o(i.eMBSetSlaveID) refers to memcpya.o(.text) for __aeabi_memcpy
    mbfuncother.o(i.eMBSetSlaveID) refers to mbfuncother.o(.data) for usMBSlaveIDLen
    mbfuncother.o(i.eMBSetSlaveID) refers to mbfuncother.o(.bss) for ucMBSlaveID
    mbcrc.o(i.usMBCRC16) refers to mbcrc.o(.constdata) for aucCRCHi
    mbrtu.o(i.eMBRTUInit) refers to portserial.o(i.xMBPortSerialInit) for xMBPortSerialInit
    mbrtu.o(i.eMBRTUInit) refers to porttimer.o(i.xMBPortTimersInit) for xMBPortTimersInit
    mbrtu.o(i.eMBRTUReceive) refers to mbcrc.o(i.usMBCRC16) for usMBCRC16
    mbrtu.o(i.eMBRTUReceive) refers to mbrtu.o(.data) for usRcvBufferPos
    mbrtu.o(i.eMBRTUReceive) refers to mbrtu.o(.bss) for ucRTUBuf
    mbrtu.o(i.eMBRTUSend) refers to mbcrc.o(i.usMBCRC16) for usMBCRC16
    mbrtu.o(i.eMBRTUSend) refers to portserial.o(i.vMBPortSerialEnable) for vMBPortSerialEnable
[...]
    ../Src/stm32f1xx_it.c                    0x00000000   Number         0  stm32f1xx_it.o ABSOLUTE
    ../Src/system_stm32f1xx.c                0x00000000   Number         0  system_stm32f1xx.o ABSOLUTE
    ../Src/tim.c                             0x00000000   Number         0  tim.o ABSOLUTE
    ../Src/usart.c                           0x00000000   Number         0  usart.o ABSOLUTE
    ../clib/../cmprslib/zerorunl2.c          0x00000000   Number         0  __dczerorl2.o ABSOLUTE
    ../clib/microlib/init/entry.s            0x00000000   Number         0  entry11b.o ABSOLUTE
    ../clib/microlib/init/entry.s            0x00000000   Number         0  entry.o ABSOLUTE
    ../clib/microlib/init/entry.s            0x00000000   Number         0  entry9a.o ABSOLUTE
    ../clib/microlib/init/entry.s            0x00000000   Number         0  entry11a.o ABSOLUTE
    ../clib/microlib/init/entry.s            0x00000000   Number         0  entry8b.o ABSOLUTE
    ../clib/microlib/init/entry.s            0x00000000   Number         0  entry8a.o ABSOLUTE
    ../clib/microlib/init/entry.s            0x00000000   Number         0  entry9b.o ABSOLUTE
    ../clib/microlib/init/entry.s            0x00000000   Number         0  entry10a.o ABSOLUTE
    ../clib/microlib/init/entry.s            0x00000000   Number         0  entry7b.o ABSOLUTE
    ../clib/microlib/init/entry.s            0x00000000   Number         0  entry7a.o ABSOLUTE
    ../clib/microlib/init/entry.s            0x00000000   Number         0  entry5.o ABSOLUTE
    ../clib/microlib/init/entry.s            0x00000000   Number         0  entry10b.o ABSOLUTE
    ../clib/microlib/init/entry.s            0x00000000   Number         0  entry2.o ABSOLUTE
    ../clib/microlib/longlong.c              0x00000000   Number         0  llushr.o ABSOLUTE
    ../clib/microlib/string/memcpy.c         0x00000000   Number         0  memcpyb.o ABSOLUTE
    ../clib/microlib/string/memcpy.c         0x00000000   Number         0  memcpya.o ABSOLUTE
    ../clib/microlib/string/memset.c         0x00000000   Number         0  memset.o ABSOLUTE
    ../clib/microlib/string/memset.c         0x00000000   Number         0  memseta.o ABSOLUTE
    ..\Drivers\STM32F1xx_HAL_Driver\Src\stm32f1xx_hal.c 0x00000000   Number         0  stm32f1xx_hal.o ABSOLUTE
    ..\Drivers\STM32F1xx_HAL_Driver\Src\stm32f1xx_hal_can.c 0x00000000   Number         0  stm32f1xx_hal_can.o ABSOLUTE
    ..\Drivers\STM32F1xx_HAL_Driver\Src\stm32f1xx_hal_cortex.c 0x00000000   Number         0  stm32f1xx_hal_cortex.o ABSOLUTE
    ..\Drivers\STM32F1xx_HAL_Driver\Src\stm32f1xx_hal_dma.c 0x00000000   Number         0  stm32f1xx_hal_dma.o ABSOLUTE
    ..\Drivers\STM32F1xx_HAL_Driver\Src\stm32f1xx_hal_exti.c 0x00000000   Number         0  stm32f1xx_hal_exti.o ABSOLUTE
    ..\Drivers\STM32F1xx_HAL_Driver\Src\stm32f1xx_hal_flash.c 0x00000000   Number         0  stm32f1xx_hal_flash.o ABSOLUTE
    ..\Drivers\STM32F1xx_HAL_Driver\Src\stm32f1xx_hal_flash_ex.c 0x00000000   Number         0  stm32f1xx_hal_flash_ex.o ABSOLUTE
    ..\Drivers\STM32F1xx_HAL_Driver\Src\stm32f1xx_hal_gpio.c 0x00000000   Number         0  stm32f1xx_hal_gpio.o ABSOLUTE
    ..\Drivers\STM32F1xx_HAL_Driver\Src\stm32f1xx_hal_gpio_ex.c 0x00000000   Number         0  stm32f1xx_hal_gpio_ex.o ABSOLUTE
    ..\Drivers\STM32F1xx_HAL_Driver\Src\stm32f1xx_hal_pwr.c 0x00000000   Number         0  stm32f1xx_hal_pwr.o ABSOLUTE
    ..\Drivers\STM32F1xx_HAL_Driver\Src\stm32f1xx_hal_rcc.c 0x00000000   Number         0  stm32f1xx_hal_rcc.o ABSOLUTE
    ..\Drivers\STM32F1xx_HAL_Driver\Src\stm32f1xx_hal_rcc_ex.c 0x00000000   Number         0  stm32f1xx_hal_rcc_ex.o ABSOLUTE
    ..\Drivers\STM32F1xx_HAL_Driver\Src\stm32f1xx_hal_tim.c 0x00000000   Number         0  stm32f1xx_hal_tim.o ABSOLUTE
    ..\Drivers\STM32F1xx_HAL_Driver\Src\stm32f1xx_hal_tim_ex.c 0x00000000   Number         0  stm32f1xx_hal_tim_ex.o ABSOLUTE
    ..\Drivers\STM32F1xx_HAL_Driver\Src\stm32f1xx_hal_uart.c 0x00000000   Number         0  stm32f1xx_hal_uart.o ABSOLUTE
    ..\Middlewares\FreeModbus\modbus\functions\mbfunccoils.c 0x00000000   Number         0  mbfunccoils.o ABSOLUTE
    ..\Middlewares\FreeModbus\modbus\functions\mbfuncdiag.c 0x00000000   Number         0  mbfuncdiag.o ABSOLUTE
    ..\Middlewares\FreeModbus\modbus\functions\mbfuncdisc.c 0x00000000   Number         0  mbfuncdisc.o ABSOLUTE
    ..\Middlewares\FreeModbus\modbus\functions\mbfuncholding.c 0x00000000   Number         0  mbfuncholding.o ABSOLUTE
    ..\Middlewares\FreeModbus\modbus\functions\mbfuncinput.c 0x00000000   Number         0  mbfuncinput.o ABSOLUTE
    ..\Middlewares\FreeModbus\modbus\functions\mbfuncother.c 0x00000000   Number         0  mbfuncother.o ABSOLUTE
    ..\Middlewares\FreeModbus\modbus\functions\mbutils.c 0x00000000   Number         0  mbutils.o ABSOLUTE
    ..\Middlewares\FreeModbus\modbus\mb.c    0x00000000   Number         0  mb.o ABSOLUTE
    ..\Middlewares\FreeModbus\modbus\rtu\mbcrc.c 0x00000000   Number         0  mbcrc.o ABSOLUTE
    ..\Middlewares\FreeModbus\modbus\rtu\mbrtu.c 0x00000000   Number         0  mbrtu.o ABSOLUTE
    ..\Middlewares\FreeModbus\port\rtt\port.c 0x00000000   Number         0  port.o ABSOLUTE
    ..\Middlewares\FreeModbus\port\rtt\portevent.c 0x00000000   Number         0  portevent.o ABSOLUTE
    ..\Middlewares\FreeModbus\port\rtt\portserial.c 0x00000000   Number         0  portserial.o ABSOLUTE
    ..\Middlewares\FreeModbus\port\rtt\porttimer.c 0x00000000   Number         0  porttimer.o ABSOLUTE
    ..\Middlewares\Third_Party\FreeRTOS\Source\CMSIS_RTOS\cmsis_os.c 0x00000000   Number         0  cmsis_os.o ABSOLUTE
    ..\Middlewares\Third_Party\FreeRTOS\Source\portable\RVDS\ARM_CM3\port.c 0x00000000   Number         0  port_1.o ABSOLUTE
    ..\Src\can.c                             0x00000000   Number         0  can.o ABSOLUTE
    ..\Src\freertos.c                        0x00000000   Number         0  freertos.o ABSOLUTE
    ..\Src\gpio.c                            0x00000000   Number         0  gpio.o ABSOLUTE
    ..\Src\main.c                            0x00000000   Number         0  main.o ABSOLUTE
    ..\Src\stm32f1xx_hal_msp.c               0x00000000   Number         0  stm32f1xx_hal_msp.o ABSOLUTE
    ..\Src\stm32f1xx_hal_timebase_tim.c      0x00000000   Number         0  stm32f1xx_hal_timebase_tim.o ABSOLUTE
    ..\Src\stm32f1xx_it.c                    0x00000000   Number         0  stm32f1xx_it.o ABSOLUTE
    ..\Src\system_stm32f1xx.c                0x00000000   Number         0  system_stm32f1xx.o ABSOLUTE
    ..\Src\tim.c                             0x00000000   Number         0  tim.o ABSOLUTE
    ..\Src\usart.c                           0x00000000   Number         0  usart.o ABSOLUTE
    ..\\Middlewares\\FreeModbus\\modbus\\functions\\mbfunccoils.c 0x00000000   Number         0  mbfunccoils.o ABSOLUTE
    ..\\Middlewares\\FreeModbus\\modbus\\functions\\mbfuncdisc.c 0x00000000   Number         0  mbfuncdisc.o ABSOLUTE
    ..\\Middlewares\\FreeModbus\\modbus\\functions\\mbfuncholding.c 0x00000000   Number         0  mbfuncholding.o ABSOLUTE
    ..\\Middlewares\\FreeModbus\\modbus\\functions\\mbfuncinput.c 0x00000000   Number         0  mbfuncinput.o ABSOLUTE
    ..\\Middlewares\\FreeModbus\\modbus\\functions\\mbfuncother.c 0x00000000   Number         0  mbfuncother.o ABSOLUTE
    ..\\Middlewares\\FreeModbus\\modbus\\functions\\mbutils.c 0x00000000   Number         0  mbutils.o ABSOLUTE
    ..\\Middlewares\\FreeModbus\\modbus\\mb.c 0x00000000   Number         0  mb.o ABSOLUTE
    ..\\Middlewares\\FreeModbus\\modbus\\rtu\\mbcrc.c 0x00000000   Number         0  mbcrc.o ABSOLUTE
    ..\\Middlewares\\FreeModbus\\modbus\\rtu\\mbrtu.c 0x00000000   Number         0  mbrtu.o ABSOLUTE
    ..\\Middlewares\\FreeModbus\\port\\rtt\\port.c 0x00000000   Number         0  port.o ABSOLUTE
    ..\\Middlewares\\FreeModbus\\port\\rtt\\portevent.c 0x00000000   Number         0  portevent.o ABSOLUTE
    ..\\Middlewares\\FreeModbus\\port\\rtt\\portserial.c 0x00000000   Number         0  portserial.o ABSOLUTE
    ..\\Middlewares\\FreeModbus\\port\\rtt\\porttimer.c 0x00000000   Number         0  porttimer.o ABSOLUTE
    dc.s                                     0x00000000   Number         0  dc.o ABSOLUTE
    handlers.s                               0x00000000   Number         0  handlers.o ABSOLUTE
    init.s                                   0x00000000   Number         0  init.o ABSOLUTE
    startup_stm32f103xe.s                    0x00000000   Number         0  startup_stm32f103xe.o ABSOLUTE
    RESET                                    0x08000000   Section      304  startup_stm32f103xe.o(RESET)
    .ARM.Collect$$$$00000000                 0x08000130   Section        0  entry.o(.ARM.Collect$$$$00000000)
    .ARM.Collect$$$$00000001                 0x08000130   Section        4  entry2.o(.ARM.Collect$$$$00000001)
    .ARM.Collect$$$$00000004                 0x08000134   Section        4  entry5.o(.ARM.Collect$$$$00000004)
    .ARM.Collect$$$$00000008                 0x08000138   Section        0  entry7b.o(.ARM.Collect$$$$00000008)
    .ARM.Collect$$$$0000000A                 0x08000138   Section        0  entry8b.o(.ARM.Collect$$$$0000000A)
    .ARM.Collect$$$$0000000B                 0x08000138   Section        8  entry9a.o(.ARM.Collect$$$$0000000B)
    .ARM.Collect$$$$0000000D                 0x08000140   Section        0  entry10a.o(.ARM.Collect$$$$0000000D)
    .ARM.Collect$$$$0000000F                 0x08000140   Section        0  entry11a.o(.ARM.Collect$$$$0000000F)
    .ARM.Collect$$$$00002712                 0x08000140   Section        4  entry2.o(.ARM.Collect$$$$00002712)
    __lit__00000000                          0x08000140   Data           4  entry2.o(.ARM.Collect$$$$00002712)
    .emb_text                                0x08000144   Section      150  port_1.o(.emb_text)
    .text                                    0x080001dc   Section       36  startup_stm32f103xe.o(.text)
    .text                                    0x08000200   Section        0  memcpya.o(.text)
    .text                                    0x08000224   Section        0  memseta.o(.text)
    .text                                    0x08000248   Section       36  init.o(.text)
    .text                                    0x0800026c   Section        0  __dczerorl2.o(.text)
    i.BusFault_Handler                       0x080002c2   Section        0  stm32f1xx_it.o(i.BusFault_Handler)
    i.DebugMon_Handler                       0x080002c6   Section        0  stm32f1xx_it.o(i.DebugMon_Handler)
    i.EXTI3_IRQHandler                       0x080002c8   Section        0  stm32f1xx_it.o(i.EXTI3_IRQHandler)
    i.Error_Handler                          0x080002d2   Section        0  main.o(i.Error_Handler)
    i.Flash_ReadParams                       0x080002d4   Section        0  main.o(i.Flash_ReadParams)
    i.HAL_CAN_Init                           0x080002ee   Section        0  stm32f1xx_hal_can.o(i.HAL_CAN_Init)
    i.HAL_CAN_MspInit                        0x08000464   Section        0  can.o(i.HAL_CAN_MspInit)
    i.HAL_DMA_Abort_IT                       0x08000504   Section        0  stm32f1xx_hal_dma.o(i.HAL_DMA_Abort_IT)
    i.HAL_GPIO_EXTI_Callback                 0x080006ac   Section        0  freertos.o(i.HAL_GPIO_EXTI_Callback)
    i.HAL_GPIO_EXTI_IRQHandler               0x08000740   Section        0  stm32f1xx_hal_gpio.o(i.HAL_GPIO_EXTI_IRQHandler)
    i.HAL_GPIO_Init                          0x0800075c   Section        0  stm32f1xx_hal_gpio.o(i.HAL_GPIO_Init)
    i.HAL_GPIO_WritePin                      0x08000a9c   Section        0  stm32f1xx_hal_gpio.o(i.HAL_GPIO_WritePin)
    i.HAL_GetTick                            0x08000aa8   Section        0  stm32f1xx_hal.o(i.HAL_GetTick)
    i.HAL_IncTick                            0x08000ab4   Section        0  stm32f1xx_hal.o(i.HAL_IncTick)
    i.HAL_Init                               0x08000acc   Section        0  stm32f1xx_hal.o(i.HAL_Init)
    i.HAL_InitTick                           0x08000af4   Section        0  stm32f1xx_hal_timebase_tim.o(i.HAL_InitTick)
    i.HAL_MspInit                            0x08000b7c   Section        0  stm32f1xx_hal_msp.o(i.HAL_MspInit)
    i.HAL_NVIC_EnableIRQ                     0x08000bdc   Section        0  stm32f1xx_hal_cortex.o(i.HAL_NVIC_EnableIRQ)
    i.HAL_NVIC_SetPriority                   0x08000bfc   Section        0  stm32f1xx_hal_cortex.o(i.HAL_NVIC_SetPriority)
    i.HAL_NVIC_SetPriorityGrouping           0x08000c78   Section        0  stm32f1xx_hal_cortex.o(i.HAL_NVIC_SetPriorityGrouping)
    i.HAL_RCC_ClockConfig                    0x08000ca0   Section        0  stm32f1xx_hal_rcc.o(i.HAL_RCC_ClockConfig)
    i.HAL_RCC_GetClockConfig                 0x08000e2c   Section        0  stm32f1xx_hal_rcc.o(i.HAL_RCC_GetClockConfig)
    i.HAL_RCC_GetHCLKFreq                    0x08000e70   Section        0  stm32f1xx_hal_rcc.o(i.HAL_RCC_GetHCLKFreq)
    i.HAL_RCC_GetPCLK1Freq                   0x08000e7c   Section        0  stm32f1xx_hal_rcc.o(i.HAL_RCC_GetPCLK1Freq)
    i.HAL_RCC_GetPCLK2Freq                   0x08000e9c   Section        0  stm32f1xx_hal_rcc.o(i.HAL_RCC_GetPCLK2Freq)
    i.HAL_RCC_GetSysClockFreq                0x08000ebc   Section        0  stm32f1xx_hal_rcc.o(i.HAL_RCC_GetSysClockFreq)
    i.HAL_RCC_OscConfig                      0x08000f54   Section        0  stm32f1xx_hal_rcc.o(i.HAL_RCC_OscConfig)
    i.HAL_TIMEx_BreakCallback                0x080013b8   Section        0  stm32f1xx_hal_tim_ex.o(i.HAL_TIMEx_BreakCallback)
    i.HAL_TIMEx_CommutCallback               0x080013ba   Section        0  stm32f1xx_hal_tim_ex.o(i.HAL_TIMEx_CommutCallback)
    i.HAL_TIMEx_MasterConfigSynchronization  0x080013bc   Section        0  stm32f1xx_hal_tim_ex.o(i.HAL_TIMEx_MasterConfigSynchronization)
    i.HAL_TIM_Base_Init                      0x08001410   Section        0  stm32f1xx_hal_tim.o(i.HAL_TIM_Base_Init)
    i.HAL_TIM_Base_MspInit                   0x08001444   Section        0  tim.o(i.HAL_TIM_Base_MspInit)
    i.HAL_TIM_Base_Start_IT                  0x080014bc   Section        0  stm32f1xx_hal_tim.o(i.HAL_TIM_Base_Start_IT)
    i.HAL_TIM_Base_Stop_IT                   0x080014e6   Section        0  stm32f1xx_hal_tim.o(i.HAL_TIM_Base_Stop_IT)
    i.HAL_TIM_ConfigClockSource              0x0800151e   Section        0  stm32f1xx_hal_tim.o(i.HAL_TIM_ConfigClockSource)
    i.HAL_TIM_IC_CaptureCallback             0x08001626   Section        0  stm32f1xx_hal_tim.o(i.HAL_TIM_IC_CaptureCallback)
    i.HAL_TIM_IRQHandler                     0x08001628   Section        0  stm32f1xx_hal_tim.o(i.HAL_TIM_IRQHandler)
    i.HAL_TIM_OC_DelayElapsedCallback        0x080017be   Section        0  stm32f1xx_hal_tim.o(i.HAL_TIM_OC_DelayElapsedCallback)
    i.HAL_TIM_PWM_PulseFinishedCallback      0x080017c0   Section        0  stm32f1xx_hal_tim.o(i.HAL_TIM_PWM_PulseFinishedCallback)
    i.HAL_TIM_PeriodElapsedCallback          0x080017c4   Section        0  main.o(i.HAL_TIM_PeriodElapsedCallback)
    i.HAL_TIM_TriggerCallback                0x080017ec   Section        0  stm32f1xx_hal_tim.o(i.HAL_TIM_TriggerCallback)
    i.HAL_UART_ErrorCallback                 0x080017ee   Section        0  stm32f1xx_hal_uart.o(i.HAL_UART_ErrorCallback)
    i.HAL_UART_IRQHandler                    0x080017f0   Section        0  stm32f1xx_hal_uart.o(i.HAL_UART_IRQHandler)
    i.HAL_UART_Init                          0x0800193c   Section        0  stm32f1xx_hal_uart.o(i.HAL_UART_Init)
    i.HAL_UART_MspInit                       0x080019b0   Section        0  usart.o(i.HAL_UART_MspInit)
    i.HAL_UART_RxCpltCallback                0x08001a44   Section        0  stm32f1xx_hal_uart.o(i.HAL_UART_RxCpltCallback)
    i.HAL_UART_Transmit                      0x08001a46   Section        0  stm32f1xx_hal_uart.o(i.HAL_UART_Transmit)
    i.HAL_UART_TxCpltCallback                0x08001b1c   Section        0  stm32f1xx_hal_uart.o(i.HAL_UART_TxCpltCallback)
    i.HardFault_Handler                      0x08001b1e   Section        0  stm32f1xx_it.o(i.HardFault_Handler)
    i.MX_CAN_Init                            0x08001b24   Section        0  can.o(i.MX_CAN_Init)
    i.MX_FREERTOS_Init                       0x08001b5c   Section        0  freertos.o(i.MX_FREERTOS_Init)
    i.MX_GPIO_Init                           0x08001b84   Section        0  gpio.o(i.MX_GPIO_Init)
    i.MX_TIM2_Init                           0x08001cb4   Section        0  tim.o(i.MX_TIM2_Init)
    i.MX_TIM3_Init                           0x08001d18   Section        0  tim.o(i.MX_TIM3_Init)
    i.MX_USART2_UART_Init                    0x08001d84   Section        0  usart.o(i.MX_USART2_UART_Init)
    i.MemManage_Handler                      0x08001dbc   Section        0  stm32f1xx_it.o(i.MemManage_Handler)
    i.NMI_Handler                            0x08001dc0   Section        0  stm32f1xx_it.o(i.NMI_Handler)
    i.RCC_Delay                              0x08001dc4   Section        0  stm32f1xx_hal_rcc.o(i.RCC_Delay)
    RCC_Delay                                0x08001dc5   Thumb Code    36  stm32f1xx_hal_rcc.o(i.RCC_Delay)
    i.StartDefaultTask                       0x08001dec   Section        0  freertos.o(i.StartDefaultTask)
    i.SysTick_Handler                        0x08001e1c   Section        0  port_1.o(i.SysTick_Handler)
    i.SystemClock_Config                     0x08001e50   Section        0  main.o(i.SystemClock_Config)
    i.SystemInit                             0x08001eb8   Section        0  system_stm32f1xx.o(i.SystemInit)
    i.TIM2_IRQHandler                        0x08001f10   Section        0  stm32f1xx_it.o(i.TIM2_IRQHandler)
    i.TIM3_IRQHandler                        0x08001f5c   Section        0  stm32f1xx_it.o(i.TIM3_IRQHandler)
    i.TIM7_IRQHandler                        0x08001f6c   Section        0  stm32f1xx_it.o(i.TIM7_IRQHandler)
    i.TIM_Base_SetConfig                     0x08001f7c   Section        0  stm32f1xx_hal_tim.o(i.TIM_Base_SetConfig)
    i.TIM_ETR_SetConfig                      0x08002018   Section        0  stm32f1xx_hal_tim.o(i.TIM_ETR_SetConfig)
    i.TIM_ITRx_SetConfig                     0x0800202e   Section        0  stm32f1xx_hal_tim.o(i.TIM_ITRx_SetConfig)
    TIM_ITRx_SetConfig                       0x0800202f   Thumb Code    18  stm32f1xx_hal_tim.o(i.TIM_ITRx_SetConfig)
    i.TIM_TI1_ConfigInputStage               0x08002040   Section        0  stm32f1xx_hal_tim.o(i.TIM_TI1_ConfigInputStage)
    TIM_TI1_ConfigInputStage                 0x08002041   Thumb Code    38  stm32f1xx_hal_tim.o(i.TIM_TI1_ConfigInputStage)
    i.TIM_TI2_ConfigInputStage               0x08002066   Section        0  stm32f1xx_hal_tim.o(i.TIM_TI2_ConfigInputStage)
    TIM_TI2_ConfigInputStage                 0x08002067   Thumb Code    40  stm32f1xx_hal_tim.o(i.TIM_TI2_ConfigInputStage)
    i.UART_DMAAbortOnError                   0x0800208e   Section        0  stm32f1xx_hal_uart.o(i.UART_DMAAbortOnError)
    UART_DMAAbortOnError                     0x0800208f   Thumb Code    20  stm32f1xx_hal_uart.o(i.UART_DMAAbortOnError)
    i.UART_EndRxTransfer                     0x080020a2   Section        0  stm32f1xx_hal_uart.o(i.UART_EndRxTransfer)
    UART_EndRxTransfer                       0x080020a3   Thumb Code    32  stm32f1xx_hal_uart.o(i.UART_EndRxTransfer)
    i.UART_EndTransmit_IT                    0x080020c2   Section        0  stm32f1xx_hal_uart.o(i.UART_EndTransmit_IT)
    UART_EndTransmit_IT                      0x080020c3   Thumb Code    32  stm32f1xx_hal_uart.o(i.UART_EndTransmit_IT)
    i.UART_Receive_IT                        0x080020e2   Section        0  stm32f1xx_hal_uart.o(i.UART_Receive_IT)
    UART_Receive_IT                          0x080020e3   Thumb Code   166  stm32f1xx_hal_uart.o(i.UART_Receive_IT)
    i.UART_SetConfig                         0x08002188   Section        0  stm32f1xx_hal_uart.o(i.UART_SetConfig)
    UART_SetConfig                           0x08002189   Thumb Code   412  stm32f1xx_hal_uart.o(i.UART_SetConfig)
    i.UART_Transmit_IT                       0x08002328   Section        0  stm32f1xx_hal_uart.o(i.UART_Transmit_IT)
    UART_Transmit_IT                         0x08002329   Thumb Code   104  stm32f1xx_hal_uart.o(i.UART_Transmit_IT)
    i.UART_WaitOnFlagUntilTimeout            0x08002390   Section        0  stm32f1xx_hal_uart.o(i.UART_WaitOnFlagUntilTimeout)
    UART_WaitOnFlagUntilTimeout              0x08002391   Thumb Code   108  stm32f1xx_hal_uart.o(i.UART_WaitOnFlagUntilTimeout)
    i.USART2_IRQHandler                      0x080023fc   Section        0  stm32f1xx_it.o(i.USART2_IRQHandler)
    i.UsageFault_Handler                     0x08002470   Section        0  stm32f1xx_it.o(i.UsageFault_Handler)
    i.__NVIC_GetPriorityGrouping             0x08002474   Section        0  stm32f1xx_hal_cortex.o(i.__NVIC_GetPriorityGrouping)
    __NVIC_GetPriorityGrouping               0x08002475   Thumb Code    10  stm32f1xx_hal_cortex.o(i.__NVIC_GetPriorityGrouping)
    i.__NVIC_SetPriority                     0x08002484   Section        0  stm32f1xx_hal_cortex.o(i.__NVIC_SetPriority)
    __NVIC_SetPriority                       0x08002485   Thumb Code    32  stm32f1xx_hal_cortex.o(i.__NVIC_SetPriority)
    i.__scatterload_copy                     0x080024ac   Section       14  handlers.o(i.__scatterload_copy)
    i.__scatterload_null                     0x080024ba   Section        2  handlers.o(i.__scatterload_null)
    i.__scatterload_zeroinit                 0x080024bc   Section       14  handlers.o(i.__scatterload_zeroinit)
    i.eMBEnable                              0x080024cc   Section        0  mb.o(i.eMBEnable)
    i.eMBFuncReadCoils                       0x080024f4   Section        0  mbfunccoils.o(i.eMBFuncReadCoils)
    i.eMBFuncReadDiscreteInputs              0x080025a2   Section        0  mbfuncdisc.o(i.eMBFuncReadDiscreteInputs)
    i.eMBFuncReadHoldingRegister             0x0800264e   Section        0  mbfuncholding.o(i.eMBFuncReadHoldingRegister)
    i.eMBFuncReadInputRegister               0x080026dc   Section        0  mbfuncinput.o(i.eMBFuncReadInputRegister)
    i.eMBFuncReadWriteMultipleHoldingRegister 0x08002768   Section        0  mbfuncholding.o(i.eMBFuncReadWriteMultipleHoldingRegister)
    i.eMBFuncReportSlaveID                   0x0800283c   Section        0  mbfuncother.o(i.eMBFuncReportSlaveID)
    i.eMBFuncWriteCoil                       0x08002864   Section        0  mbfunccoils.o(i.eMBFuncWriteCoil)
    i.eMBFuncWriteHoldingRegister            0x080028d4   Section        0  mbfuncholding.o(i.eMBFuncWriteHoldingRegister)
    i.eMBFuncWriteMultipleCoils              0x08002916   Section        0  mbfunccoils.o(i.eMBFuncWriteMultipleCoils)
    i.eMBFuncWriteMultipleHoldingRegister    0x080029a6   Section        0  mbfuncholding.o(i.eMBFuncWriteMultipleHoldingRegister)
    i.eMBInit                                0x08002a14   Section        0  mb.o(i.eMBInit)
    i.eMBPoll                                0x08002af4   Section        0  mb.o(i.eMBPoll)
    i.eMBRTUInit                             0x08002c20   Section        0  mbrtu.o(i.eMBRTUInit)
    i.eMBRTUReceive                          0x08002c74   Section        0  mbrtu.o(i.eMBRTUReceive)
    i.eMBRTUSend                             0x08002cc0   Section        0  mbrtu.o(i.eMBRTUSend)
    i.eMBRTUStart                            0x08002d4c   Section        0  mbrtu.o(i.eMBRTUStart)
    i.eMBRTUStop                             0x08002d6c   Section        0  mbrtu.o(i.eMBRTUStop)
    i.eMBRegCoilsCB                          0x08002d80   Section        0  freertos.o(i.eMBRegCoilsCB)
    i.eMBRegDiscreteCB                       0x08002d8e   Section        0  freertos.o(i.eMBRegDiscreteCB)
    i.eMBRegHoldingCB                        0x08002d9a   Section        0  freertos.o(i.eMBRegHoldingCB)
    i.eMBRegInputCB                          0x08002dea   Section        0  freertos.o(i.eMBRegInputCB)
    i.main                                   0x08002dfc   Section        0  main.o(i.main)
    i.makeFreeRtosPriority                   0x08002e48   Section        0  cmsis_os.o(i.makeFreeRtosPriority)
    makeFreeRtosPriority                     0x08002e49   Thumb Code    14  cmsis_os.o(i.makeFreeRtosPriority)
    i.osDelay                                0x08002e56   Section        0  cmsis_os.o(i.osDelay)
    i.osKernelStart                          0x08002e6e   Section        0  cmsis_os.o(i.osKernelStart)
    i.osThreadCreate                         0x08002e78   Section        0  cmsis_os.o(i.osThreadCreate)
    i.prvAddCurrentTaskToDelayedList         0x08002ed8   Section        0  tasks.o(i.prvAddCurrentTaskToDelayedList)
    prvAddCurrentTaskToDelayedList           0x08002ed9   Thumb Code   124  tasks.o(i.prvAddCurrentTaskToDelayedList)
    i.prvAddNewTaskToReadyList               0x08002f70   Section        0  tasks.o(i.prvAddNewTaskToReadyList)
    prvAddNewTaskToReadyList                 0x08002f71   Thumb Code   150  tasks.o(i.prvAddNewTaskToReadyList)
    i.prvCheckTasksWaitingTermination        0x08003024   Section        0  tasks.o(i.prvCheckTasksWaitingTermination)
    prvCheckTasksWaitingTermination          0x08003025   Thumb Code    60  tasks.o(i.prvCheckTasksWaitingTermination)
    i.prvDeleteTCB                           0x0800306c   Section        0  tasks.o(i.prvDeleteTCB)
    prvDeleteTCB                             0x0800306d   Thumb Code    80  tasks.o(i.prvDeleteTCB)
    i.prvHeapInit                            0x080030bc   Section        0  heap_4.o(i.prvHeapInit)
    prvHeapInit                              0x080030bd   Thumb Code    98  heap_4.o(i.prvHeapInit)
    i.prvIdleTask                            0x08003138   Section        0  tasks.o(i.prvIdleTask)
    prvIdleTask                              0x08003139   Thumb Code    32  tasks.o(i.prvIdleTask)
    i.prvInitialiseNewTask                   0x08003160   Section        0  tasks.o(i.prvInitialiseNewTask)
    prvInitialiseNewTask                     0x08003161   Thumb Code   170  tasks.o(i.prvInitialiseNewTask)
    i.prvInitialiseTaskLists                 0x0800320c   Section        0  tasks.o(i.prvInitialiseTaskLists)
    prvInitialiseTaskLists                   0x0800320d   Thumb Code    70  tasks.o(i.prvInitialiseTaskLists)
    i.prvInsertBlockIntoFreeList             0x08003274   Section        0  heap_4.o(i.prvInsertBlockIntoFreeList)
    prvInsertBlockIntoFreeList               0x08003275   Thumb Code    96  heap_4.o(i.prvInsertBlockIntoFreeList)
    i.prvResetNextTaskUnblockTime            0x080032dc   Section        0  tasks.o(i.prvResetNextTaskUnblockTime)
    prvResetNextTaskUnblockTime              0x080032dd   Thumb Code    42  tasks.o(i.prvResetNextTaskUnblockTime)
    i.prvTaskExitError                       0x08003310   Section        0  port_1.o(i.prvTaskExitError)
    prvTaskExitError                         0x08003311   Thumb Code    60  port_1.o(i.prvTaskExitError)
    i.prveMBError2Exception                  0x08003350   Section        0  mbutils.o(i.prveMBError2Exception)
    i.pvPortMalloc                           0x08003374   Section        0  heap_4.o(i.pvPortMalloc)
    i.pxPortInitialiseStack                  0x080034b0   Section        0  port_1.o(i.pxPortInitialiseStack)
    i.time_1mS                               0x080034d4   Section        0  freertos.o(i.time_1mS)
    i.usMBCRC16                              0x08003594   Section        0  mbcrc.o(i.usMBCRC16)
    i.uxListRemove                           0x080035cc   Section        0  list.o(i.uxListRemove)
    i.vApplicationGetIdleTaskMemory          0x080035f4   Section        0  freertos.o(i.vApplicationGetIdleTaskMemory)
    i.vListInitialise                        0x0800360c   Section        0  list.o(i.vListInitialise)
    i.vListInitialiseItem                    0x08003626   Section        0  list.o(i.vListInitialiseItem)
    i.vListInsert                            0x0800362c   Section        0  list.o(i.vListInsert)
    i.vListInsertEnd                         0x08003660   Section        0  list.o(i.vListInsertEnd)
    i.vMBPortSerialEnable                    0x08003678   Section        0  portserial.o(i.vMBPortSerialEnable)
    i.vMBPortTimersDisable                   0x080036f4   Section        0  porttimer.o(i.vMBPortTimersDisable)
    i.vMBPortTimersEnable                    0x08003704   Section        0  porttimer.o(i.vMBPortTimersEnable)
    i.vPortEnterCritical                     0x08003724   Section        0  port_1.o(i.vPortEnterCritical)
    i.vPortExitCritical                      0x08003778   Section        0  port_1.o(i.vPortExitCritical)
    i.vPortFree                              0x080037b4   Section        0  heap_4.o(i.vPortFree)
    i.vPortSetupTimerInterrupt               0x08003848   Section        0  port_1.o(i.vPortSetupTimerInterrupt)
    i.vTaskDelay                             0x08003870   Section        0  tasks.o(i.vTaskDelay)
    i.vTaskStartScheduler                    0x080038cc   Section        0  tasks.o(i.vTaskStartScheduler)
    i.vTaskSuspendAll                        0x0800397c   Section        0  tasks.o(i.vTaskSuspendAll)
    i.vTaskSwitchContext                     0x0800398c   Section        0  tasks.o(i.vTaskSwitchContext)
    i.xMBPortEventGet                        0x08003a18   Section        0  portevent.o(i.xMBPortEventGet)
    i.xMBPortEventInit                       0x08003a3c   Section        0  portevent.o(i.xMBPortEventInit)
    i.xMBPortEventPost                       0x08003a4c   Section        0  portevent.o(i.xMBPortEventPost)
    i.xMBPortSerialGetByte                   0x08003a64   Section        0  portserial.o(i.xMBPortSerialGetByte)
    i.xMBPortSerialInit                      0x08003a78   Section        0  portserial.o(i.xMBPortSerialInit)
    i.xMBPortSerialPutByte                   0x08003b00   Section        0  portserial.o(i.xMBPortSerialPutByte)
    i.xMBPortTimersInit                      0x08003b1c   Section        0  porttimer.o(i.xMBPortTimersInit)
    i.xMBRTUReceiveFSM                       0x08003b7c   Section        0  mbrtu.o(i.xMBRTUReceiveFSM)
    i.xMBRTUTimerT35Expired                  0x08003c04   Section        0  mbrtu.o(i.xMBRTUTimerT35Expired)
    i.xMBRTUTransmitFSM                      0x08003c44   Section        0  mbrtu.o(i.xMBRTUTransmitFSM)
    i.xPortStartScheduler                    0x08003cb0   Section        0  port_1.o(i.xPortStartScheduler)
    i.xTaskCreate                            0x08003da8   Section        0  tasks.o(i.xTaskCreate)
    i.xTaskCreateStatic                      0x08003e0c   Section        0  tasks.o(i.xTaskCreateStatic)
    i.xTaskIncrementTick                     0x08003ec4   Section        0  tasks.o(i.xTaskIncrementTick)
    i.xTaskResumeAll                         0x0800400c   Section        0  tasks.o(i.xTaskResumeAll)
    .constdata                               0x08004110   Section      512  mbcrc.o(.constdata)
    aucCRCHi                                 0x08004110   Data         256  mbcrc.o(.constdata)
    aucCRCLo                                 0x08004210   Data         256  mbcrc.o(.constdata)
    .constdata                               0x08004310   Section       28  freertos.o(.constdata)
    .constdata                               0x0800432c   Section       24  system_stm32f1xx.o(.constdata)
    .conststring                             0x08004344   Section       12  freertos.o(.conststring)
    .data                                    0x20000000   Section        2  mbfuncother.o(.data)
    usMBSlaveIDLen                           0x20000000   Data           2  mbfuncother.o(.data)
    .data                                    0x20000004   Section       12  mbrtu.o(.data)
    eSndState                                0x20000004   Data           1  mbrtu.o(.data)
    eRcvState                                0x20000005   Data           1  mbrtu.o(.data)
    pucSndBufferCur                          0x20000008   Data           4  mbrtu.o(.data)
    usSndBufferCount                         0x2000000c   Data           2  mbrtu.o(.data)
    usRcvBufferPos                           0x2000000e   Data           2  mbrtu.o(.data)
    .data                                    0x20000010   Section      181  mb.o(.data)
    ucMBAddress                              0x20000010   Data           1  mb.o(.data)
    eMBCurrentMode                           0x20000011   Data           1  mb.o(.data)
    eMBState                                 0x20000012   Data           1  mb.o(.data)
    peMBFrameSendCur                         0x20000014   Data           4  mb.o(.data)
    pvMBFrameStartCur                        0x20000018   Data           4  mb.o(.data)
    pvMBFrameStopCur                         0x2000001c   Data           4  mb.o(.data)
    peMBFrameReceiveCur                      0x20000020   Data           4  mb.o(.data)
    pvMBFrameCloseCur                        0x20000024   Data           4  mb.o(.data)
    xFuncHandlers                            0x2000003c   Data         128  mb.o(.data)
    ucMBFrame                                0x200000bc   Data           4  mb.o(.data)
    ucRcvAddress                             0x200000c0   Data           1  mb.o(.data)
    ucFunctionCode                           0x200000c1   Data           1  mb.o(.data)
    usLength                                 0x200000c2   Data           2  mb.o(.data)
    eException                               0x200000c4   Data           1  mb.o(.data)
    .data                                    0x200000c5   Section        2  portevent.o(.data)
    eQueuedEvent                             0x200000c5   Data           1  portevent.o(.data)
    xEventInQueue                            0x200000c6   Data           1  portevent.o(.data)
    .data                                    0x200000c8   Section        4  portserial.o(.data)
    .data                                    0x200000cc   Section        4  porttimer.o(.data)
    .data                                    0x200000d0   Section       84  freertos.o(.data)
    .data                                    0x20000124   Section        9  stm32f1xx_hal.o(.data)
    .data                                    0x20000130   Section        4  system_stm32f1xx.o(.data)
    .data                                    0x20000134   Section       60  tasks.o(.data)
    pxDelayedTaskList                        0x20000138   Data           4  tasks.o(.data)
    pxOverflowDelayedTaskList                0x2000013c   Data           4  tasks.o(.data)
    uxDeletedTasksWaitingCleanUp             0x20000140   Data           4  tasks.o(.data)
    uxCurrentNumberOfTasks                   0x20000144   Data           4  tasks.o(.data)
    xTickCount                               0x20000148   Data           4  tasks.o(.data)
    uxTopReadyPriority                       0x2000014c   Data           4  tasks.o(.data)
    xSchedulerRunning                        0x20000150   Data           4  tasks.o(.data)
    uxPendedTicks                            0x20000154   Data           4  tasks.o(.data)
    xYieldPending                            0x20000158   Data           4  tasks.o(.data)
    xNumOfOverflows                          0x2000015c   Data           4  tasks.o(.data)
    uxTaskNumber                             0x20000160   Data           4  tasks.o(.data)
    xNextTaskUnblockTime                     0x20000164   Data           4  tasks.o(.data)
    xIdleTaskHandle                          0x20000168   Data           4  tasks.o(.data)
    uxSchedulerSuspended                     0x2000016c   Data           4  tasks.o(.data)
    .data                                    0x20000170   Section       24  heap_4.o(.data)
    xStart                                   0x20000170   Data           8  heap_4.o(.data)
    pxEnd                                    0x20000178   Data           4  heap_4.o(.data)
    xFreeBytesRemaining                      0x2000017c   Data           4  heap_4.o(.data)
    xMinimumEverFreeBytesRemaining           0x20000180   Data           4  heap_4.o(.data)
    xBlockAllocatedBit                       0x20000184   Data           4  heap_4.o(.data)
    .data                                    0x20000188   Section       12  port_1.o(.data)
    uxCriticalNesting                        0x20000188   Data           4  port_1.o(.data)
    ucMaxSysCallPriority                     0x2000018c   Data           1  port_1.o(.data)
    ulMaxPRIGROUPValue                       0x20000190   Data           4  port_1.o(.data)
    .bss                                     0x20000194   Section       32  mbfuncother.o(.bss)
    ucMBSlaveID                              0x20000194   Data          32  mbfuncother.o(.bss)
    .bss                                     0x200001b4   Section      256  mbrtu.o(.bss)
    .bss                                     0x200002b4   Section       40  main.o(.bss)
    .bss                                     0x200002dc   Section       40  can.o(.bss)
    .bss                                     0x20000304   Section      596  freertos.o(.bss)
    xIdleTaskTCBBuffer                       0x20000304   Data          84  freertos.o(.bss)
    xIdleStack                               0x20000358   Data         512  freertos.o(.bss)
    .bss                                     0x20000558   Section      128  tim.o(.bss)
    .bss                                     0x200005d8   Section       64  usart.o(.bss)
    .bss                                     0x20000618   Section       64  stm32f1xx_hal_timebase_tim.o(.bss)
    .bss                                     0x20000658   Section      240  tasks.o(.bss)
    pxReadyTasksLists                        0x20000658   Data         140  tasks.o(.bss)
    xDelayedTaskList1                        0x200006e4   Data          20  tasks.o(.bss)
    xDelayedTaskList2                        0x200006f8   Data          20  tasks.o(.bss)
    xPendingReadyList                        0x2000070c   Data          20  tasks.o(.bss)
    xTasksWaitingTermination                 0x20000720   Data          20  tasks.o(.bss)
    xSuspendedTaskList                       0x20000734   Data          20  tasks.o(.bss)
    .bss                                     0x20000748   Section     3072  heap_4.o(.bss)
    ucHeap                                   0x20000748   Data        3072  heap_4.o(.bss)
    STACK                                    0x20001348   Section     1024  startup_stm32f103xe.o(STACK)

    Global Symbols

    Symbol Name                              Value     Ov Type        Size  Object(Section)

    BuildAttributes$$THM_ISAv4$P$D$K$B$S$PE$A:L22UL41UL21$X:L11$S22US41US21$IEEE1$IW$USESV6$~STKCKD$USESV7$~SHL$OSPACE$EBA8$MICROLIB$REQ8$PRES8$EABIv2 0x00000000   Number         0  anon$$obj.o ABSOLUTE
    __ARM_use_no_argv                        0x00000000   Number         0  main.o ABSOLUTE
    __cpp_initialize__aeabi_                  - Undefined Weak Reference
    __cxa_finalize                            - Undefined Weak Reference
    _clock_init                               - Undefined Weak Reference
    _microlib_exit                            - Undefined Weak Reference
    __Vectors_Size                           0x00000130   Number         0  startup_stm32f103xe.o ABSOLUTE
    __Vectors                                0x08000000   Data           4  startup_stm32f103xe.o(RESET)
    __Vectors_End                            0x08000130   Data           0  startup_stm32f103xe.o(RESET)
    __main                                   0x08000131   Thumb Code     0  entry.o(.ARM.Collect$$$$00000000)
    _main_stk                                0x08000131   Thumb Code     0  entry2.o(.ARM.Collect$$$$00000001)
    _main_scatterload                        0x08000135   Thumb Code     0  entry5.o(.ARM.Collect$$$$00000004)
    __main_after_scatterload                 0x08000139   Thumb Code     0  entry5.o(.ARM.Collect$$$$00000004)
    _main_clock                              0x08000139   Thumb Code     0  entry7b.o(.ARM.Collect$$$$00000008)
    _main_cpp_init                           0x08000139   Thumb Code     0  entry8b.o(.ARM.Collect$$$$0000000A)
    _main_init                               0x08000139   Thumb Code     0  entry9a.o(.ARM.Collect$$$$0000000B)
    __rt_final_cpp                           0x08000141   Thumb Code     0  entry10a.o(.ARM.Collect$$$$0000000D)
    __rt_final_exit                          0x08000141   Thumb Code     0  entry11a.o(.ARM.Collect$$$$0000000F)
    SVC_Handler                              0x08000145   Thumb Code    32  port_1.o(.emb_text)
    __asm___6_port_c_39a90d8d__prvStartFirstTask 0x08000169   Thumb Code    28  port_1.o(.emb_text)
    PendSV_Handler                           0x08000189   Thumb Code    72  port_1.o(.emb_text)
    vPortGetIPSR                             0x080001d5   Thumb Code     6  port_1.o(.emb_text)
    Reset_Handler                            0x080001dd   Thumb Code     8  startup_stm32f103xe.o(.text)
    ADC1_2_IRQHandler                        0x080001f7   Thumb Code     0  startup_stm32f103xe.o(.text)
    ADC3_IRQHandler                          0x080001f7   Thumb Code     0  startup_stm32f103xe.o(.text)
    CAN1_RX1_IRQHandler                      0x080001f7   Thumb Code     0  startup_stm32f103xe.o(.text)
    CAN1_SCE_IRQHandler                      0x080001f7   Thumb Code     0  startup_stm32f103xe.o(.text)
    DMA1_Channel1_IRQHandler                 0x080001f7   Thumb Code     0  startup_stm32f103xe.o(.text)
    DMA1_Channel2_IRQHandler                 0x080001f7   Thumb Code     0  startup_stm32f103xe.o(.text)
    DMA1_Channel3_IRQHandler                 0x080001f7   Thumb Code     0  startup_stm32f103xe.o(.text)
    DMA1_Channel4_IRQHandler                 0x080001f7   Thumb Code     0  startup_stm32f103xe.o(.text)
    DMA1_Channel5_IRQHandler                 0x080001f7   Thumb Code     0  startup_stm32f103xe.o(.text)
    DMA1_Channel6_IRQHandler                 0x080001f7   Thumb Code     0  startup_stm32f103xe.o(.text)
    DMA1_Channel7_IRQHandler                 0x080001f7   Thumb Code     0  startup_stm32f103xe.o(.text)
    DMA2_Channel1_IRQHandler                 0x080001f7   Thumb Code     0  startup_stm32f103xe.o(.text)
    DMA2_Channel2_IRQHandler                 0x080001f7   Thumb Code     0  startup_stm32f103xe.o(.text)
    DMA2_Channel3_IRQHandler                 0x080001f7   Thumb Code     0  startup_stm32f103xe.o(.text)
    DMA2_Channel4_5_IRQHandler               0x080001f7   Thumb Code     0  startup_stm32f103xe.o(.text)
    EXTI0_IRQHandler                         0x080001f7   Thumb Code     0  startup_stm32f103xe.o(.text)
    EXTI15_10_IRQHandler                     0x080001f7   Thumb Code     0  startup_stm32f103xe.o(.text)
    EXTI1_IRQHandler                         0x080001f7   Thumb Code     0  startup_stm32f103xe.o(.text)
    EXTI2_IRQHandler                         0x080001f7   Thumb Code     0  startup_stm32f103xe.o(.text)
    EXTI4_IRQHandler                         0x080001f7   Thumb Code     0  startup_stm32f103xe.o(.text)
    EXTI9_5_IRQHandler                       0x080001f7   Thumb Code     0  startup_stm32f103xe.o(.text)
    FLASH_IRQHandler                         0x080001f7   Thumb Code     0  startup_stm32f103xe.o(.text)
    FSMC_IRQHandler                          0x080001f7   Thumb Code     0  startup_stm32f103xe.o(.text)
    I2C1_ER_IRQHandler                       0x080001f7   Thumb Code     0  startup_stm32f103xe.o(.text)
    I2C1_EV_IRQHandler                       0x080001f7   Thumb Code     0  startup_stm32f103xe.o(.text)
    I2C2_ER_IRQHandler                       0x080001f7   Thumb Code     0  startup_stm32f103xe.o(.text)
    I2C2_EV_IRQHandler                       0x080001f7   Thumb Code     0  startup_stm32f103xe.o(.text)
    PVD_IRQHandler                           0x080001f7   Thumb Code     0  startup_stm32f103xe.o(.text)
    RCC_IRQHandler                           0x080001f7   Thumb Code     0  startup_stm32f103xe.o(.text)
    RTC_Alarm_IRQHandler                     0x080001f7   Thumb Code     0  startup_stm32f103xe.o(.text)
    RTC_IRQHandler                           0x080001f7   Thumb Code     0  startup_stm32f103xe.o(.text)
    SDIO_IRQHandler                          0x080001f7   Thumb Code     0  startup_stm32f103xe.o(.text)
    SPI1_IRQHandler                          0x080001f7   Thumb Code     0  startup_stm32f103xe.o(.text)
    SPI2_IRQHandler                          0x080001f7   Thumb Code     0  startup_stm32f103xe.o(.text)
    SPI3_IRQHandler                          0x080001f7   Thumb Code     0  startup_stm32f103xe.o(.text)
    TAMPER_IRQHandler                        0x080001f7   Thumb Code     0  startup_stm32f103xe.o(.text)
    TIM1_BRK_IRQHandler                      0x080001f7   Thumb Code     0  startup_stm32f103xe.o(.text)
    TIM1_CC_IRQHandler                       0x080001f7   Thumb Code     0  startup_stm32f103xe.o(.text)
    TIM1_TRG_COM_IRQHandler                  0x080001f7   Thumb Code     0  startup_stm32f103xe.o(.text)
    TIM1_UP_IRQHandler                       0x080001f7   Thumb Code     0  startup_stm32f103xe.o(.text)
    TIM4_IRQHandler                          0x080001f7   Thumb Code     0  startup_stm32f103xe.o(.text)
    TIM5_IRQHandler                          0x080001f7   Thumb Code     0  startup_stm32f103xe.o(.text)
    TIM6_IRQHandler                          0x080001f7   Thumb Code     0  startup_stm32f103xe.o(.text)
    TIM8_BRK_IRQHandler                      0x080001f7   Thumb Code     0  startup_stm32f103xe.o(.text)
    TIM8_CC_IRQHandler                       0x080001f7   Thumb Code     0  startup_stm32f103xe.o(.text)
    TIM8_TRG_COM_IRQHandler                  0x080001f7   Thumb Code     0  startup_stm32f103xe.o(.text)
    TIM8_UP_IRQHandler                       0x080001f7   Thumb Code     0  startup_stm32f103xe.o(.text)
    UART4_IRQHandler                         0x080001f7   Thumb Code     0  startup_stm32f103xe.o(.text)
    UART5_IRQHandler                         0x080001f7   Thumb Code     0  startup_stm32f103xe.o(.text)
    USART1_IRQHandler                        0x080001f7   Thumb Code     0  startup_stm32f103xe.o(.text)
    USART3_IRQHandler                        0x080001f7   Thumb Code     0  startup_stm32f103xe.o(.text)
    USBWakeUp_IRQHandler                     0x080001f7   Thumb Code     0  startup_stm32f103xe.o(.text)
    USB_HP_CAN1_TX_IRQHandler                0x080001f7   Thumb Code     0  startup_stm32f103xe.o(.text)
    USB_LP_CAN1_RX0_IRQHandler               0x080001f7   Thumb Code     0  startup_stm32f103xe.o(.text)
    WWDG_IRQHandler                          0x080001f7   Thumb Code     0  startup_stm32f103xe.o(.text)
    __aeabi_memcpy                           0x08000201   Thumb Code    36  memcpya.o(.text)
    __aeabi_memcpy4                          0x08000201   Thumb Code     0  memcpya.o(.text)
    __aeabi_memcpy8                          0x08000201   Thumb Code     0  memcpya.o(.text)
    __aeabi_memset                           0x08000225   Thumb Code    14  memseta.o(.text)
    __aeabi_memset4                          0x08000225   Thumb Code     0  memseta.o(.text)
    __aeabi_memset8                          0x08000225   Thumb Code     0  memseta.o(.text)
    __aeabi_memclr                           0x08000233   Thumb Code     4  memseta.o(.text)
    __aeabi_memclr4                          0x08000233   Thumb Code     0  memseta.o(.text)
    __aeabi_memclr8                          0x08000233   Thumb Code     0  memseta.o(.text)
    memset                                   0x08000237   Thumb Code    18  memseta.o(.text)
    __scatterload                            0x08000249   Thumb Code    28  init.o(.text)
    __scatterload_rt2                        0x08000249   Thumb Code     0  init.o(.text)
    __decompress                             0x0800026d   Thumb Code     0  __dczerorl2.o(.text)
    __decompress1                            0x0800026d   Thumb Code    86  __dczerorl2.o(.text)
    BusFault_Handler                         0x080002c3   Thumb Code     4  stm32f1xx_it.o(i.BusFault_Handler)
    DebugMon_Handler                         0x080002c7   Thumb Code     2  stm32f1xx_it.o(i.DebugMon_Handler)
    EXTI3_IRQHandler                         0x080002c9   Thumb Code    10  stm32f1xx_it.o(i.EXTI3_IRQHandler)
    Error_Handler                            0x080002d3   Thumb Code     2  main.o(i.Error_Handler)
    Flash_ReadParams                         0x080002d5   Thumb Code    26  main.o(i.Flash_ReadParams)
    HAL_CAN_Init                             0x080002ef   Thumb Code   372  stm32f1xx_hal_can.o(i.HAL_CAN_Init)
    HAL_CAN_MspInit                          0x08000465   Thumb Code   144  can.o(i.HAL_CAN_MspInit)
    HAL_DMA_Abort_IT                         0x08000505   Thumb Code   414  stm32f1xx_hal_dma.o(i.HAL_DMA_Abort_IT)
    HAL_GPIO_EXTI_Callback                   0x080006ad   Thumb Code   140  freertos.o(i.HAL_GPIO_EXTI_Callback)
    HAL_GPIO_EXTI_IRQHandler                 0x08000741   Thumb Code    24  stm32f1xx_hal_gpio.o(i.HAL_GPIO_EXTI_IRQHandler)
    HAL_GPIO_Init                            0x0800075d   Thumb Code   792  stm32f1xx_hal_gpio.o(i.HAL_GPIO_Init)
    HAL_GPIO_WritePin                        0x08000a9d   Thumb Code    12  stm32f1xx_hal_gpio.o(i.HAL_GPIO_WritePin)
    HAL_GetTick                              0x08000aa9   Thumb Code     6  stm32f1xx_hal.o(i.HAL_GetTick)
    HAL_IncTick                              0x08000ab5   Thumb Code    16  stm32f1xx_hal.o(i.HAL_IncTick)
    HAL_Init                                 0x08000acd   Thumb Code    34  stm32f1xx_hal.o(i.HAL_Init)
    HAL_InitTick                             0x08000af5   Thumb Code   118  stm32f1xx_hal_timebase_tim.o(i.HAL_InitTick)
    HAL_MspInit                              0x08000b7d   Thumb Code    86  stm32f1xx_hal_msp.o(i.HAL_MspInit)
    HAL_NVIC_EnableIRQ                       0x08000bdd   Thumb Code    32  stm32f1xx_hal_cortex.o(i.HAL_NVIC_EnableIRQ)
    HAL_NVIC_SetPriority                     0x08000bfd   Thumb Code   124  stm32f1xx_hal_cortex.o(i.HAL_NVIC_SetPriority)
    HAL_NVIC_SetPriorityGrouping             0x08000c79   Thumb Code    32  stm32f1xx_hal_cortex.o(i.HAL_NVIC_SetPriorityGrouping)
    HAL_RCC_ClockConfig                      0x08000ca1   Thumb Code   376  stm32f1xx_hal_rcc.o(i.HAL_RCC_ClockConfig)
    HAL_RCC_GetClockConfig                   0x08000e2d   Thumb Code    58  stm32f1xx_hal_rcc.o(i.HAL_RCC_GetClockConfig)
    HAL_RCC_GetHCLKFreq                      0x08000e71   Thumb Code     6  stm32f1xx_hal_rcc.o(i.HAL_RCC_GetHCLKFreq)
    HAL_RCC_GetPCLK1Freq                     0x08000e7d   Thumb Code    22  stm32f1xx_hal_rcc.o(i.HAL_RCC_GetPCLK1Freq)
    HAL_RCC_GetPCLK2Freq                     0x08000e9d   Thumb Code    22  stm32f1xx_hal_rcc.o(i.HAL_RCC_GetPCLK2Freq)
    HAL_RCC_GetSysClockFreq                  0x08000ebd   Thumb Code   116  stm32f1xx_hal_rcc.o(i.HAL_RCC_GetSysClockFreq)
    HAL_RCC_OscConfig                        0x08000f55   Thumb Code  1114  stm32f1xx_hal_rcc.o(i.HAL_RCC_OscConfig)
    HAL_TIMEx_BreakCallback                  0x080013b9   Thumb Code     2  stm32f1xx_hal_tim_ex.o(i.HAL_TIMEx_BreakCallback)
    HAL_TIMEx_CommutCallback                 0x080013bb   Thumb Code     2  stm32f1xx_hal_tim_ex.o(i.HAL_TIMEx_CommutCallback)
    HAL_TIMEx_MasterConfigSynchronization    0x080013bd   Thumb Code    84  stm32f1xx_hal_tim_ex.o(i.HAL_TIMEx_MasterConfigSynchronization)
    HAL_TIM_Base_Init                        0x08001411   Thumb Code    52  stm32f1xx_hal_tim.o(i.HAL_TIM_Base_Init)
    HAL_TIM_Base_MspInit                     0x08001445   Thumb Code   112  tim.o(i.HAL_TIM_Base_MspInit)
    HAL_TIM_Base_Start_IT                    0x080014bd   Thumb Code    42  stm32f1xx_hal_tim.o(i.HAL_TIM_Base_Start_IT)
    HAL_TIM_Base_Stop_IT                     0x080014e7   Thumb Code    56  stm32f1xx_hal_tim.o(i.HAL_TIM_Base_Stop_IT)
    HAL_TIM_ConfigClockSource                0x0800151f   Thumb Code   264  stm32f1xx_hal_tim.o(i.HAL_TIM_ConfigClockSource)
    HAL_TIM_IC_CaptureCallback               0x08001627   Thumb Code     2  stm32f1xx_hal_tim.o(i.HAL_TIM_IC_CaptureCallback)
    HAL_TIM_IRQHandler                       0x08001629   Thumb Code   406  stm32f1xx_hal_tim.o(i.HAL_TIM_IRQHandler)
    HAL_TIM_OC_DelayElapsedCallback          0x080017bf   Thumb Code     2  stm32f1xx_hal_tim.o(i.HAL_TIM_OC_DelayElapsedCallback)
    HAL_TIM_PWM_PulseFinishedCallback        0x080017c1   Thumb Code     2  stm32f1xx_hal_tim.o(i.HAL_TIM_PWM_PulseFinishedCallback)
    HAL_TIM_PeriodElapsedCallback            0x080017c5   Thumb Code    30  main.o(i.HAL_TIM_PeriodElapsedCallback)
    HAL_TIM_TriggerCallback                  0x080017ed   Thumb Code     2  stm32f1xx_hal_tim.o(i.HAL_TIM_TriggerCallback)
    HAL_UART_ErrorCallback                   0x080017ef   Thumb Code     2  stm32f1xx_hal_uart.o(i.HAL_UART_ErrorCallback)
    HAL_UART_IRQHandler                      0x080017f1   Thumb Code   326  stm32f1xx_hal_uart.o(i.HAL_UART_IRQHandler)
    HAL_UART_Init                            0x0800193d   Thumb Code   114  stm32f1xx_hal_uart.o(i.HAL_UART_Init)
    HAL_UART_MspInit                         0x080019b1   Thumb Code   136  usart.o(i.HAL_UART_MspInit)
    HAL_UART_RxCpltCallback                  0x08001a45   Thumb Code     2  stm32f1xx_hal_uart.o(i.HAL_UART_RxCpltCallback)
    HAL_UART_Transmit                        0x08001a47   Thumb Code   214  stm32f1xx_hal_uart.o(i.HAL_UART_Transmit)
    HAL_UART_TxCpltCallback                  0x08001b1d   Thumb Code     2  stm32f1xx_hal_uart.o(i.HAL_UART_TxCpltCallback)
    HardFault_Handler                        0x08001b1f   Thumb Code     4  stm32f1xx_it.o(i.HardFault_Handler)
    MX_CAN_Init                              0x08001b25   Thumb Code    48  can.o(i.MX_CAN_Init)
    MX_FREERTOS_Init                         0x08001b5d   Thumb Code    30  freertos.o(i.MX_FREERTOS_Init)
    MX_GPIO_Init                             0x08001b85   Thumb Code   284  gpio.o(i.MX_GPIO_Init)
    MX_TIM2_Init                             0x08001cb5   Thumb Code    96  tim.o(i.MX_TIM2_Init)
    MX_TIM3_Init                             0x08001d19   Thumb Code   100  tim.o(i.MX_TIM3_Init)
    MX_USART2_UART_Init                      0x08001d85   Thumb Code    46  usart.o(i.MX_USART2_UART_Init)
    MemManage_Handler                        0x08001dbd   Thumb Code     4  stm32f1xx_it.o(i.MemManage_Handler)
    NMI_Handler                              0x08001dc1   Thumb Code     2  stm32f1xx_it.o(i.NMI_Handler)
    StartDefaultTask                         0x08001ded   Thumb Code    42  freertos.o(i.StartDefaultTask)
    SysTick_Handler                          0x08001e1d   Thumb Code    46  port_1.o(i.SysTick_Handler)
    SystemClock_Config                       0x08001e51   Thumb Code   102  main.o(i.SystemClock_Config)
    SystemInit                               0x08001eb9   Thumb Code    70  system_stm32f1xx.o(i.SystemInit)
    TIM2_IRQHandler                          0x08001f11   Thumb Code    64  stm32f1xx_it.o(i.TIM2_IRQHandler)
    TIM3_IRQHandler                          0x08001f5d   Thumb Code    10  stm32f1xx_it.o(i.TIM3_IRQHandler)
    TIM7_IRQHandler                          0x08001f6d   Thumb Code    10  stm32f1xx_it.o(i.TIM7_IRQHandler)
    TIM_Base_SetConfig                       0x08001f7d   Thumb Code   134  stm32f1xx_hal_tim.o(i.TIM_Base_SetConfig)
    TIM_ETR_SetConfig                        0x08002019   Thumb Code    22  stm32f1xx_hal_tim.o(i.TIM_ETR_SetConfig)
    USART2_IRQHandler                        0x080023fd   Thumb Code   102  stm32f1xx_it.o(i.USART2_IRQHandler)
    UsageFault_Handler                       0x08002471   Thumb Code     4  stm32f1xx_it.o(i.UsageFault_Handler)
    __scatterload_copy                       0x080024ad   Thumb Code    14  handlers.o(i.__scatterload_copy)
    __scatterload_null                       0x080024bb   Thumb Code     2  handlers.o(i.__scatterload_null)
    __scatterload_zeroinit                   0x080024bd   Thumb Code    14  handlers.o(i.__scatterload_zeroinit)
    eMBEnable                                0x080024cd   Thumb Code    32  mb.o(i.eMBEnable)
    eMBFuncReadCoils                         0x080024f5   Thumb Code   174  mbfunccoils.o(i.eMBFuncReadCoils)
    eMBFuncReadDiscreteInputs                0x080025a3   Thumb Code   172  mbfuncdisc.o(i.eMBFuncReadDiscreteInputs)
    eMBFuncReadHoldingRegister               0x0800264f   Thumb Code   142  mbfuncholding.o(i.eMBFuncReadHoldingRegister)
    eMBFuncReadInputRegister                 0x080026dd   Thumb Code   140  mbfuncinput.o(i.eMBFuncReadInputRegister)
    eMBFuncReadWriteMultipleHoldingRegister  0x08002769   Thumb Code   212  mbfuncholding.o(i.eMBFuncReadWriteMultipleHoldingRegister)
    eMBFuncReportSlaveID                     0x0800283d   Thumb Code    30  mbfuncother.o(i.eMBFuncReportSlaveID)
    eMBFuncWriteCoil                         0x08002865   Thumb Code   112  mbfunccoils.o(i.eMBFuncWriteCoil)
    eMBFuncWriteHoldingRegister              0x080028d5   Thumb Code    66  mbfuncholding.o(i.eMBFuncWriteHoldingRegister)
    eMBFuncWriteMultipleCoils                0x08002917   Thumb Code   144  mbfunccoils.o(i.eMBFuncWriteMultipleCoils)
    eMBFuncWriteMultipleHoldingRegister      0x080029a7   Thumb Code   110  mbfuncholding.o(i.eMBFuncWriteMultipleHoldingRegister)
    eMBInit                                  0x08002a15   Thumb Code   150  mb.o(i.eMBInit)
    eMBPoll                                  0x08002af5   Thumb Code   260  mb.o(i.eMBPoll)
    eMBRTUInit                               0x08002c21   Thumb Code    80  mbrtu.o(i.eMBRTUInit)
    eMBRTUReceive                            0x08002c75   Thumb Code    66  mbrtu.o(i.eMBRTUReceive)
    eMBRTUSend                               0x08002cc1   Thumb Code   120  mbrtu.o(i.eMBRTUSend)
    eMBRTUStart                              0x08002d4d   Thumb Code    26  mbrtu.o(i.eMBRTUStart)
    eMBRTUStop                               0x08002d6d   Thumb Code    20  mbrtu.o(i.eMBRTUStop)
    eMBRegCoilsCB                            0x08002d81   Thumb Code    14  freertos.o(i.eMBRegCoilsCB)
    eMBRegDiscreteCB                         0x08002d8f   Thumb Code    12  freertos.o(i.eMBRegDiscreteCB)
    eMBRegHoldingCB                          0x08002d9b   Thumb Code    80  freertos.o(i.eMBRegHoldingCB)
    eMBRegInputCB                            0x08002deb   Thumb Code    16  freertos.o(i.eMBRegInputCB)
    main                                     0x08002dfd   Thumb Code    66  main.o(i.main)
    osDelay                                  0x08002e57   Thumb Code    24  cmsis_os.o(i.osDelay)
    osKernelStart                            0x08002e6f   Thumb Code    10  cmsis_os.o(i.osKernelStart)
    osThreadCreate                           0x08002e79   Thumb Code    94  cmsis_os.o(i.osThreadCreate)
    prveMBError2Exception                    0x08003351   Thumb Code    34  mbutils.o(i.prveMBError2Exception)
    pvPortMalloc                             0x08003375   Thumb Code   296  heap_4.o(i.pvPortMalloc)
    pxPortInitialiseStack                    0x080034b1   Thumb Code    30  port_1.o(i.pxPortInitialiseStack)
    time_1mS                                 0x080034d5   Thumb Code   188  freertos.o(i.time_1mS)
    usMBCRC16                                0x08003595   Thumb Code    48  mbcrc.o(i.usMBCRC16)
    uxListRemove                             0x080035cd   Thumb Code    40  list.o(i.uxListRemove)
    vApplicationGetIdleTaskMemory            0x080035f5   Thumb Code    14  freertos.o(i.vApplicationGetIdleTaskMemory)
    vListInitialise                          0x0800360d   Thumb Code    26  list.o(i.vListInitialise)
    vListInitialiseItem                      0x08003627   Thumb Code     6  list.o(i.vListInitialiseItem)
    vListInsert                              0x0800362d   Thumb Code    52  list.o(i.vListInsert)
    vListInsertEnd                           0x08003661   Thumb Code    24  list.o(i.vListInsertEnd)
    vMBPortSerialEnable                      0x08003679   Thumb Code   116  portserial.o(i.vMBPortSerialEnable)
    vMBPortTimersDisable                     0x080036f5   Thumb Code    10  porttimer.o(i.vMBPortTimersDisable)
    vMBPortTimersEnable                      0x08003705   Thumb Code    18  porttimer.o(i.vMBPortTimersEnable)
    vPortEnterCritical                       0x08003725   Thumb Code    76  port_1.o(i.vPortEnterCritical)
    vPortExitCritical                        0x08003779   Thumb Code    56  port_1.o(i.vPortExitCritical)
    vPortFree                                0x080037b5   Thumb Code   140  heap_4.o(i.vPortFree)
    vPortSetupTimerInterrupt                 0x08003849   Thumb Code    36  port_1.o(i.vPortSetupTimerInterrupt)
    vTaskDelay                               0x08003871   Thumb Code    82  tasks.o(i.vTaskDelay)
    vTaskStartScheduler                      0x080038cd   Thumb Code   146  tasks.o(i.vTaskStartScheduler)
    vTaskSuspendAll                          0x0800397d   Thumb Code    12  tasks.o(i.vTaskSuspendAll)
    vTaskSwitchContext                       0x0800398d   Thumb Code   118  tasks.o(i.vTaskSwitchContext)
    xMBPortEventGet                          0x08003a19   Thumb Code    26  portevent.o(i.xMBPortEventGet)
    xMBPortEventInit                         0x08003a3d   Thumb Code    10  portevent.o(i.xMBPortEventInit)
    xMBPortEventPost                         0x08003a4d   Thumb Code    16  portevent.o(i.xMBPortEventPost)
    xMBPortSerialGetByte                     0x08003a65   Thumb Code    16  portserial.o(i.xMBPortSerialGetByte)
    xMBPortSerialInit                        0x08003a79   Thumb Code   126  portserial.o(i.xMBPortSerialInit)
    xMBPortSerialPutByte                     0x08003b01   Thumb Code    22  portserial.o(i.xMBPortSerialPutByte)
    xMBPortTimersInit                        0x08003b1d   Thumb Code    82  porttimer.o(i.xMBPortTimersInit)
    xMBRTUReceiveFSM                         0x08003b7d   Thumb Code   122  mbrtu.o(i.xMBRTUReceiveFSM)
    xMBRTUTimerT35Expired                    0x08003c05   Thumb Code    60  mbrtu.o(i.xMBRTUTimerT35Expired)
    xMBRTUTransmitFSM                        0x08003c45   Thumb Code    94  mbrtu.o(i.xMBRTUTransmitFSM)
    xPortStartScheduler                      0x08003cb1   Thumb Code   228  port_1.o(i.xPortStartScheduler)
    xTaskCreate                              0x08003da9   Thumb Code   100  tasks.o(i.xTaskCreate)
    xTaskCreateStatic                        0x08003e0d   Thumb Code   184  tasks.o(i.xTaskCreateStatic)
    xTaskIncrementTick                       0x08003ec5   Thumb Code   282  tasks.o(i.xTaskIncrementTick)
    xTaskResumeAll                           0x0800400d   Thumb Code   224  tasks.o(i.xTaskResumeAll)
    AHBPrescTable                            0x0800432c   Data          16  system_stm32f1xx.o(.constdata)
    APBPrescTable                            0x0800433c   Data           8  system_stm32f1xx.o(.constdata)
    Region$$Table$$Base                      0x08004350   Number         0  anon$$obj.o(Region$$Table)
    Region$$Table$$Limit                     0x08004370   Number         0  anon$$obj.o(Region$$Table)
    pxMBFrameCBByteReceived                  0x20000028   Data           4  mb.o(.data)
    pxMBFrameCBTransmitterEmpty              0x2000002c   Data           4  mb.o(.data)
    pxMBPortCBTimerExpired                   0x20000030   Data           4  mb.o(.data)
    pxMBFrameCBReceiveFSMCur                 0x20000034   Data           4  mb.o(.data)
    pxMBFrameCBTransmitFSMCur                0x20000038   Data           4  mb.o(.data)
    serial                                   0x200000c8   Data           4  portserial.o(.data)
    timeout                                  0x200000cc   Data           2  porttimer.o(.data)
    downcounter                              0x200000ce   Data           2  porttimer.o(.data)
    Out                                      0x200000d0   Data          80  freertos.o(.data)
    defaultTaskHandle                        0x20000120   Data           4  freertos.o(.data)
    uwTick                                   0x20000124   Data           4  stm32f1xx_hal.o(.data)
    uwTickPrio                               0x20000128   Data           4  stm32f1xx_hal.o(.data)
    uwTickFreq                               0x2000012c   Data           1  stm32f1xx_hal.o(.data)
    SystemCoreClock                          0x20000130   Data           4  system_stm32f1xx.o(.data)
    pxCurrentTCB                             0x20000134   Data           4  tasks.o(.data)
    ucRTUBuf                                 0x200001b4   Data         256  mbrtu.o(.bss)
    Settings                                 0x200002b4   Data          40  main.o(.bss)
    hcan                                     0x200002dc   Data          40  can.o(.bss)
    htim2                                    0x20000558   Data          64  tim.o(.bss)
    htim3                                    0x20000598   Data          64  tim.o(.bss)
    huart2                                   0x200005d8   Data          64  usart.o(.bss)
    htim7                                    0x20000618   Data          64  stm32f1xx_hal_timebase_tim.o(.bss)
    __initial_sp                             0x20001748   Data           0  startup_stm32f103xe.o(STACK)



==============================================================================

Memory Map of the image

  Image Entry point : 0x08000131

  Load Region LR_IROM1 (Base: 0x08000000, Size: 0x00004504, Max: 0x00040000, ABSOLUTE, COMPRESSED[0x000043d8])

    Execution Region ER_IROM1 (Exec base: 0x08000000, Load base: 0x08000000, Size: 0x00004370, Max: 0x00040000, ABSOLUTE)

    Exec Addr    Load Addr    Size         Type   Attr      Idx    E Section Name        Object

    0x08000000   0x08000000   0x00000130   Data   RO            3    RESET               startup_stm32f103xe.o
    0x08000130   0x08000130   0x00000000   Code   RO         5062  * .ARM.Collect$$$$00000000  mc_w.l(entry.o)
    0x08000130   0x08000130   0x00000004   Code   RO         5075    .ARM.Collect$$$$00000001  mc_w.l(entry2.o)
    0x08000134   0x08000134   0x00000004   Code   RO         5078    .ARM.Collect$$$$00000004  mc_w.l(entry5.o)
    0x08000138   0x08000138   0x00000000   Code   RO         5080    .ARM.Collect$$$$00000008  mc_w.l(entry7b.o)
    0x08000138   0x08000138   0x00000000   Code   RO         5082    .ARM.Collect$$$$0000000A  mc_w.l(entry8b.o)
    0x08000138   0x08000138   0x00000008   Code   RO         5083    .ARM.Collect$$$$0000000B  mc_w.l(entry9a.o)
    0x08000140   0x08000140   0x00000000   Code   RO         5085    .ARM.Collect$$$$0000000D  mc_w.l(entry10a.o)
    0x08000140   0x08000140   0x00000000   Code   RO         5087    .ARM.Collect$$$$0000000F  mc_w.l(entry11a.o)
    0x08000140   0x08000140   0x00000004   Code   RO         5076    .ARM.Collect$$$$00002712  mc_w.l(entry2.o)
    0x08000144   0x08000144   0x00000096   Code   RO         4985    .emb_text           port_1.o
    0x080001da   0x080001da   0x00000002   PAD
    0x080001dc   0x080001dc   0x00000024   Code   RO            4    .text               startup_stm32f103xe.o
    0x08000200   0x08000200   0x00000024   Code   RO         5067    .text               mc_w.l(memcpya.o)
    0x08000224   0x08000224   0x00000024   Code   RO         5071    .text               mc_w.l(memseta.o)
    0x08000248   0x08000248   0x00000024   Code   RO         5089    .text               mc_w.l(init.o)
    0x0800026c   0x0800026c   0x00000056   Code   RO         5099    .text               mc_w.l(__dczerorl2.o)
    0x080002c2   0x080002c2   0x00000004   Code   RO         1052    i.BusFault_Handler  stm32f1xx_it.o
    0x080002c6   0x080002c6   0x00000002   Code   RO         1053    i.DebugMon_Handler  stm32f1xx_it.o
    0x080002c8   0x080002c8   0x0000000a   Code   RO         1054    i.EXTI3_IRQHandler  stm32f1xx_it.o
    0x080002d2   0x080002d2   0x00000002   Code   RO          665    i.Error_Handler     main.o
    0x080002d4   0x080002d4   0x0000001a   Code   RO          667    i.Flash_ReadParams  main.o
    0x080002ee   0x080002ee   0x00000174   Code   RO         1253    i.HAL_CAN_Init      stm32f1xx_hal_can.o
    0x08000462   0x08000462   0x00000002   PAD
    0x08000464   0x08000464   0x000000a0   Code   RO          834    i.HAL_CAN_MspInit   can.o
    0x08000504   0x08000504   0x000001a8   Code   RO         1858    i.HAL_DMA_Abort_IT  stm32f1xx_hal_dma.o
    0x080006ac   0x080006ac   0x00000094   Code   RO          875    i.HAL_GPIO_EXTI_Callback  freertos.o
    0x08000740   0x08000740   0x0000001c   Code   RO         1792    i.HAL_GPIO_EXTI_IRQHandler  stm32f1xx_hal_gpio.o
    0x0800075c   0x0800075c   0x00000340   Code   RO         1793    i.HAL_GPIO_Init     stm32f1xx_hal_gpio.o
    0x08000a9c   0x08000a9c   0x0000000c   Code   RO         1797    i.HAL_GPIO_WritePin  stm32f1xx_hal_gpio.o
    0x08000aa8   0x08000aa8   0x0000000c   Code   RO         1484    i.HAL_GetTick       stm32f1xx_hal.o
    0x08000ab4   0x08000ab4   0x00000018   Code   RO         1490    i.HAL_IncTick       stm32f1xx_hal.o
    0x08000acc   0x08000acc   0x00000028   Code   RO         1491    i.HAL_Init          stm32f1xx_hal.o
    0x08000af4   0x08000af4   0x00000088   Code   RO         1164    i.HAL_InitTick      stm32f1xx_hal_timebase_tim.o
    0x08000b7c   0x08000b7c   0x00000060   Code   RO         1140    i.HAL_MspInit       stm32f1xx_hal_msp.o
    0x08000bdc   0x08000bdc   0x00000020   Code   RO         1953    i.HAL_NVIC_EnableIRQ  stm32f1xx_hal_cortex.o
    0x08000bfc   0x08000bfc   0x0000007c   Code   RO         1959    i.HAL_NVIC_SetPriority  stm32f1xx_hal_cortex.o
    0x08000c78   0x08000c78   0x00000028   Code   RO         1960    i.HAL_NVIC_SetPriorityGrouping  stm32f1xx_hal_cortex.o
    0x08000ca0   0x08000ca0   0x0000018c   Code   RO         1648    i.HAL_RCC_ClockConfig  stm32f1xx_hal_rcc.o
    0x08000e2c   0x08000e2c   0x00000044   Code   RO         1652    i.HAL_RCC_GetClockConfig  stm32f1xx_hal_rcc.o
    0x08000e70   0x08000e70   0x0000000c   Code   RO         1653    i.HAL_RCC_GetHCLKFreq  stm32f1xx_hal_rcc.o
    0x08000e7c   0x08000e7c   0x00000020   Code   RO         1655    i.HAL_RCC_GetPCLK1Freq  stm32f1xx_hal_rcc.o
    0x08000e9c   0x08000e9c   0x00000020   Code   RO         1656    i.HAL_RCC_GetPCLK2Freq  stm32f1xx_hal_rcc.o
    0x08000ebc   0x08000ebc   0x00000098   Code   RO         1657    i.HAL_RCC_GetSysClockFreq  stm32f1xx_hal_rcc.o
    0x08000f54   0x08000f54   0x00000464   Code   RO         1660    i.HAL_RCC_OscConfig  stm32f1xx_hal_rcc.o
    0x080013b8   0x080013b8   0x00000002   Code   RO         3167    i.HAL_TIMEx_BreakCallback  stm32f1xx_hal_tim_ex.o
    0x080013ba   0x080013ba   0x00000002   Code   RO         3168    i.HAL_TIMEx_CommutCallback  stm32f1xx_hal_tim_ex.o
    0x080013bc   0x080013bc   0x00000054   Code   RO         3185    i.HAL_TIMEx_MasterConfigSynchronization  stm32f1xx_hal_tim_ex.o
    0x08001410   0x08001410   0x00000034   Code   RO         2481    i.HAL_TIM_Base_Init  stm32f1xx_hal_tim.o
    0x08001444   0x08001444   0x00000078   Code   RO          963    i.HAL_TIM_Base_MspInit  tim.o
    0x080014bc   0x080014bc   0x0000002a   Code   RO         2486    i.HAL_TIM_Base_Start_IT  stm32f1xx_hal_tim.o
    0x080014e6   0x080014e6   0x00000038   Code   RO         2489    i.HAL_TIM_Base_Stop_IT  stm32f1xx_hal_tim.o
    0x0800151e   0x0800151e   0x00000108   Code   RO         2490    i.HAL_TIM_ConfigClockSource  stm32f1xx_hal_tim.o
    0x08001626   0x08001626   0x00000002   Code   RO         2510    i.HAL_TIM_IC_CaptureCallback  stm32f1xx_hal_tim.o
    0x08001628   0x08001628   0x00000196   Code   RO         2524    i.HAL_TIM_IRQHandler  stm32f1xx_hal_tim.o
    0x080017be   0x080017be   0x00000002   Code   RO         2527    i.HAL_TIM_OC_DelayElapsedCallback  stm32f1xx_hal_tim.o
    0x080017c0   0x080017c0   0x00000002   Code   RO         2554    i.HAL_TIM_PWM_PulseFinishedCallback  stm32f1xx_hal_tim.o
    0x080017c2   0x080017c2   0x00000002   PAD
    0x080017c4   0x080017c4   0x00000028   Code   RO          668    i.HAL_TIM_PeriodElapsedCallback  main.o
    0x080017ec   0x080017ec   0x00000002   Code   RO         2567    i.HAL_TIM_TriggerCallback  stm32f1xx_hal_tim.o
    0x080017ee   0x080017ee   0x00000002   Code   RO         3439    i.HAL_UART_ErrorCallback  stm32f1xx_hal_uart.o
    0x080017f0   0x080017f0   0x0000014c   Code   RO         3442    i.HAL_UART_IRQHandler  stm32f1xx_hal_uart.o
    0x0800193c   0x0800193c   0x00000072   Code   RO         3443    i.HAL_UART_Init     stm32f1xx_hal_uart.o
    0x080019ae   0x080019ae   0x00000002   PAD
    0x080019b0   0x080019b0   0x00000094   Code   RO         1011    i.HAL_UART_MspInit  usart.o
    0x08001a44   0x08001a44   0x00000002   Code   RO         3449    i.HAL_UART_RxCpltCallback  stm32f1xx_hal_uart.o
    0x08001a46   0x08001a46   0x000000d6   Code   RO         3451    i.HAL_UART_Transmit  stm32f1xx_hal_uart.o
    0x08001b1c   0x08001b1c   0x00000002   Code   RO         3454    i.HAL_UART_TxCpltCallback  stm32f1xx_hal_uart.o
    0x08001b1e   0x08001b1e   0x00000004   Code   RO         1055    i.HardFault_Handler  stm32f1xx_it.o
    0x08001b22   0x08001b22   0x00000002   PAD
    0x08001b24   0x08001b24   0x00000038   Code   RO          835    i.MX_CAN_Init       can.o
    0x08001b5c   0x08001b5c   0x00000028   Code   RO          876    i.MX_FREERTOS_Init  freertos.o
    0x08001b84   0x08001b84   0x00000130   Code   RO          809    i.MX_GPIO_Init      gpio.o
    0x08001cb4   0x08001cb4   0x00000064   Code   RO          964    i.MX_TIM2_Init      tim.o
    0x08001d18   0x08001d18   0x0000006c   Code   RO          965    i.MX_TIM3_Init      tim.o
    0x08001d84   0x08001d84   0x00000038   Code   RO         1012    i.MX_USART2_UART_Init  usart.o
    0x08001dbc   0x08001dbc   0x00000004   Code   RO         1056    i.MemManage_Handler  stm32f1xx_it.o
    0x08001dc0   0x08001dc0   0x00000002   Code   RO         1057    i.NMI_Handler       stm32f1xx_it.o
    0x08001dc2   0x08001dc2   0x00000002   PAD
    0x08001dc4   0x08001dc4   0x00000028   Code   RO         1661    i.RCC_Delay         stm32f1xx_hal_rcc.o
    0x08001dec   0x08001dec   0x00000030   Code   RO          877    i.StartDefaultTask  freertos.o
    0x08001e1c   0x08001e1c   0x00000034   Code   RO         4986    i.SysTick_Handler   port_1.o
    0x08001e50   0x08001e50   0x00000066   Code   RO          669    i.SystemClock_Config  main.o
    0x08001eb6   0x08001eb6   0x00000002   PAD
    0x08001eb8   0x08001eb8   0x00000058   Code   RO         3750    i.SystemInit        system_stm32f1xx.o
    0x08001f10   0x08001f10   0x0000004c   Code   RO         1058    i.TIM2_IRQHandler   stm32f1xx_it.o
    0x08001f5c   0x08001f5c   0x00000010   Code   RO         1059    i.TIM3_IRQHandler   stm32f1xx_it.o
    0x08001f6c   0x08001f6c   0x00000010   Code   RO         1060    i.TIM7_IRQHandler   stm32f1xx_it.o
    0x08001f7c   0x08001f7c   0x0000009c   Code   RO         2569    i.TIM_Base_SetConfig  stm32f1xx_hal_tim.o
    0x08002018   0x08002018   0x00000016   Code   RO         2580    i.TIM_ETR_SetConfig  stm32f1xx_hal_tim.o
    0x0800202e   0x0800202e   0x00000012   Code   RO         2581    i.TIM_ITRx_SetConfig  stm32f1xx_hal_tim.o
    0x08002040   0x08002040   0x00000026   Code   RO         2587    i.TIM_TI1_ConfigInputStage  stm32f1xx_hal_tim.o
    0x08002066   0x08002066   0x00000028   Code   RO         2589    i.TIM_TI2_ConfigInputStage  stm32f1xx_hal_tim.o
    0x0800208e   0x0800208e   0x00000014   Code   RO         3456    i.UART_DMAAbortOnError  stm32f1xx_hal_uart.o
    0x080020a2   0x080020a2   0x00000020   Code   RO         3466    i.UART_EndRxTransfer  stm32f1xx_hal_uart.o
    0x080020c2   0x080020c2   0x00000020   Code   RO         3467    i.UART_EndTransmit_IT  stm32f1xx_hal_uart.o
    0x080020e2   0x080020e2   0x000000a6   Code   RO         3469    i.UART_Receive_IT   stm32f1xx_hal_uart.o
    0x08002188   0x08002188   0x000001a0   Code   RO         3470    i.UART_SetConfig    stm32f1xx_hal_uart.o
    0x08002328   0x08002328   0x00000068   Code   RO         3471    i.UART_Transmit_IT  stm32f1xx_hal_uart.o
    0x08002390   0x08002390   0x0000006c   Code   RO         3472    i.UART_WaitOnFlagUntilTimeout  stm32f1xx_hal_uart.o
    0x080023fc   0x080023fc   0x00000074   Code   RO         1061    i.USART2_IRQHandler  stm32f1xx_it.o
    0x08002470   0x08002470   0x00000004   Code   RO         1062    i.UsageFault_Handler  stm32f1xx_it.o
    0x08002474   0x08002474   0x00000010   Code   RO         1966    i.__NVIC_GetPriorityGrouping  stm32f1xx_hal_cortex.o
    0x08002484   0x08002484   0x00000028   Code   RO         1967    i.__NVIC_SetPriority  stm32f1xx_hal_cortex.o
    0x080024ac   0x080024ac   0x0000000e   Code   RO         5093    i.__scatterload_copy  mc_w.l(handlers.o)
    0x080024ba   0x080024ba   0x00000002   Code   RO         5094    i.__scatterload_null  mc_w.l(handlers.o)
    0x080024bc   0x080024bc   0x0000000e   Code   RO         5095    i.__scatterload_zeroinit  mc_w.l(handlers.o)
    0x080024ca   0x080024ca   0x00000002   PAD
    0x080024cc   0x080024cc   0x00000028   Code   RO          443    i.eMBEnable         mb.o
    0x080024f4   0x080024f4   0x000000ae   Code   RO           13    i.eMBFuncReadCoils  mbfunccoils.o
    0x080025a2   0x080025a2   0x000000ac   Code   RO          174    i.eMBFuncReadDiscreteInputs  mbfuncdisc.o
    0x0800264e   0x0800264e   0x0000008e   Code   RO          198    i.eMBFuncReadHoldingRegister  mbfuncholding.o
    0x080026dc   0x080026dc   0x0000008c   Code   RO          240    i.eMBFuncReadInputRegister  mbfuncinput.o
    0x08002768   0x08002768   0x000000d4   Code   RO          199    i.eMBFuncReadWriteMultipleHoldingRegister  mbfuncholding.o
    0x0800283c   0x0800283c   0x00000028   Code   RO          264    i.eMBFuncReportSlaveID  mbfuncother.o
    0x08002864   0x08002864   0x00000070   Code   RO           14    i.eMBFuncWriteCoil  mbfunccoils.o
    0x080028d4   0x080028d4   0x00000042   Code   RO          200    i.eMBFuncWriteHoldingRegister  mbfuncholding.o
    0x08002916   0x08002916   0x00000090   Code   RO           15    i.eMBFuncWriteMultipleCoils  mbfunccoils.o
    0x080029a6   0x080029a6   0x0000006e   Code   RO          201    i.eMBFuncWriteMultipleHoldingRegister  mbfuncholding.o
    0x08002a14   0x08002a14   0x000000e0   Code   RO          444    i.eMBInit           mb.o
    0x08002af4   0x08002af4   0x0000012c   Code   RO          445    i.eMBPoll           mb.o
    0x08002c20   0x08002c20   0x00000054   Code   RO          365    i.eMBRTUInit        mbrtu.o
    0x08002c74   0x08002c74   0x0000004c   Code   RO          366    i.eMBRTUReceive     mbrtu.o
    0x08002cc0   0x08002cc0   0x0000008c   Code   RO          367    i.eMBRTUSend        mbrtu.o
    0x08002d4c   0x08002d4c   0x00000020   Code   RO          368    i.eMBRTUStart       mbrtu.o
    0x08002d6c   0x08002d6c   0x00000014   Code   RO          369    i.eMBRTUStop        mbrtu.o
    0x08002d80   0x08002d80   0x0000000e   Code   RO          878    i.eMBRegCoilsCB     freertos.o
    0x08002d8e   0x08002d8e   0x0000000c   Code   RO          879    i.eMBRegDiscreteCB  freertos.o
    0x08002d9a   0x08002d9a   0x00000050   Code   RO          880    i.eMBRegHoldingCB   freertos.o
    0x08002dea   0x08002dea   0x00000010   Code   RO          881    i.eMBRegInputCB     freertos.o
    0x08002dfa   0x08002dfa   0x00000002   PAD
    0x08002dfc   0x08002dfc   0x0000004c   Code   RO          675    i.main              main.o
    0x08002e48   0x08002e48   0x0000000e   Code   RO         4557    i.makeFreeRtosPriority  cmsis_os.o
    0x08002e56   0x08002e56   0x00000018   Code   RO         4559    i.osDelay           cmsis_os.o
    0x08002e6e   0x08002e6e   0x0000000a   Code   RO         4562    i.osKernelStart     cmsis_os.o
    0x08002e78   0x08002e78   0x0000005e   Code   RO         4596    i.osThreadCreate    cmsis_os.o
    0x08002ed6   0x08002ed6   0x00000002   PAD
    0x08002ed8   0x08002ed8   0x00000098   Code   RO         4243    i.prvAddCurrentTaskToDelayedList  tasks.o
    0x08002f70   0x08002f70   0x000000b4   Code   RO         4244    i.prvAddNewTaskToReadyList  tasks.o
    0x08003024   0x08003024   0x00000048   Code   RO         4245    i.prvCheckTasksWaitingTermination  tasks.o
    0x0800306c   0x0800306c   0x00000050   Code   RO         4246    i.prvDeleteTCB      tasks.o
    0x080030bc   0x080030bc   0x0000007c   Code   RO         4924    i.prvHeapInit       heap_4.o
    0x08003138   0x08003138   0x00000028   Code   RO         4247    i.prvIdleTask       tasks.o
    0x08003160   0x08003160   0x000000aa   Code   RO         4248    i.prvInitialiseNewTask  tasks.o
    0x0800320a   0x0800320a   0x00000002   PAD
    0x0800320c   0x0800320c   0x00000068   Code   RO         4249    i.prvInitialiseTaskLists  tasks.o
    0x08003274   0x08003274   0x00000068   Code   RO         4925    i.prvInsertBlockIntoFreeList  heap_4.o
    0x080032dc   0x080032dc   0x00000034   Code   RO         4250    i.prvResetNextTaskUnblockTime  tasks.o
    0x08003310   0x08003310   0x00000040   Code   RO         4987    i.prvTaskExitError  port_1.o
    0x08003350   0x08003350   0x00000022   Code   RO          297    i.prveMBError2Exception  mbutils.o
    0x08003372   0x08003372   0x00000002   PAD
    0x08003374   0x08003374   0x0000013c   Code   RO         4926    i.pvPortMalloc      heap_4.o
    0x080034b0   0x080034b0   0x00000024   Code   RO         4988    i.pxPortInitialiseStack  port_1.o
    0x080034d4   0x080034d4   0x000000c0   Code   RO          882    i.time_1mS          freertos.o
    0x08003594   0x08003594   0x00000038   Code   RO          333    i.usMBCRC16         mbcrc.o
    0x080035cc   0x080035cc   0x00000028   Code   RO         3881    i.uxListRemove      list.o
    0x080035f4   0x080035f4   0x00000018   Code   RO          883    i.vApplicationGetIdleTaskMemory  freertos.o
    0x0800360c   0x0800360c   0x0000001a   Code   RO         3882    i.vListInitialise   list.o
    0x08003626   0x08003626   0x00000006   Code   RO         3883    i.vListInitialiseItem  list.o
    0x0800362c   0x0800362c   0x00000034   Code   RO         3884    i.vListInsert       list.o
    0x08003660   0x08003660   0x00000018   Code   RO         3885    i.vListInsertEnd    list.o
    0x08003678   0x08003678   0x0000007c   Code   RO          574    i.vMBPortSerialEnable  portserial.o
    0x080036f4   0x080036f4   0x00000010   Code   RO          625    i.vMBPortTimersDisable  porttimer.o
    0x08003704   0x08003704   0x00000020   Code   RO          626    i.vMBPortTimersEnable  porttimer.o
    0x08003724   0x08003724   0x00000054   Code   RO         4990    i.vPortEnterCritical  port_1.o
    0x08003778   0x08003778   0x0000003c   Code   RO         4991    i.vPortExitCritical  port_1.o
    0x080037b4   0x080037b4   0x00000094   Code   RO         4927    i.vPortFree         heap_4.o
    0x08003848   0x08003848   0x00000028   Code   RO         4992    i.vPortSetupTimerInterrupt  port_1.o
    0x08003870   0x08003870   0x0000005c   Code   RO         4258    i.vTaskDelay        tasks.o
    0x080038cc   0x080038cc   0x000000b0   Code   RO         4271    i.vTaskStartScheduler  tasks.o
    0x0800397c   0x0800397c   0x00000010   Code   RO         4273    i.vTaskSuspendAll   tasks.o
    0x0800398c   0x0800398c   0x0000008c   Code   RO         4274    i.vTaskSwitchContext  tasks.o
    0x08003a18   0x08003a18   0x00000024   Code   RO          535    i.xMBPortEventGet   portevent.o
    0x08003a3c   0x08003a3c   0x00000010   Code   RO          536    i.xMBPortEventInit  portevent.o
    0x08003a4c   0x08003a4c   0x00000018   Code   RO          537    i.xMBPortEventPost  portevent.o
    0x08003a64   0x08003a64   0x00000014   Code   RO          575    i.xMBPortSerialGetByte  portserial.o
    0x08003a78   0x08003a78   0x00000088   Code   RO          576    i.xMBPortSerialInit  portserial.o
    0x08003b00   0x08003b00   0x0000001c   Code   RO          577    i.xMBPortSerialPutByte  portserial.o
    0x08003b1c   0x08003b1c   0x00000060   Code   RO          627    i.xMBPortTimersInit  porttimer.o
    0x08003b7c   0x08003b7c   0x00000088   Code   RO          370    i.xMBRTUReceiveFSM  mbrtu.o
    0x08003c04   0x08003c04   0x00000040   Code   RO          371    i.xMBRTUTimerT35Expired  mbrtu.o
    0x08003c44   0x08003c44   0x0000006c   Code   RO          372    i.xMBRTUTransmitFSM  mbrtu.o
    0x08003cb0   0x08003cb0   0x000000f8   Code   RO         4994    i.xPortStartScheduler  port_1.o
    0x08003da8   0x08003da8   0x00000064   Code   RO         4276    i.xTaskCreate       tasks.o
    0x08003e0c   0x08003e0c   0x000000b8   Code   RO         4277    i.xTaskCreateStatic  tasks.o
    0x08003ec4   0x08003ec4   0x00000148   Code   RO         4284    i.xTaskIncrementTick  tasks.o
    0x0800400c   0x0800400c   0x00000104   Code   RO         4290    i.xTaskResumeAll    tasks.o
    0x08004110   0x08004110   0x00000200   Data   RO          334    .constdata          mbcrc.o
    0x08004310   0x08004310   0x0000001c   Data   RO          885    .constdata          freertos.o
    0x0800432c   0x0800432c   0x00000018   Data   RO         3751    .constdata          system_stm32f1xx.o
    0x08004344   0x08004344   0x0000000c   Data   RO          886    .conststring        freertos.o
    0x08004350   0x08004350   0x00000020   Data   RO         5091    Region$$Table       anon$$obj.o


    Execution Region RW_IRAM1 (Exec base: 0x20000000, Load base: 0x08004370, Size: 0x00001748, Max: 0x0000c000, ABSOLUTE, COMPRESSED[0x00000068])

    Exec Addr    Load Addr    Size         Type   Attr      Idx    E Section Name        Object

    0x20000000   COMPRESSED   0x00000002   Data   RW          267    .data               mbfuncother.o
    0x20000002   COMPRESSED   0x00000002   PAD
    0x20000004   COMPRESSED   0x0000000c   Data   RW          374    .data               mbrtu.o
    0x20000010   COMPRESSED   0x000000b5   Data   RW          447    .data               mb.o
    0x200000c5   COMPRESSED   0x00000002   Data   RW          538    .data               portevent.o
    0x200000c7   COMPRESSED   0x00000001   PAD
    0x200000c8   COMPRESSED   0x00000004   Data   RW          578    .data               portserial.o
    0x200000cc   COMPRESSED   0x00000004   Data   RW          628    .data               porttimer.o
    0x200000d0   COMPRESSED   0x00000054   Data   RW          887    .data               freertos.o
    0x20000124   COMPRESSED   0x00000009   Data   RW         1498    .data               stm32f1xx_hal.o
    0x2000012d   COMPRESSED   0x00000003   PAD
    0x20000130   COMPRESSED   0x00000004   Data   RW         3752    .data               system_stm32f1xx.o
    0x20000134   COMPRESSED   0x0000003c   Data   RW         4293    .data               tasks.o
    0x20000170   COMPRESSED   0x00000018   Data   RW         4932    .data               heap_4.o
    0x20000188   COMPRESSED   0x0000000c   Data   RW         4995    .data               port_1.o
    0x20000194        -       0x00000020   Zero   RW          266    .bss                mbfuncother.o
    0x200001b4        -       0x00000100   Zero   RW          373    .bss                mbrtu.o
    0x200002b4        -       0x00000028   Zero   RW          676    .bss                main.o
    0x200002dc        -       0x00000028   Zero   RW          836    .bss                can.o
    0x20000304        -       0x00000254   Zero   RW          884    .bss                freertos.o
    0x20000558        -       0x00000080   Zero   RW          966    .bss                tim.o
    0x200005d8        -       0x00000040   Zero   RW         1013    .bss                usart.o
    0x20000618        -       0x00000040   Zero   RW         1167    .bss                stm32f1xx_hal_timebase_tim.o
    0x20000658        -       0x000000f0   Zero   RW         4292    .bss                tasks.o
    0x20000748        -       0x00000c00   Zero   RW         4931    .bss                heap_4.o
    0x20001348        -       0x00000400   Zero   RW            1    STACK               startup_stm32f103xe.o


==============================================================================

Image component sizes


      Code (inc. data)   RO Data    RW Data    ZI Data      Debug   Object Name

       216         24          0          0         40       1539   can.o
       142          0          0          0          0      21855   cmsis_os.o
         0          0          0          0          0      16616   event_groups.o
       574         38         40         84        596       6036   freertos.o
       304         20          0          0          0        947   gpio.o
       692         62          0         24       3072       7055   heap_4.o
       148          0          0          0          0       3266   list.o
       246         20          0          0         40      33678   main.o
       564        122          0        181          0       4807   mb.o
        56          8        512          0          0       1756   mbcrc.o
       430          0          0          0          0     502564   mbfunccoils.o
       172          0          0          0          0       1640   mbfuncdisc.o
       530          0          0          0          0       5063   mbfuncholding.o
       140          0          0          0          0       1591   mbfuncinput.o
        40         10          0          2         32       1411   mbfuncother.o
       660         72          0         12        256       6191   mbrtu.o
        34          0          0          0          0        584   mbutils.o
       734         64          0         12          0      10104   port_1.o
        76         24          0          2          0       2140   portevent.o
       308         28          0          4          0       3206   portserial.o
       144         34          0          4          0       1891   porttimer.o
        36          8        304          0       1024        776   startup_stm32f103xe.o
        76         20          0          9          0       5082   stm32f1xx_hal.o
       372          0          0          0          0       1255   stm32f1xx_hal_can.o
       252         22          0          0          0      28518   stm32f1xx_hal_cortex.o
       424         10          0          0          0       1171   stm32f1xx_hal_dma.o
       872         44          0          0          0       3187   stm32f1xx_hal_gpio.o
        96         10          0          0          0        818   stm32f1xx_hal_msp.o
      1856        124          0          0          0       6389   stm32f1xx_hal_rcc.o
      1102         22          0          0          0       9282   stm32f1xx_hal_tim.o
        88          0          0          0          0       2253   stm32f1xx_hal_tim_ex.o
       136         18          0          0         64       1363   stm32f1xx_hal_timebase_tim.o
      1544         10          0          0          0       8891   stm32f1xx_hal_uart.o
       254         38          0          0          0       5297   stm32f1xx_it.o
         0          0          0          0          0        392   stream_buffer.o
        88         18         24          4          0       1079   system_stm32f1xx.o
      2146        270          0         60        240      16513   tasks.o
       328         20          0          0        128       2131   tim.o
       204         22          0          0         64       1522   usart.o

    ----------------------------------------------------------------------
     16106       1182        912        404       5556     729859   Object Totals
         0          0         32          0          0          0   (incl. Generated)
        22          0          0          6          0          0   (incl. Padding)

    ----------------------------------------------------------------------

      Code (inc. data)   RO Data    RW Data    ZI Data      Debug   Library Member Name

        86          0          0          0          0          0   __dczerorl2.o
         0          0          0          0          0          0   entry.o
         0          0          0          0          0          0   entry10a.o
         0          0          0          0          0          0   entry11a.o
         8          4          0          0          0          0   entry2.o
         4          0          0          0          0          0   entry5.o
         0          0          0          0          0          0   entry7b.o
         0          0          0          0          0          0   entry8b.o
         8          4          0          0          0          0   entry9a.o
        30          0          0          0          0          0   handlers.o
        36          8          0          0          0         68   init.o
        36          0          0          0          0         68   memcpya.o
        36          0          0          0          0        108   memseta.o

    ----------------------------------------------------------------------
       246         16          0          0          0        244   Library Totals
         2          0          0          0          0          0   (incl. Padding)

    ----------------------------------------------------------------------

      Code (inc. data)   RO Data    RW Data    ZI Data      Debug   Library Name

       244         16          0          0          0        244   mc_w.l

    ----------------------------------------------------------------------
       246         16          0          0          0        244   Library Totals

    ----------------------------------------------------------------------

==============================================================================


      Code (inc. data)   RO Data    RW Data    ZI Data      Debug   

     16352       1198        912        404       5556     722379   Grand Totals
     16352       1198        912        104       5556     722379   ELF Image Totals (compressed)
     16352       1198        912        104          0          0   ROM Totals

==============================================================================

    Total RO  Size (Code + RO Data)                17264 (  16.86kB)
    Total RW  Size (RW Data + ZI Data)              5960 (   5.82kB)
    Total ROM Size (Code + RO Data + RW Data)      17368 (  16.96kB)

==============================================================================

